<html>
<body>
<pre>
<h1>礦ision Build Log</h1>
<h2>Tool Versions:</h2>
IDE-Version: μVision V5.21.1.0
Copyright (C) 2016 ARM Ltd and ARM Germany GmbH. All rights reserved.
License Information: 22 2, 2, LIC=V8574-FX1HY-WJD6K-ZW231-GH9ED-JW8K9
 
Tool Versions:
Toolchain:       MDK-ARM Professional  Version: 5.21a
Toolchain Path:  H:\MDK5\ARM\ARMCC\Bin
C Compiler:      Armcc.exe V5.06 update 3 (build 300)
Assembler:       Armasm.exe V5.06 update 3 (build 300)
Linker/Locator:  ArmLink.exe V5.06 update 3 (build 300)
Library Manager: ArmAr.exe V5.06 update 3 (build 300)
Hex Converter:   FromElf.exe V5.06 update 3 (build 300)
CPU DLL:         SARMCM3.DLL V5.21a
Dialog DLL:      DCM.DLL V1.13.8.0
Target DLL:      Segger\JL2CM3.dll V2.99.23.0
Dialog DLL:      TCM.DLL V1.14.14.0
 
<h2>Project:</h2>
H:\大创\Gimbalnuaa_std\F407STD\USER\RM_AHRS_gimbal.uvprojx
Project File Date:  02/08/2018

<h2>Output:</h2>
*** Using Compiler 'V5.06 update 3 (build 300)', folder: 'H:\MDK5\ARM\ARMCC\Bin'
Build target 'LED'
compiling system_stm32f4xx.c...
compiling stm32f4xx_it.c...
compiling main.c...
..\HARDWARE\pwm\pwm.h(17): warning:  #1295-D: Deprecated declaration pwmtest - give arg types
  void pwmtest();
main.c: 1 warning, 0 errors
compiling niming.c...
compiling time.c...
compiling scheduler.c...
compiling svpwm.c...
..\HARDWARE\bgcpid\svpwm.c(12): warning:  #177-D: variable "pwmMotorDriverInitDone" was declared but never referenced
  static int pwmMotorDriverInitDone = false;
..\HARDWARE\bgcpid\svpwm.c(17): warning:  #177-D: variable "rollPhase" was declared but never referenced
  static int rollPhase[3], pitchPhase[3], yawPhase[3];
..\HARDWARE\bgcpid\svpwm.c(17): warning:  #177-D: variable "pitchPhase" was declared but never referenced
  static int rollPhase[3], pitchPhase[3], yawPhase[3];
..\HARDWARE\bgcpid\svpwm.c(17): warning:  #177-D: variable "yawPhase" was declared but never referenced
  static int rollPhase[3], pitchPhase[3], yawPhase[3];
..\HARDWARE\bgcpid\svpwm.c: 4 warnings, 0 errors
compiling pid.c...
compiling utilities.c...
compiling timer.c...
compiling led.c...
compiling imu.c...
compiling mpu6050_driver.c...
compiling mpu6050_i2c.c...
compiling mpu6050_interrupt.c...
compiling Driver_ESP8266.c...
..\HARDWARE\ESP8266\Driver_ESP8266.c(204): warning:  #1215-D: #warning directive: decoding is not finished!!!
  #warning decoding is not finished!!!
..\HARDWARE\ESP8266\Driver_ESP8266.c: 1 warning, 0 errors
compiling StringDecoding.c...
compiling DMA.c...
DMA.c(107): warning:  #1-D: last line of file ends without a newline
  }
DMA.c: 1 warning, 0 errors
compiling UART.c...
compiling delay.c...
compiling pwm.c...
..\HARDWARE\pwm\pwm.h(17): warning:  #1295-D: Deprecated declaration pwmtest - give arg types
  void pwmtest();
..\HARDWARE\pwm\pwm.c: 1 warning, 0 errors
compiling misc.c...
compiling sys.c...
compiling usart.c...
compiling stm32f4xx_gpio.c...
compiling stm32f4xx_syscfg.c...
compiling stm32f4xx_rcc.c...
compiling stm32f4xx_adc.c...
compiling stm32f4xx_usart.c...
compiling stm32f4xx_exti.c...
compiling stm32f4xx_spi.c...
compiling stm32f4xx_dma.c...
compiling stm32f4xx_tim.c...
compiling stm32f4xx_crc.c...
compiling stm32f4xx_dma2d.c...
compiling stm32f4xx_can.c...
compiling stm32f4xx_cryp_des.c...
compiling stm32f4xx_cryp.c...
compiling stm32f4xx_cryp_aes.c...
compiling stm32f4xx_cryp_tdes.c...
compiling stm32f4xx_dac.c...
compiling stm32f4xx_dbgmcu.c...
compiling stm32f4xx_dcmi.c...
compiling stm32f4xx_flash_ramfunc.c...
compiling stm32f4xx_flash.c...
compiling stm32f4xx_hash_md5.c...
compiling stm32f4xx_hash.c...
compiling stm32f4xx_fsmc.c...
compiling stm32f4xx_iwdg.c...
compiling stm32f4xx_hash_sha1.c...
compiling stm32f4xx_i2c.c...
compiling stm32f4xx_rng.c...
compiling stm32f4xx_pwr.c...
compiling stm32f4xx_ltdc.c...
compiling stm32f4xx_sai.c...
compiling stm32f4xx_sdio.c...
compiling stm32f4xx_rtc.c...
compiling stm32f4xx_wwdg.c...
linking...
Program Size: Code=23144 RO-data=872 RW-data=216 ZI-data=4416  
FromELF: creating hex file...
"..\OBJ\LED.axf" - 0 Error(s), 8 Warning(s).

<h2>Collection of Component include folders:</h2>
  H:\大创\Gimbalnuaa_std\F407STD\USER\RTE
  H:\MDK5\ARM\PACK\Keil\STM32F4xx_DFP\2.11.0\Drivers\CMSIS\Device\ST\STM32F4xx\Include

<h2>Collection of Component Files used:</h2>
Build Time Elapsed:  00:00:31
</pre>
</body>
</html>
