Component: ARM Compiler 5.06 update 3 (build 300) Tool: armlink [4d35c9]

==============================================================================

Section Cross References

    main.o(i.main) refers to misc.o(i.NVIC_PriorityGroupConfig) for NVIC_PriorityGroupConfig
    main.o(i.main) refers to usart.o(i.uart_init) for uart_init
    main.o(i.main) refers to delay.o(i.delay_init) for delay_init
    main.o(i.main) refers to timer.o(i.TIM2_Configuration) for TIM2_Configuration
    main.o(i.main) refers to mpu6050_driver.o(i.MPU6050_Initialize) for MPU6050_Initialize
    main.o(i.main) refers to mpu6050_interrupt.o(i.MPU6050_IntConfiguration) for MPU6050_IntConfiguration
    main.o(i.main) refers to mpu6050_driver.o(i.MPU6050_EnableInt) for MPU6050_EnableInt
    main.o(i.main) refers to pwm.o(i.TIM3_PWM_Init) for TIM3_PWM_Init
    main.o(i.main) refers to time.o(i.SysTick_Configuration) for SysTick_Configuration
    main.o(i.main) refers to time.o(i.Cycle_Time_Init) for Cycle_Time_Init
    main.o(i.main) refers to svpwm.o(i.initSinArray) for initSinArray
    main.o(i.main) refers to pwm.o(i.pwmtest) for pwmtest
    main.o(i.main) refers to scheduler.o(i.Duty_Loop) for Duty_Loop
    main.o(i.main) refers to time.o(.data) for sysTickUptime
    main.o(i.main) refers to main.o(.data) for system_micrsecond
    stm32f4xx_it.o(i.SysTick_Handler) refers to time.o(i.sys_time) for sys_time
    stm32f4xx_it.o(i.SysTick_Handler) refers to time.o(.data) for sysTickUptime
    system_stm32f4xx.o(i.SystemCoreClockUpdate) refers to system_stm32f4xx.o(.data) for SystemCoreClock
    system_stm32f4xx.o(i.SystemInit) refers to system_stm32f4xx.o(i.SetSysClock) for SetSysClock
    niming.o(i.mpu6050_send_data) refers to niming.o(i.usart1_niming_report) for usart1_niming_report
    niming.o(i.usart1_niming_report) refers to niming.o(i.usart1_send_char) for usart1_send_char
    niming.o(i.usart1_report_imu) refers to niming.o(i.usart1_niming_report) for usart1_niming_report
    niming.o(i.usart1_send_char) refers to stm32f4xx_usart.o(i.USART_GetFlagStatus) for USART_GetFlagStatus
    niming.o(i.usart1_send_char) refers to stm32f4xx_usart.o(i.USART_SendData) for USART_SendData
    scheduler.o(i.Duty_2ms) refers to _printf_percent.o(.ARM.Collect$$_printf_percent$$00000000) for _printf_percent
    scheduler.o(i.Duty_2ms) refers to _printf_f.o(.ARM.Collect$$_printf_percent$$00000003) for _printf_f
    scheduler.o(i.Duty_2ms) refers to printf1.o(x$fpl$printf1) for _printf_fp_dec
    scheduler.o(i.Duty_2ms) refers to imu.o(i.GetPitchYawGxGyGz) for GetPitchYawGxGyGz
    scheduler.o(i.Duty_2ms) refers to imu.o(i.IMU_getYawPitchRoll) for IMU_getYawPitchRoll
    scheduler.o(i.Duty_2ms) refers to f2d.o(x$fpl$f2d) for __aeabi_f2d
    scheduler.o(i.Duty_2ms) refers to noretval__2printf.o(.text) for __2printf
    scheduler.o(i.Duty_2ms) refers to niming.o(i.usart1_report_imu) for usart1_report_imu
    scheduler.o(i.Duty_2ms) refers to mpu6050_interrupt.o(.data) for isMPU6050_is_DRY
    scheduler.o(i.Duty_2ms) refers to imu.o(.bss) for angle
    scheduler.o(i.Duty_50ms) refers to scheduler.o(.data) for i
    scheduler.o(i.Duty_Loop) refers to scheduler.o(i.Duty_1ms) for Duty_1ms
    scheduler.o(i.Duty_Loop) refers to scheduler.o(i.Duty_2ms) for Duty_2ms
    scheduler.o(i.Duty_Loop) refers to scheduler.o(i.Duty_5ms) for Duty_5ms
    scheduler.o(i.Duty_Loop) refers to scheduler.o(i.Duty_10ms) for Duty_10ms
    scheduler.o(i.Duty_Loop) refers to scheduler.o(i.Duty_20ms) for Duty_20ms
    scheduler.o(i.Duty_Loop) refers to scheduler.o(i.Duty_50ms) for Duty_50ms
    scheduler.o(i.Duty_Loop) refers to scheduler.o(.bss) for loop
    scheduler.o(i.Duty_Loop) refers to time.o(.data) for time_1ms
    scheduler.o(i.Duty_Loop) refers to scheduler.o(.data) for loop_cnt
    scheduler.o(i.Loop_check) refers to scheduler.o(.bss) for loop
    time.o(i.Cycle_Time_Init) refers to time.o(i.Get_Cycle_T) for Get_Cycle_T
    time.o(i.GetSysTime_us) refers to time.o(.data) for sysTickUptime
    time.o(i.Get_Cycle_T) refers to time.o(i.GetSysTime_us) for GetSysTime_us
    time.o(i.Get_Cycle_T) refers to time.o(.bss) for Cycle_T
    time.o(i.SysTick_Configuration) refers to stm32f4xx_rcc.o(i.RCC_GetClocksFreq) for RCC_GetClocksFreq
    time.o(i.SysTick_Configuration) refers to misc.o(i.SysTick_CLKSourceConfig) for SysTick_CLKSourceConfig
    time.o(i.sys_time) refers to scheduler.o(i.Loop_check) for Loop_check
    time.o(i.sys_time) refers to main.o(.data) for Init_Finish
    time.o(i.sys_time) refers to time.o(.data) for time_1ms
    pid.o(i.initPID) refers to pid.o(.data) for rc
    pid.o(i.initPID) refers to pid.o(.bss) for eepromConfig
    pid.o(i.setPIDintegralError) refers to pid.o(.bss) for eepromConfig
    pid.o(i.setPIDstates) refers to pid.o(.bss) for eepromConfig
    pid.o(i.updatePID) refers to utilities.o(i.standardRadianFormat) for standardRadianFormat
    pid.o(i.updatePID) refers to utilities.o(i.constrain) for constrain
[...]
    i.__mathlib_flt_infnan                   0x080047e8   Section        0  funder.o(i.__mathlib_flt_infnan)
    i.__mathlib_flt_invalid                  0x080047f0   Section        0  funder.o(i.__mathlib_flt_invalid)
    i.__mathlib_flt_underflow                0x08004800   Section        0  funder.o(i.__mathlib_flt_underflow)
    i.__mathlib_rredf2                       0x08004810   Section        0  rredf.o(i.__mathlib_rredf2)
    i._sys_exit                              0x08004964   Section        0  usart.o(i._sys_exit)
    i.atan                                   0x08004968   Section        0  atan.o(i.atan)
    i.delay_init                             0x08004978   Section        0  delay.o(i.delay_init)
    i.delay_ms                               0x080049b4   Section        0  delay.o(i.delay_ms)
    i.delay_xms                              0x080049ec   Section        0  delay.o(i.delay_xms)
    i.fabs                                   0x08004a38   Section        0  fabs.o(i.fabs)
    i.fputc                                  0x08004a50   Section        0  usart.o(i.fputc)
    i.initSinArray                           0x08004a6c   Section        0  svpwm.o(i.initSinArray)
    i.invSqrt                                0x08004af4   Section        0  imu.o(i.invSqrt)
    i.main                                   0x08004b30   Section        0  main.o(i.main)
    i.pwmtest                                0x08004b94   Section        0  pwm.o(i.pwmtest)
    i.sqrt                                   0x08004bb4   Section        0  sqrt.o(i.sqrt)
    i.sys_time                               0x08004c24   Section        0  time.o(i.sys_time)
    i.uart_init                              0x08004cb8   Section        0  usart.o(i.uart_init)
    i.usart1_niming_report                   0x08004d64   Section        0  niming.o(i.usart1_niming_report)
    i.usart1_report_imu                      0x08004dda   Section        0  niming.o(i.usart1_report_imu)
    i.usart1_send_char                       0x08004e9c   Section        0  niming.o(i.usart1_send_char)
    locale$$code                             0x08004ebc   Section       44  lc_numeric_c.o(locale$$code)
    x$fpl$basic                              0x08004ee8   Section       24  basic.o(x$fpl$basic)
    $v0                                      0x08004ee8   Number         0  basic.o(x$fpl$basic)
    x$fpl$d2f                                0x08004f00   Section       98  d2f.o(x$fpl$d2f)
    $v0                                      0x08004f00   Number         0  d2f.o(x$fpl$d2f)
    x$fpl$dadd                               0x08004f64   Section      336  daddsub_clz.o(x$fpl$dadd)
    $v0                                      0x08004f64   Number         0  daddsub_clz.o(x$fpl$dadd)
    _dadd1                                   0x08004f75   Thumb Code     0  daddsub_clz.o(x$fpl$dadd)
    x$fpl$dcmpinf                            0x080050b4   Section       24  dcmpi.o(x$fpl$dcmpinf)
    $v0                                      0x080050b4   Number         0  dcmpi.o(x$fpl$dcmpinf)
    x$fpl$ddiv                               0x080050cc   Section      688  ddiv.o(x$fpl$ddiv)
    $v0                                      0x080050cc   Number         0  ddiv.o(x$fpl$ddiv)
    ddiv_entry                               0x080050d3   Thumb Code     0  ddiv.o(x$fpl$ddiv)
    x$fpl$dfix                               0x0800537c   Section       94  dfix.o(x$fpl$dfix)
    $v0                                      0x0800537c   Number         0  dfix.o(x$fpl$dfix)
    x$fpl$dleqf                              0x080053dc   Section      120  dleqf.o(x$fpl$dleqf)
    $v0                                      0x080053dc   Number         0  dleqf.o(x$fpl$dleqf)
    x$fpl$dmul                               0x08005454   Section      340  dmul.o(x$fpl$dmul)
    $v0                                      0x08005454   Number         0  dmul.o(x$fpl$dmul)
    x$fpl$dnaninf                            0x080055a8   Section      156  dnaninf.o(x$fpl$dnaninf)
    $v0                                      0x080055a8   Number         0  dnaninf.o(x$fpl$dnaninf)
    x$fpl$dretinf                            0x08005644   Section       12  dretinf.o(x$fpl$dretinf)
    $v0                                      0x08005644   Number         0  dretinf.o(x$fpl$dretinf)
    x$fpl$drleqf                             0x08005650   Section      108  drleqf.o(x$fpl$drleqf)
    $v0                                      0x08005650   Number         0  drleqf.o(x$fpl$drleqf)
    x$fpl$drnd                               0x080056bc   Section      180  drnd.o(x$fpl$drnd)
    $v0                                      0x080056bc   Number         0  drnd.o(x$fpl$drnd)
    x$fpl$drsb                               0x08005770   Section       22  daddsub_clz.o(x$fpl$drsb)
    $v0                                      0x08005770   Number         0  daddsub_clz.o(x$fpl$drsb)
    x$fpl$dsqrt                              0x08005788   Section      408  dsqrt_umaal.o(x$fpl$dsqrt)
    $v0                                      0x08005788   Number         0  dsqrt_umaal.o(x$fpl$dsqrt)
    x$fpl$dsub                               0x08005920   Section      468  daddsub_clz.o(x$fpl$dsub)
    $v0                                      0x08005920   Number         0  daddsub_clz.o(x$fpl$dsub)
    _dsub1                                   0x08005931   Thumb Code     0  daddsub_clz.o(x$fpl$dsub)
    x$fpl$f2d                                0x08005af4   Section       86  f2d.o(x$fpl$f2d)
    $v0                                      0x08005af4   Number         0  f2d.o(x$fpl$f2d)
    x$fpl$fnaninf                            0x08005b4a   Section      140  fnaninf.o(x$fpl$fnaninf)
    $v0                                      0x08005b4a   Number         0  fnaninf.o(x$fpl$fnaninf)
    x$fpl$fpinit                             0x08005bd6   Section       10  fpinit.o(x$fpl$fpinit)
    $v0                                      0x08005bd6   Number         0  fpinit.o(x$fpl$fpinit)
    x$fpl$fretinf                            0x08005be0   Section       10  fretinf.o(x$fpl$fretinf)
    $v0                                      0x08005be0   Number         0  fretinf.o(x$fpl$fretinf)
    x$fpl$printf1                            0x08005bea   Section        4  printf1.o(x$fpl$printf1)
    $v0                                      0x08005bea   Number         0  printf1.o(x$fpl$printf1)
    x$fpl$usenofp                            0x08005bee   Section        0  usenofp.o(x$fpl$usenofp)
    .constdata                               0x08005bf0   Section       80  asin.o(.constdata)
    pS                                       0x08005bf0   Data          48  asin.o(.constdata)
    qS                                       0x08005c20   Data          32  asin.o(.constdata)
    .constdata                               0x08005c40   Section      152  atan.o(.constdata)
    atanhi                                   0x08005c40   Data          32  atan.o(.constdata)
    atanlo                                   0x08005c60   Data          32  atan.o(.constdata)
    aTodd                                    0x08005c80   Data          40  atan.o(.constdata)
    aTeven                                   0x08005ca8   Data          48  atan.o(.constdata)
    .constdata                               0x08005cd8   Section        8  qnan.o(.constdata)
    .constdata                               0x08005ce0   Section       32  rredf.o(.constdata)
    twooverpi                                0x08005ce0   Data          32  rredf.o(.constdata)
    .constdata                               0x08005d00   Section      148  bigflt0.o(.constdata)
    tenpwrs_x                                0x08005d00   Data          60  bigflt0.o(.constdata)
    tenpwrs_i                                0x08005d3c   Data          64  bigflt0.o(.constdata)
    locale$$data                             0x08005db4   Section       28  lc_numeric_c.o(locale$$data)
    __lcnum_c_name                           0x08005db8   Data           2  lc_numeric_c.o(locale$$data)
    __lcnum_c_start                          0x08005dc0   Data           0  lc_numeric_c.o(locale$$data)
    __lcnum_c_point                          0x08005dcc   Data           0  lc_numeric_c.o(locale$$data)
    __lcnum_c_thousands                      0x08005dce   Data           0  lc_numeric_c.o(locale$$data)
    __lcnum_c_grouping                       0x08005dcf   Data           0  lc_numeric_c.o(locale$$data)
    __lcnum_c_end                            0x08005dd0   Data           0  lc_numeric_c.o(locale$$data)
    .data                                    0x20000000   Section       16  main.o(.data)
    .data                                    0x20000010   Section        8  scheduler.o(.data)
    .data                                    0x20000018   Section       20  time.o(.data)
    .data                                    0x2000002c   Section      112  imu.o(.data)
    gx                                       0x20000048   Data           4  imu.o(.data)
    gy                                       0x2000004c   Data           4  imu.o(.data)
    gz                                       0x20000050   Data           4  imu.o(.data)
    ax                                       0x20000054   Data           4  imu.o(.data)
    ay                                       0x20000058   Data           4  imu.o(.data)
    az                                       0x2000005c   Data           4  imu.o(.data)
    mx                                       0x20000060   Data           4  imu.o(.data)
    my                                       0x20000064   Data           4  imu.o(.data)
    mz                                       0x20000068   Data           4  imu.o(.data)
    yaw_count                                0x20000098   Data           4  imu.o(.data)
    .data                                    0x2000009c   Section       24  mpu6050_driver.o(.data)
    .data                                    0x200000b4   Section        1  mpu6050_interrupt.o(.data)
    .data                                    0x200000b5   Section        2  driver_esp8266.o(.data)
    .data                                    0x200000b8   Section        3  uart.o(.data)
    .data                                    0x200000bc   Section        4  delay.o(.data)
    fac_us                                   0x200000bc   Data           1  delay.o(.data)
    fac_ms                                   0x200000be   Data           2  delay.o(.data)
    .data                                    0x200000c0   Section        6  usart.o(.data)
    .data                                    0x200000c6   Section       16  stm32f4xx_rcc.o(.data)
    APBAHBPrescTable                         0x200000c6   Data          16  stm32f4xx_rcc.o(.data)
    .bss                                     0x200000d8   Section       36  scheduler.o(.bss)
    .bss                                     0x200000fc   Section       60  time.o(.bss)
    .bss                                     0x20000138   Section     2120  svpwm.o(.bss)
    rollPhase                                0x20000138   Data          12  svpwm.o(.bss)
    pitchPhase                               0x20000144   Data          12  svpwm.o(.bss)
    yawPhase                                 0x20000150   Data          12  svpwm.o(.bss)
    .bss                                     0x20000980   Section       64  imu.o(.bss)
    q                                        0x200009a4   Data          16  imu.o(.bss)
    .bss                                     0x200009c0   Section      302  mpu6050_driver.o(.bss)
    .bss                                     0x20000aee   Section      200  usart.o(.bss)
    .bss                                     0x20000bb8   Section       96  libspace.o(.bss)
    HEAP                                     0x20000c18   Section      512  startup_stm32f40_41xxx.o(HEAP)
    Heap_Mem                                 0x20000c18   Data         512  startup_stm32f40_41xxx.o(HEAP)
    STACK                                    0x20000e18   Section     1024  startup_stm32f40_41xxx.o(STACK)
    Stack_Mem                                0x20000e18   Data        1024  startup_stm32f40_41xxx.o(STACK)
    __initial_sp                             0x20001218   Data           0  startup_stm32f40_41xxx.o(STACK)

    Global Symbols

    Symbol Name                              Value     Ov Type        Size  Object(Section)

    BuildAttributes$$THM_ISAv4$E$P$D$K$B$S$7EM$VFPi3$EXTD16$VFPS$VFMA$PE$A:L22UL41UL21$X:L11$S22US41US21$IEEE1$IW$USESV6$~STKCKD$USESV7$~SHL$OTIME$ROPI$IEEEX$EBA8$UX$STANDARDLIB$REQ8$PRES8$EABIv2 0x00000000   Number         0  anon$$obj.o ABSOLUTE
    __ARM_use_no_argv                        0x00000000   Number         0  main.o ABSOLUTE
    __ARM_exceptions_init                     - Undefined Weak Reference
    __alloca_initialize                       - Undefined Weak Reference
    __arm_preinit_                            - Undefined Weak Reference
    __cpp_initialize__aeabi_                  - Undefined Weak Reference
    __cxa_finalize                            - Undefined Weak Reference
    __sigvec_lookup                           - Undefined Weak Reference
    _atexit_init                              - Undefined Weak Reference
    _call_atexit_fns                          - Undefined Weak Reference
    _clock_init                               - Undefined Weak Reference
    _fp_trap_init                             - Undefined Weak Reference
    _fp_trap_shutdown                         - Undefined Weak Reference
    _get_lc_collate                           - Undefined Weak Reference
    _get_lc_ctype                             - Undefined Weak Reference
    _get_lc_monetary                          - Undefined Weak Reference
    _get_lc_time                              - Undefined Weak Reference
    _getenv_init                              - Undefined Weak Reference
    _handle_redirection                       - Undefined Weak Reference
    _init_alloc                               - Undefined Weak Reference
    _init_user_alloc                          - Undefined Weak Reference
    _initio                                   - Undefined Weak Reference
    _mutex_acquire                            - Undefined Weak Reference
    _mutex_release                            - Undefined Weak Reference
    _printf_post_padding                      - Undefined Weak Reference
    _printf_pre_padding                       - Undefined Weak Reference
    _rand_init                                - Undefined Weak Reference
    _signal_finish                            - Undefined Weak Reference
    _signal_init                              - Undefined Weak Reference
    _terminate_alloc                          - Undefined Weak Reference
    _terminate_user_alloc                     - Undefined Weak Reference
    _terminateio                              - Undefined Weak Reference
    __Vectors_Size                           0x00000188   Number         0  startup_stm32f40_41xxx.o ABSOLUTE
    __Vectors                                0x08000000   Data           4  startup_stm32f40_41xxx.o(RESET)
    __Vectors_End                            0x08000188   Data           0  startup_stm32f40_41xxx.o(RESET)
    __main                                   0x08000189   Thumb Code     8  __main.o(!!!main)
    __scatterload                            0x08000191   Thumb Code     0  __scatter.o(!!!scatter)
    __scatterload_rt2                        0x08000191   Thumb Code    44  __scatter.o(!!!scatter)
    __scatterload_rt2_thumb_only             0x08000191   Thumb Code     0  __scatter.o(!!!scatter)
    __scatterload_null                       0x0800019f   Thumb Code     0  __scatter.o(!!!scatter)
    __scatterload_copy                       0x080001c5   Thumb Code    26  __scatter_copy.o(!!handler_copy)
    __scatterload_zeroinit                   0x080001e1   Thumb Code    28  __scatter_zi.o(!!handler_zi)
    _printf_f                                0x080001fd   Thumb Code     0  _printf_f.o(.ARM.Collect$$_printf_percent$$00000003)
    _printf_percent                          0x080001fd   Thumb Code     0  _printf_percent.o(.ARM.Collect$$_printf_percent$$00000000)
    _printf_percent_end                      0x08000203   Thumb Code     0  _printf_percent_end.o(.ARM.Collect$$_printf_percent$$00000017)
    __rt_lib_init                            0x08000207   Thumb Code     0  libinit.o(.ARM.Collect$$libinit$$00000000)
    __rt_lib_init_fp_1                       0x08000209   Thumb Code     0  libinit2.o(.ARM.Collect$$libinit$$00000001)
    __rt_lib_init_heap_1                     0x0800020d   Thumb Code     0  libinit2.o(.ARM.Collect$$libinit$$0000000A)
    __rt_lib_init_lc_common                  0x0800020d   Thumb Code     0  libinit2.o(.ARM.Collect$$libinit$$0000000F)
    __rt_lib_init_preinit_1                  0x0800020d   Thumb Code     0  libinit2.o(.ARM.Collect$$libinit$$00000004)
    __rt_lib_init_rand_1                     0x0800020d   Thumb Code     0  libinit2.o(.ARM.Collect$$libinit$$0000000E)
    __rt_lib_init_user_alloc_1               0x0800020d   Thumb Code     0  libinit2.o(.ARM.Collect$$libinit$$0000000C)
    __rt_lib_init_lc_collate_1               0x08000213   Thumb Code     0  libinit2.o(.ARM.Collect$$libinit$$00000011)
    __rt_lib_init_lc_ctype_1                 0x08000213   Thumb Code     0  libinit2.o(.ARM.Collect$$libinit$$00000013)
    __rt_lib_init_lc_monetary_1              0x08000213   Thumb Code     0  libinit2.o(.ARM.Collect$$libinit$$00000015)
    __rt_lib_init_lc_numeric_2               0x08000213   Thumb Code     0  libinit2.o(.ARM.Collect$$libinit$$00000016)
    __rt_lib_init_alloca_1                   0x0800021d   Thumb Code     0  libinit2.o(.ARM.Collect$$libinit$$0000002E)
    __rt_lib_init_argv_1                     0x0800021d   Thumb Code     0  libinit2.o(.ARM.Collect$$libinit$$0000002C)
    __rt_lib_init_atexit_1                   0x0800021d   Thumb Code     0  libinit2.o(.ARM.Collect$$libinit$$0000001B)
    __rt_lib_init_clock_1                    0x0800021d   Thumb Code     0  libinit2.o(.ARM.Collect$$libinit$$00000021)
    __rt_lib_init_cpp_1                      0x0800021d   Thumb Code     0  libinit2.o(.ARM.Collect$$libinit$$00000032)
    __rt_lib_init_exceptions_1               0x0800021d   Thumb Code     0  libinit2.o(.ARM.Collect$$libinit$$00000030)
    __rt_lib_init_fp_trap_1                  0x0800021d   Thumb Code     0  libinit2.o(.ARM.Collect$$libinit$$0000001F)
    __rt_lib_init_getenv_1                   0x0800021d   Thumb Code     0  libinit2.o(.ARM.Collect$$libinit$$00000023)
    __rt_lib_init_lc_numeric_1               0x0800021d   Thumb Code     0  libinit2.o(.ARM.Collect$$libinit$$00000017)
    __rt_lib_init_lc_time_1                  0x0800021d   Thumb Code     0  libinit2.o(.ARM.Collect$$libinit$$00000019)
    __rt_lib_init_return                     0x0800021d   Thumb Code     0  libinit2.o(.ARM.Collect$$libinit$$00000033)
    __rt_lib_init_signal_1                   0x0800021d   Thumb Code     0  libinit2.o(.ARM.Collect$$libinit$$0000001D)
    __rt_lib_init_stdio_1                    0x0800021d   Thumb Code     0  libinit2.o(.ARM.Collect$$libinit$$00000025)
    __rt_lib_shutdown                        0x0800021f   Thumb Code     0  libshutdown.o(.ARM.Collect$$libshutdown$$00000000)
    __rt_lib_shutdown_cpp_1                  0x08000221   Thumb Code     0  libshutdown2.o(.ARM.Collect$$libshutdown$$00000002)
    __rt_lib_shutdown_fp_trap_1              0x08000221   Thumb Code     0  libshutdown2.o(.ARM.Collect$$libshutdown$$00000007)
    __rt_lib_shutdown_heap_1                 0x08000221   Thumb Code     0  libshutdown2.o(.ARM.Collect$$libshutdown$$0000000F)
    __rt_lib_shutdown_return                 0x08000221   Thumb Code     0  libshutdown2.o(.ARM.Collect$$libshutdown$$00000010)
    __rt_lib_shutdown_signal_1               0x08000221   Thumb Code     0  libshutdown2.o(.ARM.Collect$$libshutdown$$0000000A)
    __rt_lib_shutdown_stdio_1                0x08000221   Thumb Code     0  libshutdown2.o(.ARM.Collect$$libshutdown$$00000004)
    __rt_lib_shutdown_user_alloc_1           0x08000221   Thumb Code     0  libshutdown2.o(.ARM.Collect$$libshutdown$$0000000C)
    __rt_entry                               0x08000223   Thumb Code     0  __rtentry.o(.ARM.Collect$$rtentry$$00000000)
    __rt_entry_presh_1                       0x08000223   Thumb Code     0  __rtentry2.o(.ARM.Collect$$rtentry$$00000002)
    __rt_entry_sh                            0x08000223   Thumb Code     0  __rtentry4.o(.ARM.Collect$$rtentry$$00000004)
    __rt_entry_li                            0x08000229   Thumb Code     0  __rtentry2.o(.ARM.Collect$$rtentry$$0000000A)
    __rt_entry_postsh_1                      0x08000229   Thumb Code     0  __rtentry2.o(.ARM.Collect$$rtentry$$00000009)
    __rt_entry_main                          0x0800022d   Thumb Code     0  __rtentry2.o(.ARM.Collect$$rtentry$$0000000D)
    __rt_entry_postli_1                      0x0800022d   Thumb Code     0  __rtentry2.o(.ARM.Collect$$rtentry$$0000000C)
    __rt_exit                                0x08000235   Thumb Code     0  rtexit.o(.ARM.Collect$$rtexit$$00000000)
    __rt_exit_ls                             0x08000237   Thumb Code     0  rtexit2.o(.ARM.Collect$$rtexit$$00000003)
    __rt_exit_prels_1                        0x08000237   Thumb Code     0  rtexit2.o(.ARM.Collect$$rtexit$$00000002)
    __rt_exit_exit                           0x0800023b   Thumb Code     0  rtexit2.o(.ARM.Collect$$rtexit$$00000004)
    Reset_Handler                            0x08000241   Thumb Code     8  startup_stm32f40_41xxx.o(.text)
    ADC_IRQHandler                           0x0800025b   Thumb Code     0  startup_stm32f40_41xxx.o(.text)
    CAN1_RX0_IRQHandler                      0x0800025b   Thumb Code     0  startup_stm32f40_41xxx.o(.text)
    CAN1_RX1_IRQHandler                      0x0800025b   Thumb Code     0  startup_stm32f40_41xxx.o(.text)
    CAN1_SCE_IRQHandler                      0x0800025b   Thumb Code     0  startup_stm32f40_41xxx.o(.text)
    CAN1_TX_IRQHandler                       0x0800025b   Thumb Code     0  startup_stm32f40_41xxx.o(.text)
    CAN2_RX0_IRQHandler                      0x0800025b   Thumb Code     0  startup_stm32f40_41xxx.o(.text)
    CAN2_RX1_IRQHandler                      0x0800025b   Thumb Code     0  startup_stm32f40_41xxx.o(.text)
    CAN2_SCE_IRQHandler                      0x0800025b   Thumb Code     0  startup_stm32f40_41xxx.o(.text)
    CAN2_TX_IRQHandler                       0x0800025b   Thumb Code     0  startup_stm32f40_41xxx.o(.text)
    CRYP_IRQHandler                          0x0800025b   Thumb Code     0  startup_stm32f40_41xxx.o(.text)
    DCMI_IRQHandler                          0x0800025b   Thumb Code     0  startup_stm32f40_41xxx.o(.text)
    DMA1_Stream0_IRQHandler                  0x0800025b   Thumb Code     0  startup_stm32f40_41xxx.o(.text)
    DMA1_Stream1_IRQHandler                  0x0800025b   Thumb Code     0  startup_stm32f40_41xxx.o(.text)
    DMA1_Stream2_IRQHandler                  0x0800025b   Thumb Code     0  startup_stm32f40_41xxx.o(.text)
    DMA1_Stream3_IRQHandler                  0x0800025b   Thumb Code     0  startup_stm32f40_41xxx.o(.text)
    DMA1_Stream4_IRQHandler                  0x0800025b   Thumb Code     0  startup_stm32f40_41xxx.o(.text)
    DMA1_Stream5_IRQHandler                  0x0800025b   Thumb Code     0  startup_stm32f40_41xxx.o(.text)
    DMA1_Stream6_IRQHandler                  0x0800025b   Thumb Code     0  startup_stm32f40_41xxx.o(.text)
    DMA1_Stream7_IRQHandler                  0x0800025b   Thumb Code     0  startup_stm32f40_41xxx.o(.text)
    DMA2_Stream0_IRQHandler                  0x0800025b   Thumb Code     0  startup_stm32f40_41xxx.o(.text)
    DMA2_Stream1_IRQHandler                  0x0800025b   Thumb Code     0  startup_stm32f40_41xxx.o(.text)
    DMA2_Stream2_IRQHandler                  0x0800025b   Thumb Code     0  startup_stm32f40_41xxx.o(.text)
    DMA2_Stream3_IRQHandler                  0x0800025b   Thumb Code     0  startup_stm32f40_41xxx.o(.text)
    DMA2_Stream4_IRQHandler                  0x0800025b   Thumb Code     0  startup_stm32f40_41xxx.o(.text)
    DMA2_Stream5_IRQHandler                  0x0800025b   Thumb Code     0  startup_stm32f40_41xxx.o(.text)
    DMA2_Stream6_IRQHandler                  0x0800025b   Thumb Code     0  startup_stm32f40_41xxx.o(.text)
    DMA2_Stream7_IRQHandler                  0x0800025b   Thumb Code     0  startup_stm32f40_41xxx.o(.text)
    ETH_IRQHandler                           0x0800025b   Thumb Code     0  startup_stm32f40_41xxx.o(.text)
    ETH_WKUP_IRQHandler                      0x0800025b   Thumb Code     0  startup_stm32f40_41xxx.o(.text)
    EXTI0_IRQHandler                         0x0800025b   Thumb Code     0  startup_stm32f40_41xxx.o(.text)
    EXTI15_10_IRQHandler                     0x0800025b   Thumb Code     0  startup_stm32f40_41xxx.o(.text)
    EXTI1_IRQHandler                         0x0800025b   Thumb Code     0  startup_stm32f40_41xxx.o(.text)
    EXTI2_IRQHandler                         0x0800025b   Thumb Code     0  startup_stm32f40_41xxx.o(.text)
    EXTI3_IRQHandler                         0x0800025b   Thumb Code     0  startup_stm32f40_41xxx.o(.text)
    EXTI9_5_IRQHandler                       0x0800025b   Thumb Code     0  startup_stm32f40_41xxx.o(.text)
    FLASH_IRQHandler                         0x0800025b   Thumb Code     0  startup_stm32f40_41xxx.o(.text)
    FPU_IRQHandler                           0x0800025b   Thumb Code     0  startup_stm32f40_41xxx.o(.text)
    FSMC_IRQHandler                          0x0800025b   Thumb Code     0  startup_stm32f40_41xxx.o(.text)
    HASH_RNG_IRQHandler                      0x0800025b   Thumb Code     0  startup_stm32f40_41xxx.o(.text)
    I2C1_ER_IRQHandler                       0x0800025b   Thumb Code     0  startup_stm32f40_41xxx.o(.text)
    I2C1_EV_IRQHandler                       0x0800025b   Thumb Code     0  startup_stm32f40_41xxx.o(.text)
    I2C2_ER_IRQHandler                       0x0800025b   Thumb Code     0  startup_stm32f40_41xxx.o(.text)
    I2C2_EV_IRQHandler                       0x0800025b   Thumb Code     0  startup_stm32f40_41xxx.o(.text)
    I2C3_ER_IRQHandler                       0x0800025b   Thumb Code     0  startup_stm32f40_41xxx.o(.text)
    I2C3_EV_IRQHandler                       0x0800025b   Thumb Code     0  startup_stm32f40_41xxx.o(.text)
    OTG_FS_IRQHandler                        0x0800025b   Thumb Code     0  startup_stm32f40_41xxx.o(.text)
    OTG_FS_WKUP_IRQHandler                   0x0800025b   Thumb Code     0  startup_stm32f40_41xxx.o(.text)
    OTG_HS_EP1_IN_IRQHandler                 0x0800025b   Thumb Code     0  startup_stm32f40_41xxx.o(.text)
    OTG_HS_EP1_OUT_IRQHandler                0x0800025b   Thumb Code     0  startup_stm32f40_41xxx.o(.text)
    OTG_HS_IRQHandler                        0x0800025b   Thumb Code     0  startup_stm32f40_41xxx.o(.text)
    OTG_HS_WKUP_IRQHandler                   0x0800025b   Thumb Code     0  startup_stm32f40_41xxx.o(.text)
    PVD_IRQHandler                           0x0800025b   Thumb Code     0  startup_stm32f40_41xxx.o(.text)
    RCC_IRQHandler                           0x0800025b   Thumb Code     0  startup_stm32f40_41xxx.o(.text)
    RTC_Alarm_IRQHandler                     0x0800025b   Thumb Code     0  startup_stm32f40_41xxx.o(.text)
    RTC_WKUP_IRQHandler                      0x0800025b   Thumb Code     0  startup_stm32f40_41xxx.o(.text)
    SDIO_IRQHandler                          0x0800025b   Thumb Code     0  startup_stm32f40_41xxx.o(.text)
    SPI1_IRQHandler                          0x0800025b   Thumb Code     0  startup_stm32f40_41xxx.o(.text)
    SPI2_IRQHandler                          0x0800025b   Thumb Code     0  startup_stm32f40_41xxx.o(.text)
    SPI3_IRQHandler                          0x0800025b   Thumb Code     0  startup_stm32f40_41xxx.o(.text)
    TAMP_STAMP_IRQHandler                    0x0800025b   Thumb Code     0  startup_stm32f40_41xxx.o(.text)
    TIM1_BRK_TIM9_IRQHandler                 0x0800025b   Thumb Code     0  startup_stm32f40_41xxx.o(.text)
    TIM1_CC_IRQHandler                       0x0800025b   Thumb Code     0  startup_stm32f40_41xxx.o(.text)
    TIM1_TRG_COM_TIM11_IRQHandler            0x0800025b   Thumb Code     0  startup_stm32f40_41xxx.o(.text)
    TIM1_UP_TIM10_IRQHandler                 0x0800025b   Thumb Code     0  startup_stm32f40_41xxx.o(.text)
    TIM3_IRQHandler                          0x0800025b   Thumb Code     0  startup_stm32f40_41xxx.o(.text)
    TIM4_IRQHandler                          0x0800025b   Thumb Code     0  startup_stm32f40_41xxx.o(.text)
    TIM5_IRQHandler                          0x0800025b   Thumb Code     0  startup_stm32f40_41xxx.o(.text)
    TIM6_DAC_IRQHandler                      0x0800025b   Thumb Code     0  startup_stm32f40_41xxx.o(.text)
    TIM7_IRQHandler                          0x0800025b   Thumb Code     0  startup_stm32f40_41xxx.o(.text)
    TIM8_BRK_TIM12_IRQHandler                0x0800025b   Thumb Code     0  startup_stm32f40_41xxx.o(.text)
    TIM8_CC_IRQHandler                       0x0800025b   Thumb Code     0  startup_stm32f40_41xxx.o(.text)
    TIM8_TRG_COM_TIM14_IRQHandler            0x0800025b   Thumb Code     0  startup_stm32f40_41xxx.o(.text)
    TIM8_UP_TIM13_IRQHandler                 0x0800025b   Thumb Code     0  startup_stm32f40_41xxx.o(.text)
    UART4_IRQHandler                         0x0800025b   Thumb Code     0  startup_stm32f40_41xxx.o(.text)
    UART5_IRQHandler                         0x0800025b   Thumb Code     0  startup_stm32f40_41xxx.o(.text)
    USART2_IRQHandler                        0x0800025b   Thumb Code     0  startup_stm32f40_41xxx.o(.text)
    USART6_IRQHandler                        0x0800025b   Thumb Code     0  startup_stm32f40_41xxx.o(.text)
    WWDG_IRQHandler                          0x0800025b   Thumb Code     0  startup_stm32f40_41xxx.o(.text)
    __user_initial_stackheap                 0x0800025d   Thumb Code     0  startup_stm32f40_41xxx.o(.text)
    __use_no_semihosting                     0x08000281   Thumb Code     2  use_no_semi_2.o(.text)
    __aeabi_errno_addr                       0x08000285   Thumb Code     8  rt_errno_addr_intlibspace.o(.text)
    __errno$intlibspace                      0x08000285   Thumb Code     0  rt_errno_addr_intlibspace.o(.text)
    __rt_errno_addr$intlibspace              0x08000285   Thumb Code     0  rt_errno_addr_intlibspace.o(.text)
    __2printf                                0x0800028d   Thumb Code    20  noretval__2printf.o(.text)
    __printf                                 0x080002a5   Thumb Code   104  __printf.o(.text)
    __use_two_region_memory                  0x0800030d   Thumb Code     2  heapauxi.o(.text)
    __rt_heap_escrow$2region                 0x0800030f   Thumb Code     2  heapauxi.o(.text)
    __rt_heap_expand$2region                 0x08000311   Thumb Code     2  heapauxi.o(.text)
    __user_libspace                          0x08000315   Thumb Code     8  libspace.o(.text)
    __user_perproc_libspace                  0x08000315   Thumb Code     0  libspace.o(.text)
    __user_perthread_libspace                0x08000315   Thumb Code     0  libspace.o(.text)
    __I$use$semihosting                      0x0800031d   Thumb Code     0  use_no_semi.o(.text)
    __use_no_semihosting_swi                 0x0800031d   Thumb Code     2  use_no_semi.o(.text)
    __read_errno                             0x0800031f   Thumb Code    10  _rserrno.o(.text)
    __set_errno                              0x08000329   Thumb Code    12  _rserrno.o(.text)
    __lib_sel_fp_printf                      0x08000335   Thumb Code     2  _printf_fp_dec.o(.text)
    _printf_fp_dec_real                      0x080004e3   Thumb Code   620  _printf_fp_dec.o(.text)
    _printf_char_file                        0x08000751   Thumb Code    32  _printf_char_file.o(.text)
    __rt_locale                              0x08000775   Thumb Code     8  rt_locale_intlibspace.o(.text)
    _ll_udiv10                               0x0800077d   Thumb Code   138  lludiv10.o(.text)
    _printf_char_common                      0x08000813   Thumb Code    32  _printf_char_common.o(.text)
    _printf_fp_infnan                        0x08000839   Thumb Code   112  _printf_fp_infnan.o(.text)
    _btod_etento                             0x080008b9   Thumb Code   216  bigflt0.o(.text)
    ferror                                   0x08000995   Thumb Code     8  ferror.o(.text)
    __user_setup_stackheap                   0x0800099d   Thumb Code    74  sys_stackheap_outer.o(.text)
    exit                                     0x080009e7   Thumb Code    18  exit.o(.text)
    strcmp                                   0x080009f9   Thumb Code   128  strcmpv7m.o(.text)
    _btod_d2e                                0x08000a79   Thumb Code    62  btod.o(CL$$btod_d2e)
    _d2e_denorm_low                          0x08000ab7   Thumb Code    70  btod.o(CL$$btod_d2e_denorm_low)
    _d2e_norm_op1                            0x08000afd   Thumb Code    96  btod.o(CL$$btod_d2e_norm_op1)
    __btod_div_common                        0x08000b5d   Thumb Code   696  btod.o(CL$$btod_div_common)
    _e2e                                     0x08000e95   Thumb Code   198  btod.o(CL$$btod_e2e)
    _btod_ediv                               0x08000f5b   Thumb Code    40  btod.o(CL$$btod_ediv)
    _btod_emul                               0x08000f83   Thumb Code    40  btod.o(CL$$btod_emul)
    __btod_mult_common                       0x08000fab   Thumb Code   580  btod.o(CL$$btod_mult_common)
    BusFault_Handler                         0x080011ef   Thumb Code     4  stm32f4xx_it.o(i.BusFault_Handler)
    Cycle_Time_Init                          0x080011f3   Thumb Code    22  time.o(i.Cycle_Time_Init)
    DMA_ClearFlag                            0x08001209   Thumb Code    38  stm32f4xx_dma.o(i.DMA_ClearFlag)
    DMA_Cmd                                  0x0800123d   Thumb Code    22  stm32f4xx_dma.o(i.DMA_Cmd)
    DMA_GetCmdStatus                         0x08001253   Thumb Code    20  stm32f4xx_dma.o(i.DMA_GetCmdStatus)
    DMA_SetCurrDataCounter                   0x08001267   Thumb Code     4  stm32f4xx_dma.o(i.DMA_SetCurrDataCounter)
    DebugMon_Handler                         0x0800126b   Thumb Code     2  stm32f4xx_it.o(i.DebugMon_Handler)
    Duty_10ms                                0x0800126d   Thumb Code     2  scheduler.o(i.Duty_10ms)
    Duty_1ms                                 0x0800126f   Thumb Code     2  scheduler.o(i.Duty_1ms)
    Duty_20ms                                0x08001271   Thumb Code     2  scheduler.o(i.Duty_20ms)
    Duty_2ms                                 0x08001275   Thumb Code   176  scheduler.o(i.Duty_2ms)
    Duty_50ms                                0x08001345   Thumb Code    12  scheduler.o(i.Duty_50ms)
    Duty_5ms                                 0x08001355   Thumb Code     2  scheduler.o(i.Duty_5ms)
    Duty_Loop                                0x08001359   Thumb Code   132  scheduler.o(i.Duty_Loop)
    EXTI4_IRQHandler                         0x080013e9   Thumb Code    24  mpu6050_interrupt.o(i.EXTI4_IRQHandler)
    EXTI_ClearFlag                           0x08001401   Thumb Code     6  stm32f4xx_exti.o(i.EXTI_ClearFlag)
    EXTI_ClearITPendingBit                   0x0800140d   Thumb Code     6  stm32f4xx_exti.o(i.EXTI_ClearITPendingBit)
    EXTI_GetITStatus                         0x08001419   Thumb Code    20  stm32f4xx_exti.o(i.EXTI_GetITStatus)
    EXTI_Init                                0x08001431   Thumb Code   142  stm32f4xx_exti.o(i.EXTI_Init)
    GPIO_Init                                0x080014c5   Thumb Code   144  stm32f4xx_gpio.o(i.GPIO_Init)
    GPIO_PinAFConfig                         0x08001555   Thumb Code    70  stm32f4xx_gpio.o(i.GPIO_PinAFConfig)
    GPIO_ReadInputDataBit                    0x0800159b   Thumb Code    18  stm32f4xx_gpio.o(i.GPIO_ReadInputDataBit)
    GPIO_ResetBits                           0x080015ad   Thumb Code     4  stm32f4xx_gpio.o(i.GPIO_ResetBits)
    GPIO_SetBits                             0x080015b1   Thumb Code     4  stm32f4xx_gpio.o(i.GPIO_SetBits)
    GetPitchYawGxGyGz                        0x080015b5   Thumb Code   204  imu.o(i.GetPitchYawGxGyGz)
    GetSysTime_us                            0x080016ad   Thumb Code    48  time.o(i.GetSysTime_us)
    Get_Cycle_T                              0x080016e1   Thumb Code   118  time.o(i.Get_Cycle_T)
    Get_Time_Micros                          0x0800175d   Thumb Code     8  timer.o(i.Get_Time_Micros)
    HMC5883_Init                             0x08001765   Thumb Code   116  mpu6050_driver.o(i.HMC5883_Init)
    HMC58X3_ReadData                         0x080017f1   Thumb Code    18  mpu6050_driver.o(i.HMC58X3_ReadData)
    HMC58X3_getRaw                           0x08001805   Thumb Code   100  mpu6050_driver.o(i.HMC58X3_getRaw)
    HMC58X3_mgetValues                       0x08001871   Thumb Code    82  mpu6050_driver.o(i.HMC58X3_mgetValues)
    HMC58X3_newValues                        0x080018d1   Thumb Code   334  mpu6050_driver.o(i.HMC58X3_newValues)
    HardFault_Handler                        0x08001a29   Thumb Code     4  stm32f4xx_it.o(i.HardFault_Handler)
    IIC_Ack                                  0x08001a2d   Thumb Code    66  mpu6050_i2c.o(i.IIC_Ack)
    IIC_Delay                                0x08001a75   Thumb Code    26  mpu6050_i2c.o(i.IIC_Delay)
    IIC_GPIO_Init                            0x08001a91   Thumb Code    42  mpu6050_i2c.o(i.IIC_GPIO_Init)
    IIC_ReadBit                              0x08001ac1   Thumb Code    86  mpu6050_i2c.o(i.IIC_ReadBit)
    IIC_ReadData                             0x08001b1d   Thumb Code   146  mpu6050_i2c.o(i.IIC_ReadData)
    IIC_SDA_In                               0x08001bd5   Thumb Code    38  mpu6050_i2c.o(i.IIC_SDA_In)
    IIC_SDA_Out                              0x08001c01   Thumb Code    34  mpu6050_i2c.o(i.IIC_SDA_Out)
    IIC_Start                                0x08001c29   Thumb Code    60  mpu6050_i2c.o(i.IIC_Start)
    IIC_Stop                                 0x08001c69   Thumb Code    60  mpu6050_i2c.o(i.IIC_Stop)
    IIC_WaitAck                              0x08001ca9   Thumb Code    94  mpu6050_i2c.o(i.IIC_WaitAck)
    IIC_WriteBit                             0x08001d19   Thumb Code    96  mpu6050_i2c.o(i.IIC_WriteBit)
    IIC_WriteData                            0x08001d7d   Thumb Code    92  mpu6050_i2c.o(i.IIC_WriteData)
    IMU_AHRSupdate                           0x08001dfd   Thumb Code  1920  imu.o(i.IMU_AHRSupdate)
    IMU_getQ                                 0x080025c1   Thumb Code    56  imu.o(i.IMU_getQ)
    IMU_getValues                            0x0800260d   Thumb Code   196  imu.o(i.IMU_getValues)
    IMU_getYawPitchRoll                      0x080026d9   Thumb Code   552  imu.o(i.IMU_getYawPitchRoll)
    Loop_check                               0x08002915   Thumb Code    86  scheduler.o(i.Loop_check)
    MPU6050_DataSave                         0x08002971   Thumb Code   494  mpu6050_driver.o(i.MPU6050_DataSave)
    MPU6050_EnableInt                        0x08002b65   Thumb Code    66  mpu6050_driver.o(i.MPU6050_EnableInt)
    MPU6050_Init                             0x08002bfd   Thumb Code   250  mpu6050_driver.o(i.MPU6050_Init)
    MPU6050_Initialize                       0x08002d65   Thumb Code    20  mpu6050_driver.o(i.MPU6050_Initialize)
    MPU6050_IntConfiguration                 0x08002d79   Thumb Code   124  mpu6050_interrupt.o(i.MPU6050_IntConfiguration)
    MPU6050_ReadData                         0x08002df9   Thumb Code    44  mpu6050_driver.o(i.MPU6050_ReadData)
    MPU6050_getMotion6                       0x08002e31   Thumb Code   306  mpu6050_driver.o(i.MPU6050_getMotion6)
    MemManage_Handler                        0x08002f89   Thumb Code     4  stm32f4xx_it.o(i.MemManage_Handler)
    NMI_Handler                              0x08002f8d   Thumb Code     2  stm32f4xx_it.o(i.NMI_Handler)
    NVIC_Init                                0x08002f91   Thumb Code   106  misc.o(i.NVIC_Init)
    NVIC_PriorityGroupConfig                 0x08003009   Thumb Code    10  misc.o(i.NVIC_PriorityGroupConfig)
    PendSV_Handler                           0x0800301d   Thumb Code     2  stm32f4xx_it.o(i.PendSV_Handler)
    RCC_AHB1PeriphClockCmd                   0x08003021   Thumb Code    26  stm32f4xx_rcc.o(i.RCC_AHB1PeriphClockCmd)
    RCC_APB1PeriphClockCmd                   0x08003041   Thumb Code    26  stm32f4xx_rcc.o(i.RCC_APB1PeriphClockCmd)
    RCC_APB2PeriphClockCmd                   0x08003061   Thumb Code    26  stm32f4xx_rcc.o(i.RCC_APB2PeriphClockCmd)
    RCC_GetClocksFreq                        0x08003081   Thumb Code   214  stm32f4xx_rcc.o(i.RCC_GetClocksFreq)
    SVC_Handler                              0x08003169   Thumb Code     2  stm32f4xx_it.o(i.SVC_Handler)
    SYSCFG_EXTILineConfig                    0x0800316d   Thumb Code    60  stm32f4xx_syscfg.o(i.SYSCFG_EXTILineConfig)
    SysTick_CLKSourceConfig                  0x08003299   Thumb Code    40  misc.o(i.SysTick_CLKSourceConfig)
    SysTick_Configuration                    0x080032c1   Thumb Code    98  time.o(i.SysTick_Configuration)
    SysTick_Handler                          0x0800332d   Thumb Code    18  stm32f4xx_it.o(i.SysTick_Handler)
    SystemInit                               0x08003345   Thumb Code    88  system_stm32f4xx.o(i.SystemInit)
    TIM2_Configuration                       0x080033ad   Thumb Code    60  timer.o(i.TIM2_Configuration)
    TIM2_IRQHandler                          0x080033e9   Thumb Code    30  timer.o(i.TIM2_IRQHandler)
    TIM3_PWM_Init                            0x08003409   Thumb Code   238  pwm.o(i.TIM3_PWM_Init)
    TIM_ARRPreloadConfig                     0x08003501   Thumb Code    24  stm32f4xx_tim.o(i.TIM_ARRPreloadConfig)
    TIM_ClearFlag                            0x08003519   Thumb Code     6  stm32f4xx_tim.o(i.TIM_ClearFlag)
    TIM_ClearITPendingBit                    0x0800351f   Thumb Code     6  stm32f4xx_tim.o(i.TIM_ClearITPendingBit)
    TIM_Cmd                                  0x08003525   Thumb Code    24  stm32f4xx_tim.o(i.TIM_Cmd)
    TIM_GetITStatus                          0x0800353d   Thumb Code    34  stm32f4xx_tim.o(i.TIM_GetITStatus)
    TIM_OC1Init                              0x08003561   Thumb Code   114  stm32f4xx_tim.o(i.TIM_OC1Init)
    TIM_OC1PreloadConfig                     0x080035dd   Thumb Code    18  stm32f4xx_tim.o(i.TIM_OC1PreloadConfig)
    TIM_OC2Init                              0x080035f1   Thumb Code   154  stm32f4xx_tim.o(i.TIM_OC2Init)
    TIM_OC2PreloadConfig                     0x08003695   Thumb Code    26  stm32f4xx_tim.o(i.TIM_OC2PreloadConfig)
    TIM_OC3Init                              0x080036b1   Thumb Code   150  stm32f4xx_tim.o(i.TIM_OC3Init)
    TIM_OC3PreloadConfig                     0x08003751   Thumb Code    18  stm32f4xx_tim.o(i.TIM_OC3PreloadConfig)
    TIM_OC4Init                              0x08003765   Thumb Code   112  stm32f4xx_tim.o(i.TIM_OC4Init)
    TIM_OC4PreloadConfig                     0x080037dd   Thumb Code    26  stm32f4xx_tim.o(i.TIM_OC4PreloadConfig)
    TIM_TimeBaseInit                         0x080037f9   Thumb Code   104  stm32f4xx_tim.o(i.TIM_TimeBaseInit)
    USART1_IRQHandler                        0x0800387d   Thumb Code   122  usart.o(i.USART1_IRQHandler)
    USART3_IRQHandler                        0x08003905   Thumb Code    72  uart.o(i.USART3_IRQHandler)
    USART_Cmd                                0x08003961   Thumb Code    24  stm32f4xx_usart.o(i.USART_Cmd)
    USART_GetFlagStatus                      0x08003979   Thumb Code    26  stm32f4xx_usart.o(i.USART_GetFlagStatus)
    USART_GetITStatus                        0x08003993   Thumb Code    84  stm32f4xx_usart.o(i.USART_GetITStatus)
    USART_ITConfig                           0x080039e7   Thumb Code    74  stm32f4xx_usart.o(i.USART_ITConfig)
    USART_Init                               0x08003a31   Thumb Code   204  stm32f4xx_usart.o(i.USART_Init)
    USART_ReceiveData                        0x08003b05   Thumb Code    10  stm32f4xx_usart.o(i.USART_ReceiveData)
    USART_SendData                           0x08003b0f   Thumb Code     8  stm32f4xx_usart.o(i.USART_SendData)
    UsageFault_Handler                       0x08003b17   Thumb Code     4  stm32f4xx_it.o(i.UsageFault_Handler)
    __ARM_fpclassify                         0x08003b1b   Thumb Code    48  fpclassify.o(i.__ARM_fpclassify)
    __ARM_fpclassifyf                        0x08003b4b   Thumb Code    38  fpclassifyf.o(i.__ARM_fpclassifyf)
    __hardfp_asin                            0x08003b71   Thumb Code   770  asin.o(i.__hardfp_asin)
    __hardfp_atan                            0x08003ed1   Thumb Code   622  atan.o(i.__hardfp_atan)
    __hardfp_atan2                           0x080041a9   Thumb Code   432  atan2.o(i.__hardfp_atan2)
    __hardfp_round                           0x08004399   Thumb Code   194  round.o(i.__hardfp_round)
    __hardfp_sinf                            0x08004479   Thumb Code   344  sinf.o(i.__hardfp_sinf)
    __hardfp_sqrt                            0x08004609   Thumb Code   122  sqrt.o(i.__hardfp_sqrt)
    __kernel_poly                            0x08004683   Thumb Code   248  poly.o(i.__kernel_poly)
    __mathlib_dbl_infnan                     0x0800477b   Thumb Code    20  dunder.o(i.__mathlib_dbl_infnan)
    __mathlib_dbl_infnan2                    0x0800478f   Thumb Code    20  dunder.o(i.__mathlib_dbl_infnan2)
    __mathlib_dbl_invalid                    0x080047a9   Thumb Code    24  dunder.o(i.__mathlib_dbl_invalid)
    __mathlib_dbl_underflow                  0x080047c9   Thumb Code    24  dunder.o(i.__mathlib_dbl_underflow)
    __mathlib_flt_infnan                     0x080047e9   Thumb Code     6  funder.o(i.__mathlib_flt_infnan)
    __mathlib_flt_invalid                    0x080047f1   Thumb Code    10  funder.o(i.__mathlib_flt_invalid)
    __mathlib_flt_underflow                  0x08004801   Thumb Code    10  funder.o(i.__mathlib_flt_underflow)
    __mathlib_rredf2                         0x08004811   Thumb Code   316  rredf.o(i.__mathlib_rredf2)
    _sys_exit                                0x08004965   Thumb Code     4  usart.o(i._sys_exit)
    atan                                     0x08004969   Thumb Code    16  atan.o(i.atan)
    delay_init                               0x08004979   Thumb Code    52  delay.o(i.delay_init)
    delay_ms                                 0x080049b5   Thumb Code    56  delay.o(i.delay_ms)
    delay_xms                                0x080049ed   Thumb Code    72  delay.o(i.delay_xms)
    fabs                                     0x08004a39   Thumb Code    24  fabs.o(i.fabs)
    fputc                                    0x08004a51   Thumb Code    22  usart.o(i.fputc)
    initSinArray                             0x08004a6d   Thumb Code   118  svpwm.o(i.initSinArray)
    invSqrt                                  0x08004af5   Thumb Code    56  imu.o(i.invSqrt)
    main                                     0x08004b31   Thumb Code    86  main.o(i.main)
    pwmtest                                  0x08004b95   Thumb Code    26  pwm.o(i.pwmtest)
    sqrt                                     0x08004bb5   Thumb Code   110  sqrt.o(i.sqrt)
    sys_time                                 0x08004c25   Thumb Code   126  time.o(i.sys_time)
    uart_init                                0x08004cb9   Thumb Code   164  usart.o(i.uart_init)
    usart1_niming_report                     0x08004d65   Thumb Code   118  niming.o(i.usart1_niming_report)
    usart1_report_imu                        0x08004ddb   Thumb Code   192  niming.o(i.usart1_report_imu)
    usart1_send_char                         0x08004e9d   Thumb Code    28  niming.o(i.usart1_send_char)
    _get_lc_numeric                          0x08004ebd   Thumb Code    44  lc_numeric_c.o(locale$$code)
    __aeabi_dneg                             0x08004ee9   Thumb Code     0  basic.o(x$fpl$basic)
    _dneg                                    0x08004ee9   Thumb Code     6  basic.o(x$fpl$basic)
    __aeabi_fneg                             0x08004eef   Thumb Code     0  basic.o(x$fpl$basic)
    _fneg                                    0x08004eef   Thumb Code     6  basic.o(x$fpl$basic)
    _dabs                                    0x08004ef5   Thumb Code     6  basic.o(x$fpl$basic)
    _fabs                                    0x08004efb   Thumb Code     6  basic.o(x$fpl$basic)
    __aeabi_d2f                              0x08004f01   Thumb Code     0  d2f.o(x$fpl$d2f)
    _d2f                                     0x08004f01   Thumb Code    98  d2f.o(x$fpl$d2f)
    __aeabi_dadd                             0x08004f65   Thumb Code     0  daddsub_clz.o(x$fpl$dadd)
    _dadd                                    0x08004f65   Thumb Code   332  daddsub_clz.o(x$fpl$dadd)
    __fpl_dcmp_Inf                           0x080050b5   Thumb Code    24  dcmpi.o(x$fpl$dcmpinf)
    __aeabi_ddiv                             0x080050cd   Thumb Code     0  ddiv.o(x$fpl$ddiv)
    _ddiv                                    0x080050cd   Thumb Code   552  ddiv.o(x$fpl$ddiv)
    __aeabi_d2iz                             0x0800537d   Thumb Code     0  dfix.o(x$fpl$dfix)
    _dfix                                    0x0800537d   Thumb Code    94  dfix.o(x$fpl$dfix)
    __aeabi_cdcmple                          0x080053dd   Thumb Code     0  dleqf.o(x$fpl$dleqf)
    _dcmple                                  0x080053dd   Thumb Code   120  dleqf.o(x$fpl$dleqf)
    __fpl_dcmple_InfNaN                      0x0800543f   Thumb Code     0  dleqf.o(x$fpl$dleqf)
    __aeabi_dmul                             0x08005455   Thumb Code     0  dmul.o(x$fpl$dmul)
    _dmul                                    0x08005455   Thumb Code   332  dmul.o(x$fpl$dmul)
    __fpl_dnaninf                            0x080055a9   Thumb Code   156  dnaninf.o(x$fpl$dnaninf)
    __fpl_dretinf                            0x08005645   Thumb Code    12  dretinf.o(x$fpl$dretinf)
    __aeabi_cdrcmple                         0x08005651   Thumb Code     0  drleqf.o(x$fpl$drleqf)
    _drcmple                                 0x08005651   Thumb Code   108  drleqf.o(x$fpl$drleqf)
    _drnd                                    0x080056bd   Thumb Code   180  drnd.o(x$fpl$drnd)
    __aeabi_drsub                            0x08005771   Thumb Code     0  daddsub_clz.o(x$fpl$drsb)
    _drsb                                    0x08005771   Thumb Code    22  daddsub_clz.o(x$fpl$drsb)
    _dsqrt                                   0x08005789   Thumb Code   404  dsqrt_umaal.o(x$fpl$dsqrt)
    __aeabi_dsub                             0x08005921   Thumb Code     0  daddsub_clz.o(x$fpl$dsub)
    _dsub                                    0x08005921   Thumb Code   464  daddsub_clz.o(x$fpl$dsub)
    __aeabi_f2d                              0x08005af5   Thumb Code     0  f2d.o(x$fpl$f2d)
    _f2d                                     0x08005af5   Thumb Code    86  f2d.o(x$fpl$f2d)
    __fpl_fnaninf                            0x08005b4b   Thumb Code   140  fnaninf.o(x$fpl$fnaninf)
    _fp_init                                 0x08005bd7   Thumb Code    10  fpinit.o(x$fpl$fpinit)
    __fplib_config_fpu_vfp                   0x08005bdf   Thumb Code     0  fpinit.o(x$fpl$fpinit)
    __fplib_config_pureend_doubles           0x08005bdf   Thumb Code     0  fpinit.o(x$fpl$fpinit)
    __fpl_fretinf                            0x08005be1   Thumb Code    10  fretinf.o(x$fpl$fretinf)
    _printf_fp_dec                           0x08005beb   Thumb Code     4  printf1.o(x$fpl$printf1)
    __I$use$fp                               0x08005bee   Number         0  usenofp.o(x$fpl$usenofp)
    __mathlib_zero                           0x08005cd8   Data           8  qnan.o(.constdata)
    Region$$Table$$Base                      0x08005d94   Number         0  anon$$obj.o(Region$$Table)
    Region$$Table$$Limit                     0x08005db4   Number         0  anon$$obj.o(Region$$Table)
    system_micrsecond                        0x20000000   Data           4  main.o(.data)
    Init_Finish                              0x20000004   Data           1  main.o(.data)
    testPhase                                0x20000008   Data           4  main.o(.data)
    testPhaseDelta                           0x2000000c   Data           4  main.o(.data)
    loop_cnt                                 0x20000010   Data           2  scheduler.o(.data)
    i                                        0x20000014   Data           4  scheduler.o(.data)
    sysTickUptime                            0x20000018   Data           4  time.o(.data)
    time_1h                                  0x2000001c   Data           4  time.o(.data)
    time_1m                                  0x20000020   Data           4  time.o(.data)
    time_1s                                  0x20000024   Data           4  time.o(.data)
    time_1ms                                 0x20000028   Data           4  time.o(.data)
    exInt                                    0x2000002c   Data           4  imu.o(.data)
    eyInt                                    0x20000030   Data           4  imu.o(.data)
    ezInt                                    0x20000034   Data           4  imu.o(.data)
    q0                                       0x20000038   Data           4  imu.o(.data)
    q1                                       0x2000003c   Data           4  imu.o(.data)
    q2                                       0x20000040   Data           4  imu.o(.data)
    q3                                       0x20000044   Data           4  imu.o(.data)
    lastUpdate                               0x2000006c   Data           4  imu.o(.data)
    now                                      0x20000070   Data           4  imu.o(.data)
    yaw_temp                                 0x20000074   Data           4  imu.o(.data)
    pitch_temp                               0x20000078   Data           4  imu.o(.data)
    roll_temp                                0x2000007c   Data           4  imu.o(.data)
    last_yaw_temp                            0x20000080   Data           4  imu.o(.data)
    last_pitch_temp                          0x20000084   Data           4  imu.o(.data)
    last_roll_temp                           0x20000088   Data           4  imu.o(.data)
    yaw_angle                                0x2000008c   Data           4  imu.o(.data)
    pitch_angle                              0x20000090   Data           4  imu.o(.data)
    roll_angle                               0x20000094   Data           4  imu.o(.data)
    HMC5883_lastx                            0x2000009c   Data           4  mpu6050_driver.o(.data)
    HMC5883_lasty                            0x200000a0   Data           4  mpu6050_driver.o(.data)
    HMC5883_lastz                            0x200000a4   Data           4  mpu6050_driver.o(.data)
    MPU6050_Lastax                           0x200000a8   Data           2  mpu6050_driver.o(.data)
    MPU6050_Lastay                           0x200000aa   Data           2  mpu6050_driver.o(.data)
    MPU6050_Lastaz                           0x200000ac   Data           2  mpu6050_driver.o(.data)
    MPU6050_Lastgx                           0x200000ae   Data           2  mpu6050_driver.o(.data)
    MPU6050_Lastgy                           0x200000b0   Data           2  mpu6050_driver.o(.data)
    MPU6050_Lastgz                           0x200000b2   Data           2  mpu6050_driver.o(.data)
    isMPU6050_is_DRY                         0x200000b4   Data           1  mpu6050_interrupt.o(.data)
    ESP8266APPortLinkFlag                    0x200000b5   Data           1  driver_esp8266.o(.data)
    LatestRespond                            0x200000b6   Data           1  driver_esp8266.o(.data)
    ks                                       0x200000b8   Data           2  uart.o(.data)
    UARTtemp                                 0x200000ba   Data           1  uart.o(.data)
    __stdout                                 0x200000c0   Data           4  usart.o(.data)
    USART_RX_STA                             0x200000c4   Data           2  usart.o(.data)
    loop                                     0x200000d8   Data          16  scheduler.o(.bss)
    test                                     0x200000e8   Data          20  scheduler.o(.bss)
    Cycle_T                                  0x200000fc   Data          60  time.o(.bss)
    maxCnt                                   0x2000015c   Data          12  svpwm.o(.bss)
    minCnt                                   0x20000168   Data          12  svpwm.o(.bss)
    irqCnt                                   0x20000174   Data          12  svpwm.o(.bss)
    sinDataI16                               0x20000180   Data        2048  svpwm.o(.bss)
    mygetqval                                0x20000980   Data          36  imu.o(.bss)
    angle                                    0x200009b4   Data          12  imu.o(.bss)
    MPU6050_Raw_Data                         0x200009c0   Data          20  mpu6050_driver.o(.bss)
    MPU6050_Real_Data                        0x200009d4   Data          40  mpu6050_driver.o(.bss)
    ahrs                                     0x200009fc   Data          12  mpu6050_driver.o(.bss)
    mpu_buf                                  0x20000a08   Data          20  mpu6050_driver.o(.bss)
    MPU6050_FIFO                             0x20000a1c   Data         132  mpu6050_driver.o(.bss)
    HMC5883_FIFO                             0x20000aa0   Data          66  mpu6050_driver.o(.bss)
    MagMaxMinData                            0x20000ae2   Data          12  mpu6050_driver.o(.bss)
    USART_RX_BUF                             0x20000aee   Data         200  usart.o(.bss)
    __libspace_start                         0x20000bb8   Data          96  libspace.o(.bss)
    __temporary_stack_top$libspace           0x20000c18   Data           0  libspace.o(.bss)



==============================================================================

Memory Map of the image

  Image Entry point : 0x08000189

  Load Region LR_IROM1 (Base: 0x08000000, Size: 0x00005ea8, Max: 0x00100000, ABSOLUTE)

    Execution Region ER_IROM1 (Base: 0x08000000, Size: 0x00005dd0, Max: 0x00100000, ABSOLUTE)

    Base Addr    Size         Type   Attr      Idx    E Section Name        Object

    0x08000000   0x00000188   Data   RO         1458    RESET               startup_stm32f40_41xxx.o
    0x08000188   0x00000008   Code   RO         6238  * !!!main             c_w.l(__main.o)
    0x08000190   0x00000034   Code   RO         6610    !!!scatter          c_w.l(__scatter.o)
    0x080001c4   0x0000001a   Code   RO         6612    !!handler_copy      c_w.l(__scatter_copy.o)
    0x080001de   0x00000002   PAD
    0x080001e0   0x0000001c   Code   RO         6614    !!handler_zi        c_w.l(__scatter_zi.o)
    0x080001fc   0x00000000   Code   RO         6229    .ARM.Collect$$_printf_percent$$00000000  c_w.l(_printf_percent.o)
    0x080001fc   0x00000006   Code   RO         6228    .ARM.Collect$$_printf_percent$$00000003  c_w.l(_printf_f.o)
    0x08000202   0x00000004   Code   RO         6344    .ARM.Collect$$_printf_percent$$00000017  c_w.l(_printf_percent_end.o)
    0x08000206   0x00000002   Code   RO         6487    .ARM.Collect$$libinit$$00000000  c_w.l(libinit.o)
    0x08000208   0x00000004   Code   RO         6488    .ARM.Collect$$libinit$$00000001  c_w.l(libinit2.o)
    0x0800020c   0x00000000   Code   RO         6491    .ARM.Collect$$libinit$$00000004  c_w.l(libinit2.o)
    0x0800020c   0x00000000   Code   RO         6494    .ARM.Collect$$libinit$$0000000A  c_w.l(libinit2.o)
    0x0800020c   0x00000000   Code   RO         6496    .ARM.Collect$$libinit$$0000000C  c_w.l(libinit2.o)
    0x0800020c   0x00000000   Code   RO         6498    .ARM.Collect$$libinit$$0000000E  c_w.l(libinit2.o)
    0x0800020c   0x00000006   Code   RO         6499    .ARM.Collect$$libinit$$0000000F  c_w.l(libinit2.o)
    0x08000212   0x00000000   Code   RO         6501    .ARM.Collect$$libinit$$00000011  c_w.l(libinit2.o)
    0x08000212   0x00000000   Code   RO         6503    .ARM.Collect$$libinit$$00000013  c_w.l(libinit2.o)
    0x08000212   0x00000000   Code   RO         6505    .ARM.Collect$$libinit$$00000015  c_w.l(libinit2.o)
    0x08000212   0x0000000a   Code   RO         6506    .ARM.Collect$$libinit$$00000016  c_w.l(libinit2.o)
    0x0800021c   0x00000000   Code   RO         6507    .ARM.Collect$$libinit$$00000017  c_w.l(libinit2.o)
    0x0800021c   0x00000000   Code   RO         6509    .ARM.Collect$$libinit$$00000019  c_w.l(libinit2.o)
    0x0800021c   0x00000000   Code   RO         6511    .ARM.Collect$$libinit$$0000001B  c_w.l(libinit2.o)
    0x0800021c   0x00000000   Code   RO         6513    .ARM.Collect$$libinit$$0000001D  c_w.l(libinit2.o)
    0x0800021c   0x00000000   Code   RO         6515    .ARM.Collect$$libinit$$0000001F  c_w.l(libinit2.o)
    0x0800021c   0x00000000   Code   RO         6517    .ARM.Collect$$libinit$$00000021  c_w.l(libinit2.o)
    0x0800021c   0x00000000   Code   RO         6519    .ARM.Collect$$libinit$$00000023  c_w.l(libinit2.o)
    0x0800021c   0x00000000   Code   RO         6521    .ARM.Collect$$libinit$$00000025  c_w.l(libinit2.o)
    0x0800021c   0x00000000   Code   RO         6525    .ARM.Collect$$libinit$$0000002C  c_w.l(libinit2.o)
    0x0800021c   0x00000000   Code   RO         6527    .ARM.Collect$$libinit$$0000002E  c_w.l(libinit2.o)
    0x0800021c   0x00000000   Code   RO         6529    .ARM.Collect$$libinit$$00000030  c_w.l(libinit2.o)
    0x0800021c   0x00000000   Code   RO         6531    .ARM.Collect$$libinit$$00000032  c_w.l(libinit2.o)
    0x0800021c   0x00000002   Code   RO         6532    .ARM.Collect$$libinit$$00000033  c_w.l(libinit2.o)
    0x0800021e   0x00000002   Code   RO         6560    .ARM.Collect$$libshutdown$$00000000  c_w.l(libshutdown.o)
    0x08000220   0x00000000   Code   RO         6569    .ARM.Collect$$libshutdown$$00000002  c_w.l(libshutdown2.o)
    0x08000220   0x00000000   Code   RO         6571    .ARM.Collect$$libshutdown$$00000004  c_w.l(libshutdown2.o)
    0x08000220   0x00000000   Code   RO         6574    .ARM.Collect$$libshutdown$$00000007  c_w.l(libshutdown2.o)
    0x08000220   0x00000000   Code   RO         6577    .ARM.Collect$$libshutdown$$0000000A  c_w.l(libshutdown2.o)
    0x08000220   0x00000000   Code   RO         6579    .ARM.Collect$$libshutdown$$0000000C  c_w.l(libshutdown2.o)
    0x08000220   0x00000000   Code   RO         6582    .ARM.Collect$$libshutdown$$0000000F  c_w.l(libshutdown2.o)
    0x08000220   0x00000002   Code   RO         6583    .ARM.Collect$$libshutdown$$00000010  c_w.l(libshutdown2.o)
    0x08000222   0x00000000   Code   RO         6337    .ARM.Collect$$rtentry$$00000000  c_w.l(__rtentry.o)
    0x08000222   0x00000000   Code   RO         6413    .ARM.Collect$$rtentry$$00000002  c_w.l(__rtentry2.o)
    0x08000222   0x00000006   Code   RO         6425    .ARM.Collect$$rtentry$$00000004  c_w.l(__rtentry4.o)
    0x08000228   0x00000000   Code   RO         6415    .ARM.Collect$$rtentry$$00000009  c_w.l(__rtentry2.o)
    0x08000228   0x00000004   Code   RO         6416    .ARM.Collect$$rtentry$$0000000A  c_w.l(__rtentry2.o)
    0x0800022c   0x00000000   Code   RO         6418    .ARM.Collect$$rtentry$$0000000C  c_w.l(__rtentry2.o)
    0x0800022c   0x00000008   Code   RO         6419    .ARM.Collect$$rtentry$$0000000D  c_w.l(__rtentry2.o)
    0x08000234   0x00000002   Code   RO         6533    .ARM.Collect$$rtexit$$00000000  c_w.l(rtexit.o)
    0x08000236   0x00000000   Code   RO         6540    .ARM.Collect$$rtexit$$00000002  c_w.l(rtexit2.o)
    0x08000236   0x00000004   Code   RO         6541    .ARM.Collect$$rtexit$$00000003  c_w.l(rtexit2.o)
    0x0800023a   0x00000006   Code   RO         6542    .ARM.Collect$$rtexit$$00000004  c_w.l(rtexit2.o)
    0x08000240   0x00000040   Code   RO         1459    .text               startup_stm32f40_41xxx.o
    0x08000280   0x00000002   Code   RO         6195    .text               c_w.l(use_no_semi_2.o)
    0x08000282   0x00000002   PAD
    0x08000284   0x00000008   Code   RO         6200    .text               c_w.l(rt_errno_addr_intlibspace.o)
    0x0800028c   0x00000018   Code   RO         6204    .text               c_w.l(noretval__2printf.o)
    0x080002a4   0x00000068   Code   RO         6206    .text               c_w.l(__printf.o)
    0x0800030c   0x00000006   Code   RO         6236    .text               c_w.l(heapauxi.o)
    0x08000312   0x00000002   PAD
    0x08000314   0x00000008   Code   RO         6332    .text               c_w.l(libspace.o)
    0x0800031c   0x00000002   Code   RO         6335    .text               c_w.l(use_no_semi.o)
    0x0800031e   0x00000016   Code   RO         6338    .text               c_w.l(_rserrno.o)
    0x08000334   0x0000041a   Code   RO         6340    .text               c_w.l(_printf_fp_dec.o)
    0x0800074e   0x00000002   PAD
    0x08000750   0x00000024   Code   RO         6342    .text               c_w.l(_printf_char_file.o)
    0x08000774   0x00000008   Code   RO         6430    .text               c_w.l(rt_locale_intlibspace.o)
    0x0800077c   0x0000008a   Code   RO         6432    .text               c_w.l(lludiv10.o)
    0x08000806   0x00000002   PAD
    0x08000808   0x00000030   Code   RO         6434    .text               c_w.l(_printf_char_common.o)
    0x08000838   0x00000080   Code   RO         6436    .text               c_w.l(_printf_fp_infnan.o)
    0x080008b8   0x000000dc   Code   RO         6438    .text               c_w.l(bigflt0.o)
    0x08000994   0x00000008   Code   RO         6463    .text               c_w.l(ferror.o)
    0x0800099c   0x0000004a   Code   RO         6474    .text               c_w.l(sys_stackheap_outer.o)
    0x080009e6   0x00000012   Code   RO         6478    .text               c_w.l(exit.o)
    0x080009f8   0x00000080   Code   RO         6480    .text               c_w.l(strcmpv7m.o)
    0x08000a78   0x0000003e   Code   RO         6441    CL$$btod_d2e        c_w.l(btod.o)
    0x08000ab6   0x00000046   Code   RO         6443    CL$$btod_d2e_denorm_low  c_w.l(btod.o)
    0x08000afc   0x00000060   Code   RO         6442    CL$$btod_d2e_norm_op1  c_w.l(btod.o)
    0x08000b5c   0x00000338   Code   RO         6451    CL$$btod_div_common  c_w.l(btod.o)
    0x08000e94   0x000000c6   Code   RO         6448    CL$$btod_e2e        c_w.l(btod.o)
    0x08000f5a   0x00000028   Code   RO         6445    CL$$btod_ediv       c_w.l(btod.o)
    0x08000f82   0x00000028   Code   RO         6444    CL$$btod_emul       c_w.l(btod.o)
    0x08000faa   0x00000244   Code   RO         6450    CL$$btod_mult_common  c_w.l(btod.o)
    0x080011ee   0x00000004   Code   RO          225    i.BusFault_Handler  stm32f4xx_it.o
    0x080011f2   0x00000016   Code   RO          470    i.Cycle_Time_Init   time.o
    0x08001208   0x00000034   Code   RO         3215    i.DMA_ClearFlag     stm32f4xx_dma.o
    0x0800123c   0x00000016   Code   RO         3217    i.DMA_Cmd           stm32f4xx_dma.o
    0x08001252   0x00000014   Code   RO         3222    i.DMA_GetCmdStatus  stm32f4xx_dma.o
    0x08001266   0x00000004   Code   RO         3232    i.DMA_SetCurrDataCounter  stm32f4xx_dma.o
    0x0800126a   0x00000002   Code   RO          226    i.DebugMon_Handler  stm32f4xx_it.o
    0x0800126c   0x00000002   Code   RO          401    i.Duty_10ms         scheduler.o
    0x0800126e   0x00000002   Code   RO          402    i.Duty_1ms          scheduler.o
    0x08001270   0x00000002   Code   RO          403    i.Duty_20ms         scheduler.o
    0x08001272   0x00000002   PAD
    0x08001274   0x000000d0   Code   RO          404    i.Duty_2ms          scheduler.o
    0x08001344   0x00000010   Code   RO          405    i.Duty_50ms         scheduler.o
    0x08001354   0x00000002   Code   RO          406    i.Duty_5ms          scheduler.o
    0x08001356   0x00000002   PAD
    0x08001358   0x00000090   Code   RO          407    i.Duty_Loop         scheduler.o
    0x080013e8   0x00000018   Code   RO         1050    i.EXTI4_IRQHandler  mpu6050_interrupt.o
    0x08001400   0x0000000c   Code   RO         2427    i.EXTI_ClearFlag    stm32f4xx_exti.o
    0x0800140c   0x0000000c   Code   RO         2428    i.EXTI_ClearITPendingBit  stm32f4xx_exti.o
    0x08001418   0x00000018   Code   RO         2432    i.EXTI_GetITStatus  stm32f4xx_exti.o
    0x08001430   0x00000094   Code   RO         2433    i.EXTI_Init         stm32f4xx_exti.o
    0x080014c4   0x00000090   Code   RO         1510    i.GPIO_Init         stm32f4xx_gpio.o
    0x08001554   0x00000046   Code   RO         1511    i.GPIO_PinAFConfig  stm32f4xx_gpio.o
    0x0800159a   0x00000012   Code   RO         1514    i.GPIO_ReadInputDataBit  stm32f4xx_gpio.o
    0x080015ac   0x00000004   Code   RO         1517    i.GPIO_ResetBits    stm32f4xx_gpio.o
    0x080015b0   0x00000004   Code   RO         1518    i.GPIO_SetBits      stm32f4xx_gpio.o
    0x080015b4   0x000000f8   Code   RO          787    i.GetPitchYawGxGyGz  imu.o
    0x080016ac   0x00000034   Code   RO          471    i.GetSysTime_us     time.o
    0x080016e0   0x0000007c   Code   RO          472    i.Get_Cycle_T       time.o
    0x0800175c   0x00000008   Code   RO          755    i.Get_Time_Micros   timer.o
    0x08001764   0x0000008c   Code   RO          854    i.HMC5883_Init      mpu6050_driver.o
    0x080017f0   0x00000012   Code   RO          855    i.HMC58X3_ReadData  mpu6050_driver.o
    0x08001802   0x00000002   PAD
    0x08001804   0x0000006c   Code   RO          856    i.HMC58X3_getRaw    mpu6050_driver.o
    0x08001870   0x00000060   Code   RO          858    i.HMC58X3_mgetValues  mpu6050_driver.o
    0x080018d0   0x00000158   Code   RO          859    i.HMC58X3_newValues  mpu6050_driver.o
    0x08001a28   0x00000004   Code   RO          227    i.HardFault_Handler  stm32f4xx_it.o
    0x08001a2c   0x00000048   Code   RO          959    i.IIC_Ack           mpu6050_i2c.o
    0x08001a74   0x0000001a   Code   RO          960    i.IIC_Delay         mpu6050_i2c.o
    0x08001a8e   0x00000002   PAD
    0x08001a90   0x00000030   Code   RO          961    i.IIC_GPIO_Init     mpu6050_i2c.o
    0x08001ac0   0x0000005c   Code   RO          962    i.IIC_ReadBit       mpu6050_i2c.o
    0x08001b1c   0x000000b8   Code   RO          963    i.IIC_ReadData      mpu6050_i2c.o
    0x08001bd4   0x0000002c   Code   RO          964    i.IIC_SDA_In        mpu6050_i2c.o
    0x08001c00   0x00000028   Code   RO          965    i.IIC_SDA_Out       mpu6050_i2c.o
    0x08001c28   0x00000040   Code   RO          966    i.IIC_Start         mpu6050_i2c.o
    0x08001c68   0x00000040   Code   RO          967    i.IIC_Stop          mpu6050_i2c.o
    0x08001ca8   0x00000070   Code   RO          968    i.IIC_WaitAck       mpu6050_i2c.o
    0x08001d18   0x00000064   Code   RO          969    i.IIC_WriteBit      mpu6050_i2c.o
    0x08001d7c   0x00000080   Code   RO          970    i.IIC_WriteData     mpu6050_i2c.o
    0x08001dfc   0x000007c4   Code   RO          788    i.IMU_AHRSupdate    imu.o
    0x080025c0   0x0000004c   Code   RO          789    i.IMU_getQ          imu.o
    0x0800260c   0x000000cc   Code   RO          790    i.IMU_getValues     imu.o
    0x080026d8   0x0000023c   Code   RO          791    i.IMU_getYawPitchRoll  imu.o
    0x08002914   0x0000005c   Code   RO          408    i.Loop_check        scheduler.o
    0x08002970   0x000001f4   Code   RO          860    i.MPU6050_DataSave  mpu6050_driver.o
    0x08002b64   0x00000098   Code   RO          861    i.MPU6050_EnableInt  mpu6050_driver.o
    0x08002bfc   0x00000168   Code   RO          862    i.MPU6050_Init      mpu6050_driver.o
    0x08002d64   0x00000014   Code   RO          863    i.MPU6050_Initialize  mpu6050_driver.o
    0x08002d78   0x00000080   Code   RO         1051    i.MPU6050_IntConfiguration  mpu6050_interrupt.o
    0x08002df8   0x00000038   Code   RO          864    i.MPU6050_ReadData  mpu6050_driver.o
    0x08002e30   0x00000158   Code   RO          865    i.MPU6050_getMotion6  mpu6050_driver.o
    0x08002f88   0x00000004   Code   RO          228    i.MemManage_Handler  stm32f4xx_it.o
    0x08002f8c   0x00000002   Code   RO          229    i.NMI_Handler       stm32f4xx_it.o
    0x08002f8e   0x00000002   PAD
    0x08002f90   0x00000078   Code   RO         1465    i.NVIC_Init         misc.o
    0x08003008   0x00000014   Code   RO         1466    i.NVIC_PriorityGroupConfig  misc.o
    0x0800301c   0x00000002   Code   RO          230    i.PendSV_Handler    stm32f4xx_it.o
    0x0800301e   0x00000002   PAD
    0x08003020   0x00000020   Code   RO         1607    i.RCC_AHB1PeriphClockCmd  stm32f4xx_rcc.o
    0x08003040   0x00000020   Code   RO         1616    i.RCC_APB1PeriphClockCmd  stm32f4xx_rcc.o
    0x08003060   0x00000020   Code   RO         1619    i.RCC_APB2PeriphClockCmd  stm32f4xx_rcc.o
    0x08003080   0x000000e8   Code   RO         1628    i.RCC_GetClocksFreq  stm32f4xx_rcc.o
    0x08003168   0x00000002   Code   RO          231    i.SVC_Handler       stm32f4xx_it.o
    0x0800316a   0x00000002   PAD
    0x0800316c   0x00000040   Code   RO         1944    i.SYSCFG_EXTILineConfig  stm32f4xx_syscfg.o
    0x080031ac   0x000000ec   Code   RO          322    i.SetSysClock       system_stm32f4xx.o
    0x08003298   0x00000028   Code   RO         1469    i.SysTick_CLKSourceConfig  misc.o
    0x080032c0   0x0000006c   Code   RO          473    i.SysTick_Configuration  time.o
    0x0800332c   0x00000018   Code   RO          232    i.SysTick_Handler   stm32f4xx_it.o
    0x08003344   0x00000068   Code   RO          324    i.SystemInit        system_stm32f4xx.o
    0x080033ac   0x0000003c   Code   RO          756    i.TIM2_Configuration  timer.o
    0x080033e8   0x0000001e   Code   RO          757    i.TIM2_IRQHandler   timer.o
    0x08003406   0x00000002   PAD
    0x08003408   0x000000f8   Code   RO         1294    i.TIM3_PWM_Init     pwm.o
    0x08003500   0x00000018   Code   RO         2493    i.TIM_ARRPreloadConfig  stm32f4xx_tim.o
    0x08003518   0x00000006   Code   RO         2499    i.TIM_ClearFlag     stm32f4xx_tim.o
    0x0800351e   0x00000006   Code   RO         2500    i.TIM_ClearITPendingBit  stm32f4xx_tim.o
    0x08003524   0x00000018   Code   RO         2505    i.TIM_Cmd           stm32f4xx_tim.o
    0x0800353c   0x00000022   Code   RO         2526    i.TIM_GetITStatus   stm32f4xx_tim.o
    0x0800355e   0x00000002   PAD
    0x08003560   0x0000007c   Code   RO         2534    i.TIM_OC1Init       stm32f4xx_tim.o
    0x080035dc   0x00000012   Code   RO         2537    i.TIM_OC1PreloadConfig  stm32f4xx_tim.o
    0x080035ee   0x00000002   PAD
    0x080035f0   0x000000a4   Code   RO         2539    i.TIM_OC2Init       stm32f4xx_tim.o
    0x08003694   0x0000001a   Code   RO         2542    i.TIM_OC2PreloadConfig  stm32f4xx_tim.o
    0x080036ae   0x00000002   PAD
    0x080036b0   0x000000a0   Code   RO         2544    i.TIM_OC3Init       stm32f4xx_tim.o
    0x08003750   0x00000012   Code   RO         2547    i.TIM_OC3PreloadConfig  stm32f4xx_tim.o
    0x08003762   0x00000002   PAD
    0x08003764   0x00000078   Code   RO         2549    i.TIM_OC4Init       stm32f4xx_tim.o
    0x080037dc   0x0000001a   Code   RO         2551    i.TIM_OC4PreloadConfig  stm32f4xx_tim.o
    0x080037f6   0x00000002   PAD
    0x080037f8   0x00000084   Code   RO         2577    i.TIM_TimeBaseInit  stm32f4xx_tim.o
    0x0800387c   0x00000088   Code   RO         1409    i.USART1_IRQHandler  usart.o
    0x08003904   0x0000005c   Code   RO         1263    i.USART3_IRQHandler  uart.o
    0x08003960   0x00000018   Code   RO         2001    i.USART_Cmd         stm32f4xx_usart.o
    0x08003978   0x0000001a   Code   RO         2004    i.USART_GetFlagStatus  stm32f4xx_usart.o
    0x08003992   0x00000054   Code   RO         2005    i.USART_GetITStatus  stm32f4xx_usart.o
    0x080039e6   0x0000004a   Code   RO         2007    i.USART_ITConfig    stm32f4xx_usart.o
    0x08003a30   0x000000d4   Code   RO         2008    i.USART_Init        stm32f4xx_usart.o
    0x08003b04   0x0000000a   Code   RO         2015    i.USART_ReceiveData  stm32f4xx_usart.o
    0x08003b0e   0x00000008   Code   RO         2018    i.USART_SendData    stm32f4xx_usart.o
    0x08003b16   0x00000004   Code   RO          233    i.UsageFault_Handler  stm32f4xx_it.o
    0x08003b1a   0x00000030   Code   RO         6388    i.__ARM_fpclassify  m_wm.l(fpclassify.o)
    0x08003b4a   0x00000026   Code   RO         6390    i.__ARM_fpclassifyf  m_wm.l(fpclassifyf.o)
    0x08003b70   0x00000360   Code   RO         6272    i.__hardfp_asin     m_wm.l(asin.o)
    0x08003ed0   0x000002d8   Code   RO         6360    i.__hardfp_atan     m_wm.l(atan.o)
    0x080041a8   0x000001f0   Code   RO         6286    i.__hardfp_atan2    m_wm.l(atan2.o)
    0x08004398   0x000000e0   Code   RO         6304    i.__hardfp_round    m_wm.l(round.o)
    0x08004478   0x00000190   Code   RO         6308    i.__hardfp_sinf     m_wm.l(sinf.o)
    0x08004608   0x0000007a   Code   RO         6320    i.__hardfp_sqrt     m_wm.l(sqrt.o)
    0x08004682   0x000000f8   Code   RO         6406    i.__kernel_poly     m_wm.l(poly.o)
    0x0800477a   0x00000014   Code   RO         6375    i.__mathlib_dbl_infnan  m_wm.l(dunder.o)
    0x0800478e   0x00000014   Code   RO         6376    i.__mathlib_dbl_infnan2  m_wm.l(dunder.o)
    0x080047a2   0x00000006   PAD
    0x080047a8   0x00000020   Code   RO         6377    i.__mathlib_dbl_invalid  m_wm.l(dunder.o)
    0x080047c8   0x00000020   Code   RO         6380    i.__mathlib_dbl_underflow  m_wm.l(dunder.o)
    0x080047e8   0x00000006   Code   RO         6393    i.__mathlib_flt_infnan  m_wm.l(funder.o)
    0x080047ee   0x00000002   PAD
    0x080047f0   0x00000010   Code   RO         6395    i.__mathlib_flt_invalid  m_wm.l(funder.o)
    0x08004800   0x00000010   Code   RO         6398    i.__mathlib_flt_underflow  m_wm.l(funder.o)
    0x08004810   0x00000154   Code   RO         6409    i.__mathlib_rredf2  m_wm.l(rredf.o)
    0x08004964   0x00000004   Code   RO         1410    i._sys_exit         usart.o
    0x08004968   0x00000010   Code   RO         6362    i.atan              m_wm.l(atan.o)
    0x08004978   0x0000003c   Code   RO         1351    i.delay_init        delay.o
    0x080049b4   0x00000038   Code   RO         1352    i.delay_ms          delay.o
    0x080049ec   0x0000004c   Code   RO         1354    i.delay_xms         delay.o
    0x08004a38   0x00000018   Code   RO         6300    i.fabs              m_wm.l(fabs.o)
    0x08004a50   0x0000001c   Code   RO         1411    i.fputc             usart.o
    0x08004a6c   0x00000088   Code   RO          598    i.initSinArray      svpwm.o
    0x08004af4   0x0000003c   Code   RO          793    i.invSqrt           imu.o
    0x08004b30   0x00000064   Code   RO            3    i.main              main.o
    0x08004b94   0x00000020   Code   RO         1296    i.pwmtest           pwm.o
    0x08004bb4   0x0000006e   Code   RO         6322    i.sqrt              m_wm.l(sqrt.o)
    0x08004c22   0x00000002   PAD
    0x08004c24   0x00000094   Code   RO          474    i.sys_time          time.o
    0x08004cb8   0x000000ac   Code   RO         1412    i.uart_init         usart.o
    0x08004d64   0x00000076   Code   RO          360    i.usart1_niming_report  niming.o
    0x08004dda   0x000000c0   Code   RO          361    i.usart1_report_imu  niming.o
    0x08004e9a   0x00000002   PAD
    0x08004e9c   0x00000020   Code   RO          362    i.usart1_send_char  niming.o
    0x08004ebc   0x0000002c   Code   RO         6468    locale$$code        c_w.l(lc_numeric_c.o)
    0x08004ee8   0x00000018   Code   RO         6240    x$fpl$basic         fz_wm.l(basic.o)
    0x08004f00   0x00000062   Code   RO         6242    x$fpl$d2f           fz_wm.l(d2f.o)
    0x08004f62   0x00000002   PAD
    0x08004f64   0x00000150   Code   RO         6244    x$fpl$dadd          fz_wm.l(daddsub_clz.o)
    0x080050b4   0x00000018   Code   RO         6470    x$fpl$dcmpinf       fz_wm.l(dcmpi.o)
    0x080050cc   0x000002b0   Code   RO         6251    x$fpl$ddiv          fz_wm.l(ddiv.o)
    0x0800537c   0x0000005e   Code   RO         6254    x$fpl$dfix          fz_wm.l(dfix.o)
    0x080053da   0x00000002   PAD
    0x080053dc   0x00000078   Code   RO         6345    x$fpl$dleqf         fz_wm.l(dleqf.o)
    0x08005454   0x00000154   Code   RO         6264    x$fpl$dmul          fz_wm.l(dmul.o)
    0x080055a8   0x0000009c   Code   RO         6347    x$fpl$dnaninf       fz_wm.l(dnaninf.o)
    0x08005644   0x0000000c   Code   RO         6349    x$fpl$dretinf       fz_wm.l(dretinf.o)
    0x08005650   0x0000006c   Code   RO         6266    x$fpl$drleqf        fz_wm.l(drleqf.o)
    0x080056bc   0x000000b4   Code   RO         6351    x$fpl$drnd          fz_wm.l(drnd.o)
    0x08005770   0x00000016   Code   RO         6245    x$fpl$drsb          fz_wm.l(daddsub_clz.o)
    0x08005786   0x00000002   PAD
    0x08005788   0x00000198   Code   RO         6353    x$fpl$dsqrt         fz_wm.l(dsqrt_umaal.o)
    0x08005920   0x000001d4   Code   RO         6246    x$fpl$dsub          fz_wm.l(daddsub_clz.o)
    0x08005af4   0x00000056   Code   RO         6268    x$fpl$f2d           fz_wm.l(f2d.o)
    0x08005b4a   0x0000008c   Code   RO         6355    x$fpl$fnaninf       fz_wm.l(fnaninf.o)
    0x08005bd6   0x0000000a   Code   RO         6537    x$fpl$fpinit        fz_wm.l(fpinit.o)
    0x08005be0   0x0000000a   Code   RO         6357    x$fpl$fretinf       fz_wm.l(fretinf.o)
    0x08005bea   0x00000004   Code   RO         6270    x$fpl$printf1       fz_wm.l(printf1.o)
    0x08005bee   0x00000000   Code   RO         6359    x$fpl$usenofp       fz_wm.l(usenofp.o)
    0x08005bee   0x00000002   PAD
    0x08005bf0   0x00000050   Data   RO         6275    .constdata          m_wm.l(asin.o)
    0x08005c40   0x00000098   Data   RO         6363    .constdata          m_wm.l(atan.o)
    0x08005cd8   0x00000008   Data   RO         6408    .constdata          m_wm.l(qnan.o)
    0x08005ce0   0x00000020   Data   RO         6410    .constdata          m_wm.l(rredf.o)
    0x08005d00   0x00000094   Data   RO         6439    .constdata          c_w.l(bigflt0.o)
    0x08005d94   0x00000020   Data   RO         6608    Region$$Table       anon$$obj.o
    0x08005db4   0x0000001c   Data   RO         6467    locale$$data        c_w.l(lc_numeric_c.o)


    Execution Region RW_IRAM1 (Base: 0x20000000, Size: 0x00001218, Max: 0x00020000, ABSOLUTE)

    Base Addr    Size         Type   Attr      Idx    E Section Name        Object

    0x20000000   0x00000010   Data   RW            4    .data               main.o
    0x20000010   0x00000008   Data   RW          410    .data               scheduler.o
    0x20000018   0x00000014   Data   RW          476    .data               time.o
    0x2000002c   0x00000070   Data   RW          795    .data               imu.o
    0x2000009c   0x00000018   Data   RW          868    .data               mpu6050_driver.o
    0x200000b4   0x00000001   Data   RW         1052    .data               mpu6050_interrupt.o
    0x200000b5   0x00000002   Data   RW         1095    .data               driver_esp8266.o
    0x200000b7   0x00000001   PAD
    0x200000b8   0x00000003   Data   RW         1264    .data               uart.o
    0x200000bb   0x00000001   PAD
    0x200000bc   0x00000004   Data   RW         1355    .data               delay.o
    0x200000c0   0x00000006   Data   RW         1414    .data               usart.o
    0x200000c6   0x00000010   Data   RW         1660    .data               stm32f4xx_rcc.o
    0x200000d6   0x00000002   PAD
    0x200000d8   0x00000024   Zero   RW          409    .bss                scheduler.o
    0x200000fc   0x0000003c   Zero   RW          475    .bss                time.o
    0x20000138   0x00000848   Zero   RW          602    .bss                svpwm.o
    0x20000980   0x00000040   Zero   RW          794    .bss                imu.o
    0x200009c0   0x0000012e   Zero   RW          867    .bss                mpu6050_driver.o
    0x20000aee   0x000000c8   Zero   RW         1413    .bss                usart.o
    0x20000bb6   0x00000002   PAD
    0x20000bb8   0x00000060   Zero   RW         6333    .bss                c_w.l(libspace.o)
    0x20000c18   0x00000200   Zero   RW         1457    HEAP                startup_stm32f40_41xxx.o
    0x20000e18   0x00000400   Zero   RW         1456    STACK               startup_stm32f40_41xxx.o


==============================================================================

Image component sizes


      Code (inc. data)   RO Data    RW Data    ZI Data      Debug   Object Name

       192         12          0          4          0       1888   delay.o
         0          0          0          2          0       1096   driver_esp8266.o
      3148        240          0        112         64       5947   imu.o
       100         14          0         16          0     297636   main.o
       180         24          0          0          0       2001   misc.o
      2138        308          0         24        302      13353   mpu6050_driver.o
       974        134          0          0          0       7950   mpu6050_i2c.o
       152          4          0          1          0       1457   mpu6050_interrupt.o
       342          4          0          0          0       2518   niming.o
       280         16          0          0          0       1254   pwm.o
       468         54          0          8         36       4721   scheduler.o
        64         26        392          0       1536        824   startup_stm32f40_41xxx.o
        98         14          0          0          0       3442   stm32f4xx_dma.o
       196         22          0          0          0       2521   stm32f4xx_exti.o
       240          0          0          0          0       3407   stm32f4xx_gpio.o
        48          6          0          0          0       3934   stm32f4xx_it.o
       328         36          0         16          0       4511   stm32f4xx_rcc.o
        64          4          0          0          0        636   stm32f4xx_syscfg.o
       882         66          0          0          0       9282   stm32f4xx_tim.o
       438          8          0          0          0       5313   stm32f4xx_usart.o
       136         18          0          0       2120       1761   svpwm.o
       340         32          0          0          0       1417   system_stm32f4xx.o
       454         42          0         20         60      30205   time.o
        98          0          0          0          0       1397   timer.o
        92         20          0          3          0        690   uart.o
       340         28          0          6        200       4148   usart.o

    ----------------------------------------------------------------------
     11820       1132        424        216       4320     413309   Object Totals
         0          0         32          0          0          0   (incl. Generated)
        28          0          0          4          2          0   (incl. Padding)

    ----------------------------------------------------------------------

      Code (inc. data)   RO Data    RW Data    ZI Data      Debug   Library Member Name

         8          0          0          0          0         68   __main.o
       104          0          0          0          0         84   __printf.o
         0          0          0          0          0          0   __rtentry.o
        12          0          0          0          0          0   __rtentry2.o
         6          0          0          0          0          0   __rtentry4.o
        52          8          0          0          0          0   __scatter.o
        26          0          0          0          0          0   __scatter_copy.o
        28          0          0          0          0          0   __scatter_zi.o
        48          6          0          0          0         96   _printf_char_common.o
        36          4          0          0          0         80   _printf_char_file.o
         6          0          0          0          0          0   _printf_f.o
      1050          0          0          0          0        216   _printf_fp_dec.o
       128         16          0          0          0         84   _printf_fp_infnan.o
         0          0          0          0          0          0   _printf_percent.o
         4          0          0          0          0          0   _printf_percent_end.o
        22          0          0          0          0        100   _rserrno.o
       220          4        148          0          0         96   bigflt0.o
      1910        128          0          0          0        672   btod.o
        18          0          0          0          0         80   exit.o
         8          0          0          0          0         68   ferror.o
         6          0          0          0          0        152   heapauxi.o
        44         10         28          0          0         76   lc_numeric_c.o
         2          0          0          0          0          0   libinit.o
        22          0          0          0          0          0   libinit2.o
         2          0          0          0          0          0   libshutdown.o
         2          0          0          0          0          0   libshutdown2.o
         8          4          0          0         96         68   libspace.o
       138          0          0          0          0         80   lludiv10.o
        24          4          0          0          0         84   noretval__2printf.o
         8          4          0          0          0         68   rt_errno_addr_intlibspace.o
         8          4          0          0          0         68   rt_locale_intlibspace.o
         2          0          0          0          0          0   rtexit.o
        10          0          0          0          0          0   rtexit2.o
       128          0          0          0          0         68   strcmpv7m.o
        74          0          0          0          0         80   sys_stackheap_outer.o
         2          0          0          0          0         68   use_no_semi.o
         2          0          0          0          0         68   use_no_semi_2.o
        24          0          0          0          0        164   basic.o
        98          4          0          0          0        140   d2f.o
       826         16          0          0          0        492   daddsub_clz.o
        24          0          0          0          0        116   dcmpi.o
       688        140          0          0          0        256   ddiv.o
        94          4          0          0          0        140   dfix.o
       120          4          0          0          0        140   dleqf.o
       340         12          0          0          0        152   dmul.o
       156          4          0          0          0        140   dnaninf.o
        12          0          0          0          0        116   dretinf.o
       108          0          0          0          0        128   drleqf.o
       180          4          0          0          0        128   drnd.o
       408         56          0          0          0        168   dsqrt_umaal.o
        86          4          0          0          0        132   f2d.o
       140          4          0          0          0        132   fnaninf.o
        10          0          0          0          0        116   fpinit.o
        10          0          0          0          0        116   fretinf.o
         4          0          0          0          0        116   printf1.o
         0          0          0          0          0          0   usenofp.o
       864         94         80          0          0        280   asin.o
       744        106        152          0          0        352   atan.o
       496         64          0          0          0        192   atan2.o
       104         16          0          0          0        496   dunder.o
        24          0          0          0          0        124   fabs.o
        48          0          0          0          0        124   fpclassify.o
        38          0          0          0          0        116   fpclassifyf.o
        38         12          0          0          0        348   funder.o
       248          0          0          0          0        152   poly.o
         0          0          8          0          0          0   qnan.o
       224         30          0          0          0        172   round.o
       340         24         32          0          0        160   rredf.o
       400         56          0          0          0        212   sinf.o
       232          0          0          0          0        296   sqrt.o

    ----------------------------------------------------------------------
     11324        846        448          0         96       8440   Library Totals
        28          0          0          0          0          0   (incl. Padding)

    ----------------------------------------------------------------------

      Code (inc. data)   RO Data    RW Data    ZI Data      Debug   Library Name

      4168        192        176          0         96       2524   c_w.l
      3328        252          0          0          0       2892   fz_wm.l
      3800        402        272          0          0       3024   m_wm.l

    ----------------------------------------------------------------------
     11324        846        448          0         96       8440   Library Totals

    ----------------------------------------------------------------------

==============================================================================


      Code (inc. data)   RO Data    RW Data    ZI Data      Debug   

     23144       1978        872        216       4416     405897   Grand Totals
     23144       1978        872        216       4416     405897   ELF Image Totals
     23144       1978        872        216          0          0   ROM Totals

==============================================================================

    Total RO  Size (Code + RO Data)                24016 (  23.45kB)
    Total RW  Size (RW Data + ZI Data)              4632 (   4.52kB)
    Total ROM Size (Code + RO Data + RW Data)      24232 (  23.66kB)

==============================================================================

