<html>
<body>
<pre>
<h1>礦ision Build Log</h1>
<h2>Tool Versions:</h2>
IDE-Version: μVision V5.21.1.0
Copyright (C) 2016 ARM Ltd and ARM Germany GmbH. All rights reserved.
License Information: 22 2, 2, LIC=V8574-FX1HY-WJD6K-ZW231-GH9ED-JW8K9
 
Tool Versions:
Toolchain:       MDK-ARM Professional  Version: 5.21a
Toolchain Path:  H:\MDK5\ARM\ARMCC\Bin
C Compiler:      Armcc.exe V5.06 update 3 (build 300)
Assembler:       Armasm.exe V5.06 update 3 (build 300)
Linker/Locator:  ArmLink.exe V5.06 update 3 (build 300)
Library Manager: ArmAr.exe V5.06 update 3 (build 300)
Hex Converter:   FromElf.exe V5.06 update 3 (build 300)
CPU DLL:         SARMCM3.DLL V5.21a
Dialog DLL:      DCM.DLL V1.13.8.0
Target DLL:      STLink\ST-LINKIII-KEIL_SWO.dll V2.0.18.0
Dialog DLL:      TCM.DLL V1.14.14.0
 
<h2>Project:</h2>
H:\大创\Gimbalnuaa_std\F407STD\USER\RM_AHRS_gimbal.uvprojx
Project File Date:  03/14/2018

<h2>Output:</h2>
*** Using Compiler 'V5.06 update 3 (build 300)', folder: 'H:\MDK5\ARM\ARMCC\Bin'
Build target 'LED'
compiling stm32f4xx_it.c...
compiling niming.c...
compiling main.c...
compiling time.c...
compiling pid.c...
compiling scheduler.c...
..\HARDWARE\ano_frame\scheduler.c(83): warning:  #188-D: enumerated type mixed with another type
  	Motor0_Run(0,4*
OTOR_BASIC_SPEED);
..\HARDWARE\ano_frame\scheduler.c: 1 warning, 0 errors
compiling svpwm.c...
compiling gradu_motor.c...
compiling utilities.c...
compiling led.c...
compiling timer.c...
compiling imu.c...
compiling mpu6050_i2c.c...
compiling mpu6050_driver.c...
..\HARDWARE\imu_driver\mpu6050_driver.c(431): warning:  #1035-D: single-precision operand implicitly converted to double-precision
  	headingDegrees += 
agnetcDeclination;
..\HARDWARE\imu_driver\mpu6050_driver.c: 1 warning, 0 errors
compiling mpu6050_interrupt.c...
compiling Driver_ESP8266.c...
..\HARDWARE\ESP8266\Driver_ESP8266.c(204): warning:  #1215-D: #warning directive: decoding is not finished!!!
  #warning decoding is not finished!!!
..\HARDWARE\ESP8266\Driver_ESP8266.c: 1 warning, 0 errors
compiling StringDecoding.c...
compiling DMA.c...
DMA.c(107): warning:  #1-D: last line of file ends without a newline
  }
DMA.c: 1 warning, 0 errors
compiling pwm.c...
compiling UART.c...
compiling out6050_i2c.c...
compiling out6050_interrupt.c...
compiling out6050_driver.c...
compiling outimu.c...
compiling delay.c...
compiling cali.c...
compiling sys.c...
compiling usart.c...
linking...
Program Size: Code=26970 RO-data=1094 RW-data=316 ZI-data=13108  
FromELF: creating hex file...
"..\OBJ\LED.axf" - 0 Error(s), 4 Warning(s).

<h2>Collection of Component include folders:</h2>
  H:\大创\Gimbalnuaa_std\F407STD\USER\RTE
  H:\MDK5\ARM\PACK\Keil\STM32F4xx_DFP\2.11.0\Drivers\CMSIS\Device\ST\STM32F4xx\Include

<h2>Collection of Component Files used:</h2>
Build Time Elapsed:  00:00:30
</pre>
</body>
</html>
