Component: ARM Compiler 5.06 update 3 (build 300) Tool: armlink [4d35c9]

==============================================================================

Section Cross References

    main.o(i.main) refers to misc.o(i.NVIC_PriorityGroupConfig) for NVIC_PriorityGroupConfig
    main.o(i.main) refers to usart.o(i.uart_init) for uart_init
    main.o(i.main) refers to delay.o(i.delay_init) for delay_init
    main.o(i.main) refers to timer.o(i.TIM2_Configuration) for TIM2_Configuration
    main.o(i.main) refers to mpu6050_driver.o(i.MPU6050_Initialize) for MPU6050_Initialize
    main.o(i.main) refers to mpu6050_interrupt.o(i.MPU6050_IntConfiguration) for MPU6050_IntConfiguration
    main.o(i.main) refers to mpu6050_driver.o(i.MPU6050_EnableInt) for MPU6050_EnableInt
    main.o(i.main) refers to time.o(i.SysTick_Configuration) for SysTick_Configuration
    main.o(i.main) refers to time.o(i.Cycle_Time_Init) for Cycle_Time_Init
    main.o(i.main) refers to gradu_motor.o(i.Motor_Init) for Motor_Init
    main.o(i.main) refers to scheduler.o(i.Duty_Loop) for Duty_Loop
    main.o(i.main) refers to time.o(.data) for sysTickUptime
    main.o(i.main) refers to main.o(.data) for system_micrsecond
    stm32f4xx_it.o(i.SysTick_Handler) refers to time.o(i.sys_time) for sys_time
    stm32f4xx_it.o(i.SysTick_Handler) refers to time.o(.data) for sysTickUptime
    system_stm32f4xx.o(i.SystemCoreClockUpdate) refers to system_stm32f4xx.o(.data) for SystemCoreClock
    system_stm32f4xx.o(i.SystemInit) refers to system_stm32f4xx.o(i.SetSysClock) for SetSysClock
    niming.o(i.mpu6050_send_data) refers to niming.o(i.usart1_niming_report) for usart1_niming_report
    niming.o(i.usart1_niming_report) refers to niming.o(i.usart1_send_char) for usart1_send_char
    niming.o(i.usart1_report_imu) refers to niming.o(i.usart1_niming_report) for usart1_niming_report
    niming.o(i.usart1_send_char) refers to stm32f4xx_usart.o(i.USART_GetFlagStatus) for USART_GetFlagStatus
    niming.o(i.usart1_send_char) refers to stm32f4xx_usart.o(i.USART_SendData) for USART_SendData
    scheduler.o(i.Duty_2ms) refers to _printf_percent.o(.ARM.Collect$$_printf_percent$$00000000) for _printf_percent
    scheduler.o(i.Duty_2ms) refers to _printf_f.o(.ARM.Collect$$_printf_percent$$00000003) for _printf_f
    scheduler.o(i.Duty_2ms) refers to printf1.o(x$fpl$printf1) for _printf_fp_dec
    scheduler.o(i.Duty_2ms) refers to imu.o(i.GetPitchYawGxGyGz) for GetPitchYawGxGyGz
    scheduler.o(i.Duty_2ms) refers to imu.o(i.IMU_getYawPitchRoll) for IMU_getYawPitchRoll
    scheduler.o(i.Duty_2ms) refers to f2d.o(x$fpl$f2d) for __aeabi_f2d
    scheduler.o(i.Duty_2ms) refers to noretval__2printf.o(.text) for __2printf
    scheduler.o(i.Duty_2ms) refers to niming.o(i.usart1_report_imu) for usart1_report_imu
    scheduler.o(i.Duty_2ms) refers to mpu6050_interrupt.o(.data) for isMPU6050_is_DRY
    scheduler.o(i.Duty_2ms) refers to imu.o(.bss) for angle
    scheduler.o(i.Duty_5ms) refers to gradu_motor.o(i.Motor0_Run) for Motor0_Run
    scheduler.o(i.Duty_Loop) refers to scheduler.o(i.Duty_1ms) for Duty_1ms
    scheduler.o(i.Duty_Loop) refers to scheduler.o(i.Duty_2ms) for Duty_2ms
    scheduler.o(i.Duty_Loop) refers to scheduler.o(i.Duty_5ms) for Duty_5ms
    scheduler.o(i.Duty_Loop) refers to scheduler.o(i.Duty_10ms) for Duty_10ms
    scheduler.o(i.Duty_Loop) refers to scheduler.o(i.Duty_20ms) for Duty_20ms
    scheduler.o(i.Duty_Loop) refers to scheduler.o(i.Duty_50ms) for Duty_50ms
    scheduler.o(i.Duty_Loop) refers to scheduler.o(.bss) for loop
    scheduler.o(i.Duty_Loop) refers to time.o(.data) for time_1ms
    scheduler.o(i.Duty_Loop) refers to scheduler.o(.data) for loop_cnt
    scheduler.o(i.Loop_check) refers to scheduler.o(.bss) for loop
    time.o(i.Cycle_Time_Init) refers to time.o(i.Get_Cycle_T) for Get_Cycle_T
    time.o(i.GetSysTime_us) refers to time.o(.data) for sysTickUptime
    time.o(i.Get_Cycle_T) refers to time.o(i.GetSysTime_us) for GetSysTime_us
    time.o(i.Get_Cycle_T) refers to time.o(.bss) for Cycle_T
    time.o(i.SysTick_Configuration) refers to stm32f4xx_rcc.o(i.RCC_GetClocksFreq) for RCC_GetClocksFreq
    time.o(i.SysTick_Configuration) refers to misc.o(i.SysTick_CLKSourceConfig) for SysTick_CLKSourceConfig
    time.o(i.sys_time) refers to scheduler.o(i.Loop_check) for Loop_check
    time.o(i.sys_time) refers to main.o(.data) for Init_Finish
    time.o(i.sys_time) refers to time.o(.data) for time_1ms
    pid.o(i.initPID) refers to pid.o(.data) for rc
    pid.o(i.initPID) refers to pid.o(.bss) for eepromConfig
    pid.o(i.setPIDintegralError) refers to pid.o(.bss) for eepromConfig
    pid.o(i.setPIDstates) refers to pid.o(.bss) for eepromConfig
    pid.o(i.updatePID) refers to utilities.o(i.standardRadianFormat) for standardRadianFormat
    pid.o(i.updatePID) refers to utilities.o(i.constrain) for constrain
    pid.o(i.updatePID) refers to pid.o(.data) for rc
[...]
    x$fpl$drsb                               0x08005d08   Section       22  daddsub_clz.o(x$fpl$drsb)
    $v0                                      0x08005d08   Number         0  daddsub_clz.o(x$fpl$drsb)
    x$fpl$dsqrt                              0x08005d20   Section      408  dsqrt_umaal.o(x$fpl$dsqrt)
    $v0                                      0x08005d20   Number         0  dsqrt_umaal.o(x$fpl$dsqrt)
    x$fpl$dsub                               0x08005eb8   Section      468  daddsub_clz.o(x$fpl$dsub)
    $v0                                      0x08005eb8   Number         0  daddsub_clz.o(x$fpl$dsub)
    _dsub1                                   0x08005ec9   Thumb Code     0  daddsub_clz.o(x$fpl$dsub)
    x$fpl$f2d                                0x0800608c   Section       86  f2d.o(x$fpl$f2d)
    $v0                                      0x0800608c   Number         0  f2d.o(x$fpl$f2d)
    x$fpl$fnaninf                            0x080060e2   Section      140  fnaninf.o(x$fpl$fnaninf)
    $v0                                      0x080060e2   Number         0  fnaninf.o(x$fpl$fnaninf)
    x$fpl$fpinit                             0x0800616e   Section       10  fpinit.o(x$fpl$fpinit)
    $v0                                      0x0800616e   Number         0  fpinit.o(x$fpl$fpinit)
    x$fpl$fretinf                            0x08006178   Section       10  fretinf.o(x$fpl$fretinf)
    $v0                                      0x08006178   Number         0  fretinf.o(x$fpl$fretinf)
    x$fpl$printf1                            0x08006182   Section        4  printf1.o(x$fpl$printf1)
    $v0                                      0x08006182   Number         0  printf1.o(x$fpl$printf1)
    .constdata                               0x08006186   Section        2  gradu_motor.o(.constdata)
    x$fpl$usenofp                            0x08006186   Section        0  usenofp.o(x$fpl$usenofp)
    mdir_cal_factor                          0x08006186   Data           2  gradu_motor.o(.constdata)
    .constdata                               0x08006188   Section       80  asin.o(.constdata)
    pS                                       0x08006188   Data          48  asin.o(.constdata)
    qS                                       0x080061b8   Data          32  asin.o(.constdata)
    .constdata                               0x080061d8   Section      152  atan.o(.constdata)
    atanhi                                   0x080061d8   Data          32  atan.o(.constdata)
    atanlo                                   0x080061f8   Data          32  atan.o(.constdata)
    aTodd                                    0x08006218   Data          40  atan.o(.constdata)
    aTeven                                   0x08006240   Data          48  atan.o(.constdata)
    .constdata                               0x08006270   Section       48  cos_i.o(.constdata)
    C                                        0x08006270   Data          48  cos_i.o(.constdata)
    .constdata                               0x080062a0   Section        8  qnan.o(.constdata)
    .constdata                               0x080062a8   Section      200  rred.o(.constdata)
    pio2s                                    0x080062a8   Data          48  rred.o(.constdata)
    twooverpi                                0x080062d8   Data         152  rred.o(.constdata)
    .constdata                               0x08006370   Section       40  sin_i.o(.constdata)
    S                                        0x08006370   Data          40  sin_i.o(.constdata)
    .constdata                               0x08006398   Section      148  bigflt0.o(.constdata)
    tenpwrs_x                                0x08006398   Data          60  bigflt0.o(.constdata)
    tenpwrs_i                                0x080063d4   Data          64  bigflt0.o(.constdata)
    locale$$data                             0x0800644c   Section       28  lc_numeric_c.o(locale$$data)
    __lcnum_c_name                           0x08006450   Data           2  lc_numeric_c.o(locale$$data)
    __lcnum_c_start                          0x08006458   Data           0  lc_numeric_c.o(locale$$data)
    __lcnum_c_point                          0x08006464   Data           0  lc_numeric_c.o(locale$$data)
    __lcnum_c_thousands                      0x08006466   Data           0  lc_numeric_c.o(locale$$data)
    __lcnum_c_grouping                       0x08006467   Data           0  lc_numeric_c.o(locale$$data)
    __lcnum_c_end                            0x08006468   Data           0  lc_numeric_c.o(locale$$data)
    .data                                    0x20000000   Section       40  main.o(.data)
    sineArraySize                            0x20000000   Data           2  main.o(.data)
    phaseShift                               0x20000002   Data           2  main.o(.data)
    mPitch                                   0x20000004   Data           6  main.o(.data)
    mRoll                                    0x2000000a   Data           6  main.o(.data)
    mYaw                                     0x20000010   Data           6  main.o(.data)
    .data                                    0x20000028   Section       32  scheduler.o(.data)
    sineArraySize                            0x20000028   Data           2  scheduler.o(.data)
    phaseShift                               0x2000002a   Data           2  scheduler.o(.data)
    mPitch                                   0x2000002c   Data           6  scheduler.o(.data)
    mRoll                                    0x20000032   Data           6  scheduler.o(.data)
    mYaw                                     0x20000038   Data           6  scheduler.o(.data)
    .data                                    0x20000048   Section       20  time.o(.data)
    .data                                    0x2000005c   Section        4  drv_irq.o(.data)
    .data                                    0x20000060   Section       30  gradu_motor.o(.data)
    sineArraySize                            0x20000060   Data           2  gradu_motor.o(.data)
    phaseShift                               0x20000062   Data           2  gradu_motor.o(.data)
    mPitch                                   0x20000064   Data           6  gradu_motor.o(.data)
    mRoll                                    0x2000006a   Data           6  gradu_motor.o(.data)
    mYaw                                     0x20000070   Data           6  gradu_motor.o(.data)
    preSpeed                                 0x20000076   Data           2  gradu_motor.o(.data)
    timeout                                  0x20000078   Data           2  gradu_motor.o(.data)
    cntTime                                  0x2000007a   Data           2  gradu_motor.o(.data)
    growthFactor                             0x2000007c   Data           2  gradu_motor.o(.data)
    .data                                    0x20000080   Section      112  imu.o(.data)
    gx                                       0x2000009c   Data           4  imu.o(.data)
    gy                                       0x200000a0   Data           4  imu.o(.data)
    gz                                       0x200000a4   Data           4  imu.o(.data)
    ax                                       0x200000a8   Data           4  imu.o(.data)
    ay                                       0x200000ac   Data           4  imu.o(.data)
    az                                       0x200000b0   Data           4  imu.o(.data)
    mx                                       0x200000b4   Data           4  imu.o(.data)
    my                                       0x200000b8   Data           4  imu.o(.data)
    mz                                       0x200000bc   Data           4  imu.o(.data)
    yaw_count                                0x200000ec   Data           4  imu.o(.data)
    .data                                    0x200000f0   Section       24  mpu6050_driver.o(.data)
    .data                                    0x20000108   Section        1  mpu6050_interrupt.o(.data)
    .data                                    0x20000109   Section        2  driver_esp8266.o(.data)
    .data                                    0x2000010c   Section        3  uart.o(.data)
    .data                                    0x20000110   Section        4  delay.o(.data)
    fac_us                                   0x20000110   Data           1  delay.o(.data)
    fac_ms                                   0x20000112   Data           2  delay.o(.data)
    .data                                    0x20000114   Section        6  usart.o(.data)
    .data                                    0x2000011a   Section       16  stm32f4xx_rcc.o(.data)
    APBAHBPrescTable                         0x2000011a   Data          16  stm32f4xx_rcc.o(.data)
    .bss                                     0x2000012c   Section     4132  scheduler.o(.bss)
    pwmSin                                   0x2000012c   Data        4096  scheduler.o(.bss)
    .bss                                     0x20001150   Section       60  time.o(.bss)
    .bss                                     0x2000118c   Section     2120  svpwm.o(.bss)
    .bss                                     0x200019d4   Section     4096  gradu_motor.o(.bss)
    pwmSin                                   0x200019d4   Data        4096  gradu_motor.o(.bss)
    .bss                                     0x200029d4   Section       64  imu.o(.bss)
    q                                        0x200029f8   Data          16  imu.o(.bss)
    .bss                                     0x20002a14   Section      302  mpu6050_driver.o(.bss)
    .bss                                     0x20002b42   Section      200  usart.o(.bss)
    .bss                                     0x20002c0c   Section       96  libspace.o(.bss)
    HEAP                                     0x20002c70   Section      512  startup_stm32f40_41xxx.o(HEAP)
    Heap_Mem                                 0x20002c70   Data         512  startup_stm32f40_41xxx.o(HEAP)
    STACK                                    0x20002e70   Section     1024  startup_stm32f40_41xxx.o(STACK)
    Stack_Mem                                0x20002e70   Data        1024  startup_stm32f40_41xxx.o(STACK)
    __initial_sp                             0x20003270   Data           0  startup_stm32f40_41xxx.o(STACK)

    Global Symbols

    Symbol Name                              Value     Ov Type        Size  Object(Section)

    BuildAttributes$$THM_ISAv4$E$P$D$K$B$S$7EM$VFPi3$EXTD16$VFPS$VFMA$PE$A:L22UL41UL21$X:L11$S22US41US21$IEEE1$IW$USESV6$~STKCKD$USESV7$~SHL$OTIME$ROPI$IEEEX$EBA8$UX$STANDARDLIB$REQ8$PRES8$EABIv2 0x00000000   Number         0  anon$$obj.o ABSOLUTE
    __ARM_use_no_argv                        0x00000000   Number         0  main.o ABSOLUTE
    __ARM_exceptions_init                     - Undefined Weak Reference
    __alloca_initialize                       - Undefined Weak Reference
    __arm_preinit_                            - Undefined Weak Reference
    __cpp_initialize__aeabi_                  - Undefined Weak Reference
    __cxa_finalize                            - Undefined Weak Reference
    __sigvec_lookup                           - Undefined Weak Reference
    _atexit_init                              - Undefined Weak Reference
    _call_atexit_fns                          - Undefined Weak Reference
    _clock_init                               - Undefined Weak Reference
    _fp_trap_init                             - Undefined Weak Reference
    _fp_trap_shutdown                         - Undefined Weak Reference
    _get_lc_collate                           - Undefined Weak Reference
    _get_lc_ctype                             - Undefined Weak Reference
    _get_lc_monetary                          - Undefined Weak Reference
    _get_lc_time                              - Undefined Weak Reference
    _getenv_init                              - Undefined Weak Reference
    _handle_redirection                       - Undefined Weak Reference
    _init_alloc                               - Undefined Weak Reference
    _init_user_alloc                          - Undefined Weak Reference
    _initio                                   - Undefined Weak Reference
    _mutex_acquire                            - Undefined Weak Reference
    _mutex_release                            - Undefined Weak Reference
    _printf_post_padding                      - Undefined Weak Reference
    _printf_pre_padding                       - Undefined Weak Reference
    _rand_init                                - Undefined Weak Reference
    _signal_finish                            - Undefined Weak Reference
    _signal_init                              - Undefined Weak Reference
    _terminate_alloc                          - Undefined Weak Reference
    _terminate_user_alloc                     - Undefined Weak Reference
    _terminateio                              - Undefined Weak Reference
    __Vectors_Size                           0x00000188   Number         0  startup_stm32f40_41xxx.o ABSOLUTE
    __Vectors                                0x08000000   Data           4  startup_stm32f40_41xxx.o(RESET)
    __Vectors_End                            0x08000188   Data           0  startup_stm32f40_41xxx.o(RESET)
    __main                                   0x08000189   Thumb Code     8  __main.o(!!!main)
    __scatterload                            0x08000191   Thumb Code     0  __scatter.o(!!!scatter)
    __scatterload_rt2                        0x08000191   Thumb Code    44  __scatter.o(!!!scatter)
    __scatterload_rt2_thumb_only             0x08000191   Thumb Code     0  __scatter.o(!!!scatter)
    __scatterload_null                       0x0800019f   Thumb Code     0  __scatter.o(!!!scatter)
    __decompress                             0x080001c5   Thumb Code    90  __dczerorl2.o(!!dczerorl2)
    __decompress1                            0x080001c5   Thumb Code     0  __dczerorl2.o(!!dczerorl2)
    __scatterload_zeroinit                   0x08000221   Thumb Code    28  __scatter_zi.o(!!handler_zi)
    _printf_f                                0x0800023d   Thumb Code     0  _printf_f.o(.ARM.Collect$$_printf_percent$$00000003)
    _printf_percent                          0x0800023d   Thumb Code     0  _printf_percent.o(.ARM.Collect$$_printf_percent$$00000000)
    _printf_percent_end                      0x08000243   Thumb Code     0  _printf_percent_end.o(.ARM.Collect$$_printf_percent$$00000017)
    __rt_lib_init                            0x08000247   Thumb Code     0  libinit.o(.ARM.Collect$$libinit$$00000000)
    __rt_lib_init_fp_1                       0x08000249   Thumb Code     0  libinit2.o(.ARM.Collect$$libinit$$00000001)
    __rt_lib_init_heap_1                     0x0800024d   Thumb Code     0  libinit2.o(.ARM.Collect$$libinit$$0000000A)
    __rt_lib_init_lc_common                  0x0800024d   Thumb Code     0  libinit2.o(.ARM.Collect$$libinit$$0000000F)
    __rt_lib_init_preinit_1                  0x0800024d   Thumb Code     0  libinit2.o(.ARM.Collect$$libinit$$00000004)
    __rt_lib_init_rand_1                     0x0800024d   Thumb Code     0  libinit2.o(.ARM.Collect$$libinit$$0000000E)
    __rt_lib_init_user_alloc_1               0x0800024d   Thumb Code     0  libinit2.o(.ARM.Collect$$libinit$$0000000C)
    __rt_lib_init_lc_collate_1               0x08000253   Thumb Code     0  libinit2.o(.ARM.Collect$$libinit$$00000011)
    __rt_lib_init_lc_ctype_1                 0x08000253   Thumb Code     0  libinit2.o(.ARM.Collect$$libinit$$00000013)
    __rt_lib_init_lc_monetary_1              0x08000253   Thumb Code     0  libinit2.o(.ARM.Collect$$libinit$$00000015)
    __rt_lib_init_lc_numeric_2               0x08000253   Thumb Code     0  libinit2.o(.ARM.Collect$$libinit$$00000016)
    __rt_lib_init_alloca_1                   0x0800025d   Thumb Code     0  libinit2.o(.ARM.Collect$$libinit$$0000002E)
    __rt_lib_init_argv_1                     0x0800025d   Thumb Code     0  libinit2.o(.ARM.Collect$$libinit$$0000002C)
    __rt_lib_init_atexit_1                   0x0800025d   Thumb Code     0  libinit2.o(.ARM.Collect$$libinit$$0000001B)
    __rt_lib_init_clock_1                    0x0800025d   Thumb Code     0  libinit2.o(.ARM.Collect$$libinit$$00000021)
    __rt_lib_init_cpp_1                      0x0800025d   Thumb Code     0  libinit2.o(.ARM.Collect$$libinit$$00000032)
    __rt_lib_init_exceptions_1               0x0800025d   Thumb Code     0  libinit2.o(.ARM.Collect$$libinit$$00000030)
    __rt_lib_init_fp_trap_1                  0x0800025d   Thumb Code     0  libinit2.o(.ARM.Collect$$libinit$$0000001F)
    __rt_lib_init_getenv_1                   0x0800025d   Thumb Code     0  libinit2.o(.ARM.Collect$$libinit$$00000023)
    __rt_lib_init_lc_numeric_1               0x0800025d   Thumb Code     0  libinit2.o(.ARM.Collect$$libinit$$00000017)
    __rt_lib_init_lc_time_1                  0x0800025d   Thumb Code     0  libinit2.o(.ARM.Collect$$libinit$$00000019)
    __rt_lib_init_return                     0x0800025d   Thumb Code     0  libinit2.o(.ARM.Collect$$libinit$$00000033)
    __rt_lib_init_signal_1                   0x0800025d   Thumb Code     0  libinit2.o(.ARM.Collect$$libinit$$0000001D)
    __rt_lib_init_stdio_1                    0x0800025d   Thumb Code     0  libinit2.o(.ARM.Collect$$libinit$$00000025)
    __rt_lib_shutdown                        0x0800025f   Thumb Code     0  libshutdown.o(.ARM.Collect$$libshutdown$$00000000)
    __rt_lib_shutdown_cpp_1                  0x08000261   Thumb Code     0  libshutdown2.o(.ARM.Collect$$libshutdown$$00000002)
    __rt_lib_shutdown_fp_trap_1              0x08000261   Thumb Code     0  libshutdown2.o(.ARM.Collect$$libshutdown$$00000007)
    __rt_lib_shutdown_heap_1                 0x08000261   Thumb Code     0  libshutdown2.o(.ARM.Collect$$libshutdown$$0000000F)
    __rt_lib_shutdown_return                 0x08000261   Thumb Code     0  libshutdown2.o(.ARM.Collect$$libshutdown$$00000010)
    __rt_lib_shutdown_signal_1               0x08000261   Thumb Code     0  libshutdown2.o(.ARM.Collect$$libshutdown$$0000000A)
    __rt_lib_shutdown_stdio_1                0x08000261   Thumb Code     0  libshutdown2.o(.ARM.Collect$$libshutdown$$00000004)
    __rt_lib_shutdown_user_alloc_1           0x08000261   Thumb Code     0  libshutdown2.o(.ARM.Collect$$libshutdown$$0000000C)
    __rt_entry                               0x08000263   Thumb Code     0  __rtentry.o(.ARM.Collect$$rtentry$$00000000)
    __rt_entry_presh_1                       0x08000263   Thumb Code     0  __rtentry2.o(.ARM.Collect$$rtentry$$00000002)
    __rt_entry_sh                            0x08000263   Thumb Code     0  __rtentry4.o(.ARM.Collect$$rtentry$$00000004)
    __rt_entry_li                            0x08000269   Thumb Code     0  __rtentry2.o(.ARM.Collect$$rtentry$$0000000A)
    __rt_entry_postsh_1                      0x08000269   Thumb Code     0  __rtentry2.o(.ARM.Collect$$rtentry$$00000009)
    __rt_entry_main                          0x0800026d   Thumb Code     0  __rtentry2.o(.ARM.Collect$$rtentry$$0000000D)
    __rt_entry_postli_1                      0x0800026d   Thumb Code     0  __rtentry2.o(.ARM.Collect$$rtentry$$0000000C)
    __rt_exit                                0x08000275   Thumb Code     0  rtexit.o(.ARM.Collect$$rtexit$$00000000)
    __rt_exit_ls                             0x08000277   Thumb Code     0  rtexit2.o(.ARM.Collect$$rtexit$$00000003)
    __rt_exit_prels_1                        0x08000277   Thumb Code     0  rtexit2.o(.ARM.Collect$$rtexit$$00000002)
    __rt_exit_exit                           0x0800027b   Thumb Code     0  rtexit2.o(.ARM.Collect$$rtexit$$00000004)
    Reset_Handler                            0x08000281   Thumb Code     8  startup_stm32f40_41xxx.o(.text)
    ADC_IRQHandler                           0x0800029b   Thumb Code     0  startup_stm32f40_41xxx.o(.text)
    CAN1_RX0_IRQHandler                      0x0800029b   Thumb Code     0  startup_stm32f40_41xxx.o(.text)
    CAN1_RX1_IRQHandler                      0x0800029b   Thumb Code     0  startup_stm32f40_41xxx.o(.text)
    CAN1_SCE_IRQHandler                      0x0800029b   Thumb Code     0  startup_stm32f40_41xxx.o(.text)
    CAN1_TX_IRQHandler                       0x0800029b   Thumb Code     0  startup_stm32f40_41xxx.o(.text)
    CAN2_RX0_IRQHandler                      0x0800029b   Thumb Code     0  startup_stm32f40_41xxx.o(.text)
    CAN2_RX1_IRQHandler                      0x0800029b   Thumb Code     0  startup_stm32f40_41xxx.o(.text)
    CAN2_SCE_IRQHandler                      0x0800029b   Thumb Code     0  startup_stm32f40_41xxx.o(.text)
    CAN2_TX_IRQHandler                       0x0800029b   Thumb Code     0  startup_stm32f40_41xxx.o(.text)
    CRYP_IRQHandler                          0x0800029b   Thumb Code     0  startup_stm32f40_41xxx.o(.text)
    DCMI_IRQHandler                          0x0800029b   Thumb Code     0  startup_stm32f40_41xxx.o(.text)
    DMA1_Stream0_IRQHandler                  0x0800029b   Thumb Code     0  startup_stm32f40_41xxx.o(.text)
    DMA1_Stream1_IRQHandler                  0x0800029b   Thumb Code     0  startup_stm32f40_41xxx.o(.text)
    DMA1_Stream2_IRQHandler                  0x0800029b   Thumb Code     0  startup_stm32f40_41xxx.o(.text)
    DMA1_Stream3_IRQHandler                  0x0800029b   Thumb Code     0  startup_stm32f40_41xxx.o(.text)
    DMA1_Stream4_IRQHandler                  0x0800029b   Thumb Code     0  startup_stm32f40_41xxx.o(.text)
    DMA1_Stream5_IRQHandler                  0x0800029b   Thumb Code     0  startup_stm32f40_41xxx.o(.text)
    DMA1_Stream6_IRQHandler                  0x0800029b   Thumb Code     0  startup_stm32f40_41xxx.o(.text)
    DMA1_Stream7_IRQHandler                  0x0800029b   Thumb Code     0  startup_stm32f40_41xxx.o(.text)
    DMA2_Stream0_IRQHandler                  0x0800029b   Thumb Code     0  startup_stm32f40_41xxx.o(.text)
    DMA2_Stream1_IRQHandler                  0x0800029b   Thumb Code     0  startup_stm32f40_41xxx.o(.text)
    DMA2_Stream2_IRQHandler                  0x0800029b   Thumb Code     0  startup_stm32f40_41xxx.o(.text)
    DMA2_Stream3_IRQHandler                  0x0800029b   Thumb Code     0  startup_stm32f40_41xxx.o(.text)
    DMA2_Stream4_IRQHandler                  0x0800029b   Thumb Code     0  startup_stm32f40_41xxx.o(.text)
    DMA2_Stream5_IRQHandler                  0x0800029b   Thumb Code     0  startup_stm32f40_41xxx.o(.text)
    DMA2_Stream6_IRQHandler                  0x0800029b   Thumb Code     0  startup_stm32f40_41xxx.o(.text)
    DMA2_Stream7_IRQHandler                  0x0800029b   Thumb Code     0  startup_stm32f40_41xxx.o(.text)
    ETH_IRQHandler                           0x0800029b   Thumb Code     0  startup_stm32f40_41xxx.o(.text)
    ETH_WKUP_IRQHandler                      0x0800029b   Thumb Code     0  startup_stm32f40_41xxx.o(.text)
    EXTI0_IRQHandler                         0x0800029b   Thumb Code     0  startup_stm32f40_41xxx.o(.text)
    EXTI15_10_IRQHandler                     0x0800029b   Thumb Code     0  startup_stm32f40_41xxx.o(.text)
    EXTI1_IRQHandler                         0x0800029b   Thumb Code     0  startup_stm32f40_41xxx.o(.text)
    EXTI2_IRQHandler                         0x0800029b   Thumb Code     0  startup_stm32f40_41xxx.o(.text)
    EXTI3_IRQHandler                         0x0800029b   Thumb Code     0  startup_stm32f40_41xxx.o(.text)
    EXTI9_5_IRQHandler                       0x0800029b   Thumb Code     0  startup_stm32f40_41xxx.o(.text)
    FLASH_IRQHandler                         0x0800029b   Thumb Code     0  startup_stm32f40_41xxx.o(.text)
    FPU_IRQHandler                           0x0800029b   Thumb Code     0  startup_stm32f40_41xxx.o(.text)
    FSMC_IRQHandler                          0x0800029b   Thumb Code     0  startup_stm32f40_41xxx.o(.text)
    HASH_RNG_IRQHandler                      0x0800029b   Thumb Code     0  startup_stm32f40_41xxx.o(.text)
    I2C1_ER_IRQHandler                       0x0800029b   Thumb Code     0  startup_stm32f40_41xxx.o(.text)
    I2C1_EV_IRQHandler                       0x0800029b   Thumb Code     0  startup_stm32f40_41xxx.o(.text)
    I2C2_ER_IRQHandler                       0x0800029b   Thumb Code     0  startup_stm32f40_41xxx.o(.text)
    I2C2_EV_IRQHandler                       0x0800029b   Thumb Code     0  startup_stm32f40_41xxx.o(.text)
    I2C3_ER_IRQHandler                       0x0800029b   Thumb Code     0  startup_stm32f40_41xxx.o(.text)
    I2C3_EV_IRQHandler                       0x0800029b   Thumb Code     0  startup_stm32f40_41xxx.o(.text)
    OTG_FS_IRQHandler                        0x0800029b   Thumb Code     0  startup_stm32f40_41xxx.o(.text)
    OTG_FS_WKUP_IRQHandler                   0x0800029b   Thumb Code     0  startup_stm32f40_41xxx.o(.text)
    OTG_HS_EP1_IN_IRQHandler                 0x0800029b   Thumb Code     0  startup_stm32f40_41xxx.o(.text)
    OTG_HS_EP1_OUT_IRQHandler                0x0800029b   Thumb Code     0  startup_stm32f40_41xxx.o(.text)
    OTG_HS_IRQHandler                        0x0800029b   Thumb Code     0  startup_stm32f40_41xxx.o(.text)
    OTG_HS_WKUP_IRQHandler                   0x0800029b   Thumb Code     0  startup_stm32f40_41xxx.o(.text)
    PVD_IRQHandler                           0x0800029b   Thumb Code     0  startup_stm32f40_41xxx.o(.text)
    RCC_IRQHandler                           0x0800029b   Thumb Code     0  startup_stm32f40_41xxx.o(.text)
    RTC_Alarm_IRQHandler                     0x0800029b   Thumb Code     0  startup_stm32f40_41xxx.o(.text)
    RTC_WKUP_IRQHandler                      0x0800029b   Thumb Code     0  startup_stm32f40_41xxx.o(.text)
    SDIO_IRQHandler                          0x0800029b   Thumb Code     0  startup_stm32f40_41xxx.o(.text)
    SPI1_IRQHandler                          0x0800029b   Thumb Code     0  startup_stm32f40_41xxx.o(.text)
    SPI2_IRQHandler                          0x0800029b   Thumb Code     0  startup_stm32f40_41xxx.o(.text)
    SPI3_IRQHandler                          0x0800029b   Thumb Code     0  startup_stm32f40_41xxx.o(.text)
    TAMP_STAMP_IRQHandler                    0x0800029b   Thumb Code     0  startup_stm32f40_41xxx.o(.text)
    TIM1_BRK_TIM9_IRQHandler                 0x0800029b   Thumb Code     0  startup_stm32f40_41xxx.o(.text)
    TIM1_CC_IRQHandler                       0x0800029b   Thumb Code     0  startup_stm32f40_41xxx.o(.text)
    TIM1_TRG_COM_TIM11_IRQHandler            0x0800029b   Thumb Code     0  startup_stm32f40_41xxx.o(.text)
    TIM1_UP_TIM10_IRQHandler                 0x0800029b   Thumb Code     0  startup_stm32f40_41xxx.o(.text)
    TIM3_IRQHandler                          0x0800029b   Thumb Code     0  startup_stm32f40_41xxx.o(.text)
    TIM4_IRQHandler                          0x0800029b   Thumb Code     0  startup_stm32f40_41xxx.o(.text)
    TIM5_IRQHandler                          0x0800029b   Thumb Code     0  startup_stm32f40_41xxx.o(.text)
    TIM6_DAC_IRQHandler                      0x0800029b   Thumb Code     0  startup_stm32f40_41xxx.o(.text)
    TIM7_IRQHandler                          0x0800029b   Thumb Code     0  startup_stm32f40_41xxx.o(.text)
    TIM8_BRK_TIM12_IRQHandler                0x0800029b   Thumb Code     0  startup_stm32f40_41xxx.o(.text)
    TIM8_CC_IRQHandler                       0x0800029b   Thumb Code     0  startup_stm32f40_41xxx.o(.text)
    TIM8_TRG_COM_TIM14_IRQHandler            0x0800029b   Thumb Code     0  startup_stm32f40_41xxx.o(.text)
    UART4_IRQHandler                         0x0800029b   Thumb Code     0  startup_stm32f40_41xxx.o(.text)
    UART5_IRQHandler                         0x0800029b   Thumb Code     0  startup_stm32f40_41xxx.o(.text)
    USART2_IRQHandler                        0x0800029b   Thumb Code     0  startup_stm32f40_41xxx.o(.text)
    USART6_IRQHandler                        0x0800029b   Thumb Code     0  startup_stm32f40_41xxx.o(.text)
    WWDG_IRQHandler                          0x0800029b   Thumb Code     0  startup_stm32f40_41xxx.o(.text)
    __user_initial_stackheap                 0x0800029d   Thumb Code     0  startup_stm32f40_41xxx.o(.text)
    __use_no_semihosting                     0x080002c1   Thumb Code     2  use_no_semi_2.o(.text)
    __aeabi_errno_addr                       0x080002c5   Thumb Code     8  rt_errno_addr_intlibspace.o(.text)
    __errno$intlibspace                      0x080002c5   Thumb Code     0  rt_errno_addr_intlibspace.o(.text)
    __rt_errno_addr$intlibspace              0x080002c5   Thumb Code     0  rt_errno_addr_intlibspace.o(.text)
    __2printf                                0x080002cd   Thumb Code    20  noretval__2printf.o(.text)
    __printf                                 0x080002e5   Thumb Code   104  __printf.o(.text)
    __use_two_region_memory                  0x0800034d   Thumb Code     2  heapauxi.o(.text)
    __rt_heap_escrow$2region                 0x0800034f   Thumb Code     2  heapauxi.o(.text)
    __rt_heap_expand$2region                 0x08000351   Thumb Code     2  heapauxi.o(.text)
    __user_libspace                          0x08000355   Thumb Code     8  libspace.o(.text)
    __user_perproc_libspace                  0x08000355   Thumb Code     0  libspace.o(.text)
    __user_perthread_libspace                0x08000355   Thumb Code     0  libspace.o(.text)
    __I$use$semihosting                      0x0800035d   Thumb Code     0  use_no_semi.o(.text)
    __use_no_semihosting_swi                 0x0800035d   Thumb Code     2  use_no_semi.o(.text)
    __read_errno                             0x0800035f   Thumb Code    10  _rserrno.o(.text)
    __set_errno                              0x08000369   Thumb Code    12  _rserrno.o(.text)
    __lib_sel_fp_printf                      0x08000375   Thumb Code     2  _printf_fp_dec.o(.text)
    _printf_fp_dec_real                      0x08000523   Thumb Code   620  _printf_fp_dec.o(.text)
    _printf_char_file                        0x08000791   Thumb Code    32  _printf_char_file.o(.text)
    __rt_locale                              0x080007b5   Thumb Code     8  rt_locale_intlibspace.o(.text)
    _ll_udiv10                               0x080007bd   Thumb Code   138  lludiv10.o(.text)
    _printf_char_common                      0x08000853   Thumb Code    32  _printf_char_common.o(.text)
    _printf_fp_infnan                        0x08000879   Thumb Code   112  _printf_fp_infnan.o(.text)
    _btod_etento                             0x080008f9   Thumb Code   216  bigflt0.o(.text)
    ferror                                   0x080009d5   Thumb Code     8  ferror.o(.text)
    __user_setup_stackheap                   0x080009dd   Thumb Code    74  sys_stackheap_outer.o(.text)
    exit                                     0x08000a27   Thumb Code    18  exit.o(.text)
    strcmp                                   0x08000a39   Thumb Code   128  strcmpv7m.o(.text)
    _btod_d2e                                0x08000ab9   Thumb Code    62  btod.o(CL$$btod_d2e)
    _d2e_denorm_low                          0x08000af7   Thumb Code    70  btod.o(CL$$btod_d2e_denorm_low)
    _d2e_norm_op1                            0x08000b3d   Thumb Code    96  btod.o(CL$$btod_d2e_norm_op1)
    __btod_div_common                        0x08000b9d   Thumb Code   696  btod.o(CL$$btod_div_common)
    _e2e                                     0x08000ed5   Thumb Code   198  btod.o(CL$$btod_e2e)
    _btod_ediv                               0x08000f9b   Thumb Code    40  btod.o(CL$$btod_ediv)
    _btod_emul                               0x08000fc3   Thumb Code    40  btod.o(CL$$btod_emul)
    __btod_mult_common                       0x08000feb   Thumb Code   580  btod.o(CL$$btod_mult_common)
    BusFault_Handler                         0x0800122f   Thumb Code     4  stm32f4xx_it.o(i.BusFault_Handler)
    Cycle_Time_Init                          0x08001233   Thumb Code    22  time.o(i.Cycle_Time_Init)
    DMA_ClearFlag                            0x08001249   Thumb Code    38  stm32f4xx_dma.o(i.DMA_ClearFlag)
    DMA_Cmd                                  0x0800127d   Thumb Code    22  stm32f4xx_dma.o(i.DMA_Cmd)
    DMA_GetCmdStatus                         0x08001293   Thumb Code    20  stm32f4xx_dma.o(i.DMA_GetCmdStatus)
    DMA_SetCurrDataCounter                   0x080012a7   Thumb Code     4  stm32f4xx_dma.o(i.DMA_SetCurrDataCounter)
    DebugMon_Handler                         0x080012ab   Thumb Code     2  stm32f4xx_it.o(i.DebugMon_Handler)
    Duty_10ms                                0x080012ad   Thumb Code     2  scheduler.o(i.Duty_10ms)
    Duty_1ms                                 0x080012af   Thumb Code     2  scheduler.o(i.Duty_1ms)
    Duty_20ms                                0x080012b1   Thumb Code     2  scheduler.o(i.Duty_20ms)
    Duty_2ms                                 0x080012b5   Thumb Code   196  scheduler.o(i.Duty_2ms)
    Duty_50ms                                0x0800139d   Thumb Code     2  scheduler.o(i.Duty_50ms)
    Duty_5ms                                 0x0800139f   Thumb Code    12  scheduler.o(i.Duty_5ms)
    Duty_Loop                                0x080013ad   Thumb Code   132  scheduler.o(i.Duty_Loop)
    EXTI4_IRQHandler                         0x0800143d   Thumb Code    24  mpu6050_interrupt.o(i.EXTI4_IRQHandler)
    EXTI_ClearFlag                           0x08001455   Thumb Code     6  stm32f4xx_exti.o(i.EXTI_ClearFlag)
    EXTI_ClearITPendingBit                   0x08001461   Thumb Code     6  stm32f4xx_exti.o(i.EXTI_ClearITPendingBit)
    EXTI_GetITStatus                         0x0800146d   Thumb Code    20  stm32f4xx_exti.o(i.EXTI_GetITStatus)
    EXTI_Init                                0x08001485   Thumb Code   142  stm32f4xx_exti.o(i.EXTI_Init)
    GPIO_Init                                0x08001519   Thumb Code   144  stm32f4xx_gpio.o(i.GPIO_Init)
    GPIO_PinAFConfig                         0x080015a9   Thumb Code    70  stm32f4xx_gpio.o(i.GPIO_PinAFConfig)
    GPIO_ReadInputDataBit                    0x080015ef   Thumb Code    18  stm32f4xx_gpio.o(i.GPIO_ReadInputDataBit)
    GPIO_ResetBits                           0x08001601   Thumb Code     4  stm32f4xx_gpio.o(i.GPIO_ResetBits)
    GPIO_SetBits                             0x08001605   Thumb Code     4  stm32f4xx_gpio.o(i.GPIO_SetBits)
    GetPitchYawGxGyGz                        0x08001609   Thumb Code   204  imu.o(i.GetPitchYawGxGyGz)
    GetSysTime_us                            0x08001701   Thumb Code    48  time.o(i.GetSysTime_us)
    Get_Cycle_T                              0x08001735   Thumb Code   118  time.o(i.Get_Cycle_T)
    Get_Time_Micros                          0x080017b1   Thumb Code     8  timer.o(i.Get_Time_Micros)
    HMC5883_Init                             0x080017b9   Thumb Code   116  mpu6050_driver.o(i.HMC5883_Init)
    HMC58X3_ReadData                         0x08001845   Thumb Code    18  mpu6050_driver.o(i.HMC58X3_ReadData)
    HMC58X3_getRaw                           0x08001859   Thumb Code   100  mpu6050_driver.o(i.HMC58X3_getRaw)
    HMC58X3_mgetValues                       0x080018c5   Thumb Code    82  mpu6050_driver.o(i.HMC58X3_mgetValues)
    HMC58X3_newValues                        0x08001925   Thumb Code   334  mpu6050_driver.o(i.HMC58X3_newValues)
    HardFault_Handler                        0x08001a7d   Thumb Code     4  stm32f4xx_it.o(i.HardFault_Handler)
    IIC_Ack                                  0x08001a81   Thumb Code    66  mpu6050_i2c.o(i.IIC_Ack)
    IIC_Delay                                0x08001ac9   Thumb Code    26  mpu6050_i2c.o(i.IIC_Delay)
    IIC_GPIO_Init                            0x08001ae5   Thumb Code    44  mpu6050_i2c.o(i.IIC_GPIO_Init)
    IIC_ReadBit                              0x08001b15   Thumb Code    86  mpu6050_i2c.o(i.IIC_ReadBit)
    IIC_ReadData                             0x08001b71   Thumb Code   146  mpu6050_i2c.o(i.IIC_ReadData)
    IIC_SDA_In                               0x08001c29   Thumb Code    38  mpu6050_i2c.o(i.IIC_SDA_In)
    IIC_SDA_Out                              0x08001c55   Thumb Code    34  mpu6050_i2c.o(i.IIC_SDA_Out)
    IIC_Start                                0x08001c7d   Thumb Code    60  mpu6050_i2c.o(i.IIC_Start)
    IIC_Stop                                 0x08001cbd   Thumb Code    60  mpu6050_i2c.o(i.IIC_Stop)
    IIC_WaitAck                              0x08001cfd   Thumb Code    94  mpu6050_i2c.o(i.IIC_WaitAck)
    IIC_WriteBit                             0x08001d6d   Thumb Code    96  mpu6050_i2c.o(i.IIC_WriteBit)
    IIC_WriteData                            0x08001dd1   Thumb Code    92  mpu6050_i2c.o(i.IIC_WriteData)
    IMU_AHRSupdate                           0x08001e51   Thumb Code  1920  imu.o(i.IMU_AHRSupdate)
    IMU_getQ                                 0x08002615   Thumb Code    56  imu.o(i.IMU_getQ)
    IMU_getValues                            0x08002661   Thumb Code   196  imu.o(i.IMU_getValues)
    IMU_getYawPitchRoll                      0x0800272d   Thumb Code   552  imu.o(i.IMU_getYawPitchRoll)
    Loop_check                               0x08002969   Thumb Code    86  scheduler.o(i.Loop_check)
    MPU6050_DataSave                         0x080029c5   Thumb Code   494  mpu6050_driver.o(i.MPU6050_DataSave)
    MPU6050_EnableInt                        0x08002bb9   Thumb Code    66  mpu6050_driver.o(i.MPU6050_EnableInt)
    MPU6050_Init                             0x08002c51   Thumb Code   250  mpu6050_driver.o(i.MPU6050_Init)
    MPU6050_Initialize                       0x08002db9   Thumb Code    20  mpu6050_driver.o(i.MPU6050_Initialize)
    MPU6050_IntConfiguration                 0x08002dcd   Thumb Code   124  mpu6050_interrupt.o(i.MPU6050_IntConfiguration)
    MPU6050_ReadData                         0x08002e4d   Thumb Code    44  mpu6050_driver.o(i.MPU6050_ReadData)
    MPU6050_getMotion6                       0x08002e85   Thumb Code   306  mpu6050_driver.o(i.MPU6050_getMotion6)
    MemManage_Handler                        0x08002fdd   Thumb Code     4  stm32f4xx_it.o(i.MemManage_Handler)
    Motor0_Run                               0x08002fe1   Thumb Code   212  gradu_motor.o(i.Motor0_Run)
    Motor0_SetPWM                            0x080030d1   Thumb Code    52  gradu_motor.o(i.Motor0_SetPWM)
    MotorPWM_Init                            0x08003111   Thumb Code    12  gradu_motor.o(i.MotorPWM_Init)
    MotorPos_Init                            0x0800311d   Thumb Code     8  gradu_motor.o(i.MotorPos_Init)
    Motor_Init                               0x08003125   Thumb Code    16  gradu_motor.o(i.Motor_Init)
    NMI_Handler                              0x08003135   Thumb Code     2  stm32f4xx_it.o(i.NMI_Handler)
    NVIC_Init                                0x08003139   Thumb Code   106  misc.o(i.NVIC_Init)
    NVIC_PriorityGroupConfig                 0x080031b1   Thumb Code    10  misc.o(i.NVIC_PriorityGroupConfig)
    PendSV_Handler                           0x080031c5   Thumb Code     2  stm32f4xx_it.o(i.PendSV_Handler)
    RCC_AHB1PeriphClockCmd                   0x080031c9   Thumb Code    26  stm32f4xx_rcc.o(i.RCC_AHB1PeriphClockCmd)
    RCC_APB1PeriphClockCmd                   0x080031e9   Thumb Code    26  stm32f4xx_rcc.o(i.RCC_APB1PeriphClockCmd)
    RCC_APB2PeriphClockCmd                   0x08003209   Thumb Code    26  stm32f4xx_rcc.o(i.RCC_APB2PeriphClockCmd)
    RCC_GetClocksFreq                        0x08003229   Thumb Code   214  stm32f4xx_rcc.o(i.RCC_GetClocksFreq)
    SVC_Handler                              0x08003311   Thumb Code     2  stm32f4xx_it.o(i.SVC_Handler)
    SYSCFG_EXTILineConfig                    0x08003315   Thumb Code    60  stm32f4xx_syscfg.o(i.SYSCFG_EXTILineConfig)
    SineArray_Init                           0x08003441   Thumb Code   338  gradu_motor.o(i.SineArray_Init)
    SysTick_CLKSourceConfig                  0x080035cd   Thumb Code    40  misc.o(i.SysTick_CLKSourceConfig)
    SysTick_Configuration                    0x080035f5   Thumb Code    98  time.o(i.SysTick_Configuration)
    SysTick_Handler                          0x08003661   Thumb Code    18  stm32f4xx_it.o(i.SysTick_Handler)
    SystemInit                               0x08003679   Thumb Code    88  system_stm32f4xx.o(i.SystemInit)
    TIM2_Configuration                       0x080036e1   Thumb Code    60  timer.o(i.TIM2_Configuration)
    TIM2_IRQHandler                          0x0800371d   Thumb Code    30  timer.o(i.TIM2_IRQHandler)
    TIM3_PWM_Init                            0x0800373d   Thumb Code   238  pwm.o(i.TIM3_PWM_Init)
    TIM8_UP_TIM13_IRQHandler                 0x08003835   Thumb Code    92  pwm.o(i.TIM8_UP_TIM13_IRQHandler)
    TIM_ARRPreloadConfig                     0x0800389d   Thumb Code    24  stm32f4xx_tim.o(i.TIM_ARRPreloadConfig)
    TIM_ClearFlag                            0x080038b5   Thumb Code     6  stm32f4xx_tim.o(i.TIM_ClearFlag)
    TIM_ClearITPendingBit                    0x080038bb   Thumb Code     6  stm32f4xx_tim.o(i.TIM_ClearITPendingBit)
    TIM_Cmd                                  0x080038c1   Thumb Code    24  stm32f4xx_tim.o(i.TIM_Cmd)
    TIM_GetITStatus                          0x080038d9   Thumb Code    34  stm32f4xx_tim.o(i.TIM_GetITStatus)
    TIM_OC1Init                              0x080038fd   Thumb Code   114  stm32f4xx_tim.o(i.TIM_OC1Init)
    TIM_OC1PreloadConfig                     0x08003979   Thumb Code    18  stm32f4xx_tim.o(i.TIM_OC1PreloadConfig)
    TIM_OC2Init                              0x0800398d   Thumb Code   154  stm32f4xx_tim.o(i.TIM_OC2Init)
    TIM_OC2PreloadConfig                     0x08003a31   Thumb Code    26  stm32f4xx_tim.o(i.TIM_OC2PreloadConfig)
    TIM_OC3Init                              0x08003a4d   Thumb Code   150  stm32f4xx_tim.o(i.TIM_OC3Init)
    TIM_OC3PreloadConfig                     0x08003aed   Thumb Code    18  stm32f4xx_tim.o(i.TIM_OC3PreloadConfig)
    TIM_OC4Init                              0x08003b01   Thumb Code   112  stm32f4xx_tim.o(i.TIM_OC4Init)
    TIM_OC4PreloadConfig                     0x08003b79   Thumb Code    26  stm32f4xx_tim.o(i.TIM_OC4PreloadConfig)
    TIM_SetCompare1                          0x08003b93   Thumb Code     4  stm32f4xx_tim.o(i.TIM_SetCompare1)
    TIM_SetCompare2                          0x08003b97   Thumb Code     4  stm32f4xx_tim.o(i.TIM_SetCompare2)
    TIM_SetCompare3                          0x08003b9b   Thumb Code     4  stm32f4xx_tim.o(i.TIM_SetCompare3)
    TIM_TimeBaseInit                         0x08003ba1   Thumb Code   104  stm32f4xx_tim.o(i.TIM_TimeBaseInit)
    USART1_IRQHandler                        0x08003c25   Thumb Code   122  usart.o(i.USART1_IRQHandler)
    USART3_IRQHandler                        0x08003cad   Thumb Code    72  uart.o(i.USART3_IRQHandler)
    USART_Cmd                                0x08003d09   Thumb Code    24  stm32f4xx_usart.o(i.USART_Cmd)
    USART_GetFlagStatus                      0x08003d21   Thumb Code    26  stm32f4xx_usart.o(i.USART_GetFlagStatus)
    USART_GetITStatus                        0x08003d3b   Thumb Code    84  stm32f4xx_usart.o(i.USART_GetITStatus)
    USART_ITConfig                           0x08003d8f   Thumb Code    74  stm32f4xx_usart.o(i.USART_ITConfig)
    USART_Init                               0x08003dd9   Thumb Code   204  stm32f4xx_usart.o(i.USART_Init)
    USART_ReceiveData                        0x08003ead   Thumb Code    10  stm32f4xx_usart.o(i.USART_ReceiveData)
    USART_SendData                           0x08003eb7   Thumb Code     8  stm32f4xx_usart.o(i.USART_SendData)
    UsageFault_Handler                       0x08003ebf   Thumb Code     4  stm32f4xx_it.o(i.UsageFault_Handler)
    __ARM_fpclassify                         0x08003ec3   Thumb Code    48  fpclassify.o(i.__ARM_fpclassify)
    __hardfp_asin                            0x08003ef9   Thumb Code   770  asin.o(i.__hardfp_asin)
    __hardfp_atan                            0x08004259   Thumb Code   622  atan.o(i.__hardfp_atan)
    __hardfp_atan2                           0x08004531   Thumb Code   432  atan2.o(i.__hardfp_atan2)
    __hardfp_sin                             0x08004721   Thumb Code   180  sin.o(i.__hardfp_sin)
    __hardfp_sqrt                            0x080047e9   Thumb Code   122  sqrt.o(i.__hardfp_sqrt)
    __ieee754_rem_pio2                       0x08004869   Thumb Code   938  rred.o(i.__ieee754_rem_pio2)
    __kernel_cos                             0x08004ca1   Thumb Code   322  cos_i.o(i.__kernel_cos)
    __kernel_poly                            0x08004e11   Thumb Code   248  poly.o(i.__kernel_poly)
    __kernel_sin                             0x08004f09   Thumb Code   280  sin_i.o(i.__kernel_sin)
    __mathlib_dbl_infnan                     0x08005039   Thumb Code    20  dunder.o(i.__mathlib_dbl_infnan)
    __mathlib_dbl_infnan2                    0x0800504d   Thumb Code    20  dunder.o(i.__mathlib_dbl_infnan2)
    __mathlib_dbl_invalid                    0x08005061   Thumb Code    24  dunder.o(i.__mathlib_dbl_invalid)
    __mathlib_dbl_underflow                  0x08005081   Thumb Code    24  dunder.o(i.__mathlib_dbl_underflow)
    _sys_exit                                0x080050a1   Thumb Code     4  usart.o(i._sys_exit)
    atan                                     0x080050a5   Thumb Code    16  atan.o(i.atan)
    delay_init                               0x080050b5   Thumb Code    52  delay.o(i.delay_init)
    delay_ms                                 0x080050f1   Thumb Code    56  delay.o(i.delay_ms)
    delay_xms                                0x08005129   Thumb Code    72  delay.o(i.delay_xms)
    fabs                                     0x08005175   Thumb Code    24  fabs.o(i.fabs)
    fputc                                    0x0800518d   Thumb Code    22  usart.o(i.fputc)
    invSqrt                                  0x080051a9   Thumb Code    56  imu.o(i.invSqrt)
    main                                     0x080051e5   Thumb Code    72  main.o(i.main)
    sqrt                                     0x08005239   Thumb Code   110  sqrt.o(i.sqrt)
    sys_time                                 0x080052a9   Thumb Code   126  time.o(i.sys_time)
    uart_init                                0x0800533d   Thumb Code   164  usart.o(i.uart_init)
    updateCounter                            0x080053e9   Thumb Code    16  pwm.o(i.updateCounter)
    usart1_niming_report                     0x080053fd   Thumb Code   118  niming.o(i.usart1_niming_report)
    usart1_report_imu                        0x08005473   Thumb Code   192  niming.o(i.usart1_report_imu)
    usart1_send_char                         0x08005535   Thumb Code    28  niming.o(i.usart1_send_char)
    _get_lc_numeric                          0x08005555   Thumb Code    44  lc_numeric_c.o(locale$$code)
    __aeabi_dneg                             0x08005581   Thumb Code     0  basic.o(x$fpl$basic)
    _dneg                                    0x08005581   Thumb Code     6  basic.o(x$fpl$basic)
    __aeabi_fneg                             0x08005587   Thumb Code     0  basic.o(x$fpl$basic)
    _fneg                                    0x08005587   Thumb Code     6  basic.o(x$fpl$basic)
    _dabs                                    0x0800558d   Thumb Code     6  basic.o(x$fpl$basic)
    _fabs                                    0x08005593   Thumb Code     6  basic.o(x$fpl$basic)
    __aeabi_d2f                              0x08005599   Thumb Code     0  d2f.o(x$fpl$d2f)
    _d2f                                     0x08005599   Thumb Code    98  d2f.o(x$fpl$d2f)
    __aeabi_dadd                             0x080055fd   Thumb Code     0  daddsub_clz.o(x$fpl$dadd)
    _dadd                                    0x080055fd   Thumb Code   332  daddsub_clz.o(x$fpl$dadd)
    __aeabi_ddiv                             0x0800574d   Thumb Code     0  ddiv.o(x$fpl$ddiv)
    _ddiv                                    0x0800574d   Thumb Code   552  ddiv.o(x$fpl$ddiv)
    __aeabi_d2iz                             0x080059fd   Thumb Code     0  dfix.o(x$fpl$dfix)
    _dfix                                    0x080059fd   Thumb Code    94  dfix.o(x$fpl$dfix)
    __aeabi_d2uiz                            0x08005a5d   Thumb Code     0  dfixu.o(x$fpl$dfixu)
    _dfixu                                   0x08005a5d   Thumb Code    90  dfixu.o(x$fpl$dfixu)
    __aeabi_i2d                              0x08005ab7   Thumb Code     0  dflt_clz.o(x$fpl$dflt)
    _dflt                                    0x08005ab7   Thumb Code    46  dflt_clz.o(x$fpl$dflt)
    __aeabi_ui2d                             0x08005ae5   Thumb Code     0  dflt_clz.o(x$fpl$dfltu)
    _dfltu                                   0x08005ae5   Thumb Code    38  dflt_clz.o(x$fpl$dfltu)
    __aeabi_dmul                             0x08005b0d   Thumb Code     0  dmul.o(x$fpl$dmul)
    _dmul                                    0x08005b0d   Thumb Code   332  dmul.o(x$fpl$dmul)
    __fpl_dnaninf                            0x08005c61   Thumb Code   156  dnaninf.o(x$fpl$dnaninf)
    __fpl_dretinf                            0x08005cfd   Thumb Code    12  dretinf.o(x$fpl$dretinf)
    __aeabi_drsub                            0x08005d09   Thumb Code     0  daddsub_clz.o(x$fpl$drsb)
    _drsb                                    0x08005d09   Thumb Code    22  daddsub_clz.o(x$fpl$drsb)
    _dsqrt                                   0x08005d21   Thumb Code   404  dsqrt_umaal.o(x$fpl$dsqrt)
    __aeabi_dsub                             0x08005eb9   Thumb Code     0  daddsub_clz.o(x$fpl$dsub)
    _dsub                                    0x08005eb9   Thumb Code   464  daddsub_clz.o(x$fpl$dsub)
    __aeabi_f2d                              0x0800608d   Thumb Code     0  f2d.o(x$fpl$f2d)
    _f2d                                     0x0800608d   Thumb Code    86  f2d.o(x$fpl$f2d)
    __fpl_fnaninf                            0x080060e3   Thumb Code   140  fnaninf.o(x$fpl$fnaninf)
    _fp_init                                 0x0800616f   Thumb Code    10  fpinit.o(x$fpl$fpinit)
    __fplib_config_fpu_vfp                   0x08006177   Thumb Code     0  fpinit.o(x$fpl$fpinit)
    __fplib_config_pureend_doubles           0x08006177   Thumb Code     0  fpinit.o(x$fpl$fpinit)
    __fpl_fretinf                            0x08006179   Thumb Code    10  fretinf.o(x$fpl$fretinf)
    _printf_fp_dec                           0x08006183   Thumb Code     4  printf1.o(x$fpl$printf1)
    __I$use$fp                               0x08006186   Number         0  usenofp.o(x$fpl$usenofp)
    __mathlib_zero                           0x080062a0   Data           8  qnan.o(.constdata)
    Region$$Table$$Base                      0x0800642c   Number         0  anon$$obj.o(Region$$Table)
    Region$$Table$$Limit                     0x0800644c   Number         0  anon$$obj.o(Region$$Table)
    system_micrsecond                        0x20000018   Data           4  main.o(.data)
    Init_Finish                              0x2000001c   Data           1  main.o(.data)
    testPhase                                0x20000020   Data           4  main.o(.data)
    testPhaseDelta                           0x20000024   Data           4  main.o(.data)
    loop_cnt                                 0x2000003e   Data           2  scheduler.o(.data)
    i                                        0x20000040   Data           4  scheduler.o(.data)
    pitchSpeed                               0x20000044   Data           4  scheduler.o(.data)
    sysTickUptime                            0x20000048   Data           4  time.o(.data)
    time_1h                                  0x2000004c   Data           4  time.o(.data)
    time_1m                                  0x20000050   Data           4  time.o(.data)
    time_1s                                  0x20000054   Data           4  time.o(.data)
    time_1ms                                 0x20000058   Data           4  time.o(.data)
    __irq_nesting_counter                    0x2000005c   Data           4  drv_irq.o(.data)
    exInt                                    0x20000080   Data           4  imu.o(.data)
    eyInt                                    0x20000084   Data           4  imu.o(.data)
    ezInt                                    0x20000088   Data           4  imu.o(.data)
    q0                                       0x2000008c   Data           4  imu.o(.data)
    q1                                       0x20000090   Data           4  imu.o(.data)
    q2                                       0x20000094   Data           4  imu.o(.data)
    q3                                       0x20000098   Data           4  imu.o(.data)
    lastUpdate                               0x200000c0   Data           4  imu.o(.data)
    now                                      0x200000c4   Data           4  imu.o(.data)
    yaw_temp                                 0x200000c8   Data           4  imu.o(.data)
    pitch_temp                               0x200000cc   Data           4  imu.o(.data)
    roll_temp                                0x200000d0   Data           4  imu.o(.data)
    last_yaw_temp                            0x200000d4   Data           4  imu.o(.data)
    last_pitch_temp                          0x200000d8   Data           4  imu.o(.data)
    last_roll_temp                           0x200000dc   Data           4  imu.o(.data)
    yaw_angle                                0x200000e0   Data           4  imu.o(.data)
    pitch_angle                              0x200000e4   Data           4  imu.o(.data)
    roll_angle                               0x200000e8   Data           4  imu.o(.data)
    HMC5883_lastx                            0x200000f0   Data           4  mpu6050_driver.o(.data)
    HMC5883_lasty                            0x200000f4   Data           4  mpu6050_driver.o(.data)
    HMC5883_lastz                            0x200000f8   Data           4  mpu6050_driver.o(.data)
    MPU6050_Lastax                           0x200000fc   Data           2  mpu6050_driver.o(.data)
    MPU6050_Lastay                           0x200000fe   Data           2  mpu6050_driver.o(.data)
    MPU6050_Lastaz                           0x20000100   Data           2  mpu6050_driver.o(.data)
    MPU6050_Lastgx                           0x20000102   Data           2  mpu6050_driver.o(.data)
    MPU6050_Lastgy                           0x20000104   Data           2  mpu6050_driver.o(.data)
    MPU6050_Lastgz                           0x20000106   Data           2  mpu6050_driver.o(.data)
    isMPU6050_is_DRY                         0x20000108   Data           1  mpu6050_interrupt.o(.data)
    ESP8266APPortLinkFlag                    0x20000109   Data           1  driver_esp8266.o(.data)
    LatestRespond                            0x2000010a   Data           1  driver_esp8266.o(.data)
    ks                                       0x2000010c   Data           2  uart.o(.data)
    UARTtemp                                 0x2000010e   Data           1  uart.o(.data)
    __stdout                                 0x20000114   Data           4  usart.o(.data)
    USART_RX_STA                             0x20000118   Data           2  usart.o(.data)
    loop                                     0x2000112c   Data          16  scheduler.o(.bss)
    test                                     0x2000113c   Data          20  scheduler.o(.bss)
    Cycle_T                                  0x20001150   Data          60  time.o(.bss)
    rollPhase                                0x2000118c   Data          12  svpwm.o(.bss)
    pitchPhase                               0x20001198   Data          12  svpwm.o(.bss)
    yawPhase                                 0x200011a4   Data          12  svpwm.o(.bss)
    maxCnt                                   0x200011b0   Data          12  svpwm.o(.bss)
    minCnt                                   0x200011bc   Data          12  svpwm.o(.bss)
    irqCnt                                   0x200011c8   Data          12  svpwm.o(.bss)
    sinDataI16                               0x200011d4   Data        2048  svpwm.o(.bss)
    mygetqval                                0x200029d4   Data          36  imu.o(.bss)
    angle                                    0x20002a08   Data          12  imu.o(.bss)
    MPU6050_Raw_Data                         0x20002a14   Data          20  mpu6050_driver.o(.bss)
    MPU6050_Real_Data                        0x20002a28   Data          40  mpu6050_driver.o(.bss)
    ahrs                                     0x20002a50   Data          12  mpu6050_driver.o(.bss)
    mpu_buf                                  0x20002a5c   Data          20  mpu6050_driver.o(.bss)
    MPU6050_FIFO                             0x20002a70   Data         132  mpu6050_driver.o(.bss)
    HMC5883_FIFO                             0x20002af4   Data          66  mpu6050_driver.o(.bss)
    MagMaxMinData                            0x20002b36   Data          12  mpu6050_driver.o(.bss)
    USART_RX_BUF                             0x20002b42   Data         200  usart.o(.bss)
    __libspace_start                         0x20002c0c   Data          96  libspace.o(.bss)
    __temporary_stack_top$libspace           0x20002c6c   Data           0  libspace.o(.bss)



==============================================================================

Memory Map of the image

  Image Entry point : 0x08000189

  Load Region LR_IROM1 (Base: 0x08000000, Size: 0x00006594, Max: 0x00100000, ABSOLUTE, COMPRESSED[0x00006484])

    Execution Region ER_IROM1 (Base: 0x08000000, Size: 0x00006468, Max: 0x00100000, ABSOLUTE)

    Base Addr    Size         Type   Attr      Idx    E Section Name        Object

    0x08000000   0x00000188   Data   RO         1634    RESET               startup_stm32f40_41xxx.o
    0x08000188   0x00000008   Code   RO         6414  * !!!main             c_w.l(__main.o)
    0x08000190   0x00000034   Code   RO         6818    !!!scatter          c_w.l(__scatter.o)
    0x080001c4   0x0000005a   Code   RO         6816    !!dczerorl2         c_w.l(__dczerorl2.o)
    0x0800021e   0x00000002   PAD
    0x08000220   0x0000001c   Code   RO         6820    !!handler_zi        c_w.l(__scatter_zi.o)
    0x0800023c   0x00000000   Code   RO         6405    .ARM.Collect$$_printf_percent$$00000000  c_w.l(_printf_percent.o)
    0x0800023c   0x00000006   Code   RO         6404    .ARM.Collect$$_printf_percent$$00000003  c_w.l(_printf_f.o)
    0x08000242   0x00000004   Code   RO         6536    .ARM.Collect$$_printf_percent$$00000017  c_w.l(_printf_percent_end.o)
    0x08000246   0x00000002   Code   RO         6693    .ARM.Collect$$libinit$$00000000  c_w.l(libinit.o)
    0x08000248   0x00000004   Code   RO         6694    .ARM.Collect$$libinit$$00000001  c_w.l(libinit2.o)
    0x0800024c   0x00000000   Code   RO         6697    .ARM.Collect$$libinit$$00000004  c_w.l(libinit2.o)
    0x0800024c   0x00000000   Code   RO         6700    .ARM.Collect$$libinit$$0000000A  c_w.l(libinit2.o)
    0x0800024c   0x00000000   Code   RO         6702    .ARM.Collect$$libinit$$0000000C  c_w.l(libinit2.o)
    0x0800024c   0x00000000   Code   RO         6704    .ARM.Collect$$libinit$$0000000E  c_w.l(libinit2.o)
    0x0800024c   0x00000006   Code   RO         6705    .ARM.Collect$$libinit$$0000000F  c_w.l(libinit2.o)
    0x08000252   0x00000000   Code   RO         6707    .ARM.Collect$$libinit$$00000011  c_w.l(libinit2.o)
    0x08000252   0x00000000   Code   RO         6709    .ARM.Collect$$libinit$$00000013  c_w.l(libinit2.o)
    0x08000252   0x00000000   Code   RO         6711    .ARM.Collect$$libinit$$00000015  c_w.l(libinit2.o)
    0x08000252   0x0000000a   Code   RO         6712    .ARM.Collect$$libinit$$00000016  c_w.l(libinit2.o)
    0x0800025c   0x00000000   Code   RO         6713    .ARM.Collect$$libinit$$00000017  c_w.l(libinit2.o)
    0x0800025c   0x00000000   Code   RO         6715    .ARM.Collect$$libinit$$00000019  c_w.l(libinit2.o)
    0x0800025c   0x00000000   Code   RO         6717    .ARM.Collect$$libinit$$0000001B  c_w.l(libinit2.o)
    0x0800025c   0x00000000   Code   RO         6719    .ARM.Collect$$libinit$$0000001D  c_w.l(libinit2.o)
    0x0800025c   0x00000000   Code   RO         6721    .ARM.Collect$$libinit$$0000001F  c_w.l(libinit2.o)
    0x0800025c   0x00000000   Code   RO         6723    .ARM.Collect$$libinit$$00000021  c_w.l(libinit2.o)
    0x0800025c   0x00000000   Code   RO         6725    .ARM.Collect$$libinit$$00000023  c_w.l(libinit2.o)
    0x0800025c   0x00000000   Code   RO         6727    .ARM.Collect$$libinit$$00000025  c_w.l(libinit2.o)
    0x0800025c   0x00000000   Code   RO         6731    .ARM.Collect$$libinit$$0000002C  c_w.l(libinit2.o)
    0x0800025c   0x00000000   Code   RO         6733    .ARM.Collect$$libinit$$0000002E  c_w.l(libinit2.o)
    0x0800025c   0x00000000   Code   RO         6735    .ARM.Collect$$libinit$$00000030  c_w.l(libinit2.o)
    0x0800025c   0x00000000   Code   RO         6737    .ARM.Collect$$libinit$$00000032  c_w.l(libinit2.o)
    0x0800025c   0x00000002   Code   RO         6738    .ARM.Collect$$libinit$$00000033  c_w.l(libinit2.o)
    0x0800025e   0x00000002   Code   RO         6766    .ARM.Collect$$libshutdown$$00000000  c_w.l(libshutdown.o)
    0x08000260   0x00000000   Code   RO         6775    .ARM.Collect$$libshutdown$$00000002  c_w.l(libshutdown2.o)
    0x08000260   0x00000000   Code   RO         6777    .ARM.Collect$$libshutdown$$00000004  c_w.l(libshutdown2.o)
    0x08000260   0x00000000   Code   RO         6780    .ARM.Collect$$libshutdown$$00000007  c_w.l(libshutdown2.o)
    0x08000260   0x00000000   Code   RO         6783    .ARM.Collect$$libshutdown$$0000000A  c_w.l(libshutdown2.o)
    0x08000260   0x00000000   Code   RO         6785    .ARM.Collect$$libshutdown$$0000000C  c_w.l(libshutdown2.o)
    0x08000260   0x00000000   Code   RO         6788    .ARM.Collect$$libshutdown$$0000000F  c_w.l(libshutdown2.o)
    0x08000260   0x00000002   Code   RO         6789    .ARM.Collect$$libshutdown$$00000010  c_w.l(libshutdown2.o)
    0x08000262   0x00000000   Code   RO         6529    .ARM.Collect$$rtentry$$00000000  c_w.l(__rtentry.o)
    0x08000262   0x00000000   Code   RO         6619    .ARM.Collect$$rtentry$$00000002  c_w.l(__rtentry2.o)
    0x08000262   0x00000006   Code   RO         6631    .ARM.Collect$$rtentry$$00000004  c_w.l(__rtentry4.o)
    0x08000268   0x00000000   Code   RO         6621    .ARM.Collect$$rtentry$$00000009  c_w.l(__rtentry2.o)
    0x08000268   0x00000004   Code   RO         6622    .ARM.Collect$$rtentry$$0000000A  c_w.l(__rtentry2.o)
    0x0800026c   0x00000000   Code   RO         6624    .ARM.Collect$$rtentry$$0000000C  c_w.l(__rtentry2.o)
    0x0800026c   0x00000008   Code   RO         6625    .ARM.Collect$$rtentry$$0000000D  c_w.l(__rtentry2.o)
    0x08000274   0x00000002   Code   RO         6739    .ARM.Collect$$rtexit$$00000000  c_w.l(rtexit.o)
    0x08000276   0x00000000   Code   RO         6746    .ARM.Collect$$rtexit$$00000002  c_w.l(rtexit2.o)
    0x08000276   0x00000004   Code   RO         6747    .ARM.Collect$$rtexit$$00000003  c_w.l(rtexit2.o)
    0x0800027a   0x00000006   Code   RO         6748    .ARM.Collect$$rtexit$$00000004  c_w.l(rtexit2.o)
    0x08000280   0x00000040   Code   RO         1635    .text               startup_stm32f40_41xxx.o
    0x080002c0   0x00000002   Code   RO         6371    .text               c_w.l(use_no_semi_2.o)
    0x080002c2   0x00000002   PAD
    0x080002c4   0x00000008   Code   RO         6376    .text               c_w.l(rt_errno_addr_intlibspace.o)
    0x080002cc   0x00000018   Code   RO         6380    .text               c_w.l(noretval__2printf.o)
    0x080002e4   0x00000068   Code   RO         6382    .text               c_w.l(__printf.o)
    0x0800034c   0x00000006   Code   RO         6412    .text               c_w.l(heapauxi.o)
    0x08000352   0x00000002   PAD
    0x08000354   0x00000008   Code   RO         6524    .text               c_w.l(libspace.o)
    0x0800035c   0x00000002   Code   RO         6527    .text               c_w.l(use_no_semi.o)
    0x0800035e   0x00000016   Code   RO         6530    .text               c_w.l(_rserrno.o)
    0x08000374   0x0000041a   Code   RO         6532    .text               c_w.l(_printf_fp_dec.o)
    0x0800078e   0x00000002   PAD
    0x08000790   0x00000024   Code   RO         6534    .text               c_w.l(_printf_char_file.o)
    0x080007b4   0x00000008   Code   RO         6636    .text               c_w.l(rt_locale_intlibspace.o)
    0x080007bc   0x0000008a   Code   RO         6638    .text               c_w.l(lludiv10.o)
    0x08000846   0x00000002   PAD
    0x08000848   0x00000030   Code   RO         6640    .text               c_w.l(_printf_char_common.o)
    0x08000878   0x00000080   Code   RO         6642    .text               c_w.l(_printf_fp_infnan.o)
    0x080008f8   0x000000dc   Code   RO         6644    .text               c_w.l(bigflt0.o)
    0x080009d4   0x00000008   Code   RO         6669    .text               c_w.l(ferror.o)
    0x080009dc   0x0000004a   Code   RO         6680    .text               c_w.l(sys_stackheap_outer.o)
    0x08000a26   0x00000012   Code   RO         6684    .text               c_w.l(exit.o)
    0x08000a38   0x00000080   Code   RO         6686    .text               c_w.l(strcmpv7m.o)
    0x08000ab8   0x0000003e   Code   RO         6647    CL$$btod_d2e        c_w.l(btod.o)
    0x08000af6   0x00000046   Code   RO         6649    CL$$btod_d2e_denorm_low  c_w.l(btod.o)
    0x08000b3c   0x00000060   Code   RO         6648    CL$$btod_d2e_norm_op1  c_w.l(btod.o)
    0x08000b9c   0x00000338   Code   RO         6657    CL$$btod_div_common  c_w.l(btod.o)
    0x08000ed4   0x000000c6   Code   RO         6654    CL$$btod_e2e        c_w.l(btod.o)
    0x08000f9a   0x00000028   Code   RO         6651    CL$$btod_ediv       c_w.l(btod.o)
    0x08000fc2   0x00000028   Code   RO         6650    CL$$btod_emul       c_w.l(btod.o)
    0x08000fea   0x00000244   Code   RO         6656    CL$$btod_mult_common  c_w.l(btod.o)
    0x0800122e   0x00000004   Code   RO          236    i.BusFault_Handler  stm32f4xx_it.o
    0x08001232   0x00000016   Code   RO          486    i.Cycle_Time_Init   time.o
    0x08001248   0x00000034   Code   RO         3391    i.DMA_ClearFlag     stm32f4xx_dma.o
    0x0800127c   0x00000016   Code   RO         3393    i.DMA_Cmd           stm32f4xx_dma.o
    0x08001292   0x00000014   Code   RO         3398    i.DMA_GetCmdStatus  stm32f4xx_dma.o
    0x080012a6   0x00000004   Code   RO         3408    i.DMA_SetCurrDataCounter  stm32f4xx_dma.o
    0x080012aa   0x00000002   Code   RO          237    i.DebugMon_Handler  stm32f4xx_it.o
    0x080012ac   0x00000002   Code   RO          412    i.Duty_10ms         scheduler.o
    0x080012ae   0x00000002   Code   RO          413    i.Duty_1ms          scheduler.o
    0x080012b0   0x00000002   Code   RO          414    i.Duty_20ms         scheduler.o
    0x080012b2   0x00000002   PAD
    0x080012b4   0x000000e8   Code   RO          415    i.Duty_2ms          scheduler.o
    0x0800139c   0x00000002   Code   RO          416    i.Duty_50ms         scheduler.o
    0x0800139e   0x0000000c   Code   RO          417    i.Duty_5ms          scheduler.o
    0x080013aa   0x00000002   PAD
    0x080013ac   0x00000090   Code   RO          418    i.Duty_Loop         scheduler.o
    0x0800143c   0x00000018   Code   RO         1122    i.EXTI4_IRQHandler  mpu6050_interrupt.o
    0x08001454   0x0000000c   Code   RO         2603    i.EXTI_ClearFlag    stm32f4xx_exti.o
    0x08001460   0x0000000c   Code   RO         2604    i.EXTI_ClearITPendingBit  stm32f4xx_exti.o
    0x0800146c   0x00000018   Code   RO         2608    i.EXTI_GetITStatus  stm32f4xx_exti.o
    0x08001484   0x00000094   Code   RO         2609    i.EXTI_Init         stm32f4xx_exti.o
    0x08001518   0x00000090   Code   RO         1686    i.GPIO_Init         stm32f4xx_gpio.o
    0x080015a8   0x00000046   Code   RO         1687    i.GPIO_PinAFConfig  stm32f4xx_gpio.o
    0x080015ee   0x00000012   Code   RO         1690    i.GPIO_ReadInputDataBit  stm32f4xx_gpio.o
    0x08001600   0x00000004   Code   RO         1693    i.GPIO_ResetBits    stm32f4xx_gpio.o
    0x08001604   0x00000004   Code   RO         1694    i.GPIO_SetBits      stm32f4xx_gpio.o
    0x08001608   0x000000f8   Code   RO          859    i.GetPitchYawGxGyGz  imu.o
    0x08001700   0x00000034   Code   RO          487    i.GetSysTime_us     time.o
    0x08001734   0x0000007c   Code   RO          488    i.Get_Cycle_T       time.o
    0x080017b0   0x00000008   Code   RO          827    i.Get_Time_Micros   timer.o
    0x080017b8   0x0000008c   Code   RO          926    i.HMC5883_Init      mpu6050_driver.o
    0x08001844   0x00000012   Code   RO          927    i.HMC58X3_ReadData  mpu6050_driver.o
    0x08001856   0x00000002   PAD
    0x08001858   0x0000006c   Code   RO          928    i.HMC58X3_getRaw    mpu6050_driver.o
    0x080018c4   0x00000060   Code   RO          930    i.HMC58X3_mgetValues  mpu6050_driver.o
    0x08001924   0x00000158   Code   RO          931    i.HMC58X3_newValues  mpu6050_driver.o
    0x08001a7c   0x00000004   Code   RO          238    i.HardFault_Handler  stm32f4xx_it.o
    0x08001a80   0x00000048   Code   RO         1031    i.IIC_Ack           mpu6050_i2c.o
    0x08001ac8   0x0000001a   Code   RO         1032    i.IIC_Delay         mpu6050_i2c.o
    0x08001ae2   0x00000002   PAD
    0x08001ae4   0x00000030   Code   RO         1033    i.IIC_GPIO_Init     mpu6050_i2c.o
    0x08001b14   0x0000005c   Code   RO         1034    i.IIC_ReadBit       mpu6050_i2c.o
    0x08001b70   0x000000b8   Code   RO         1035    i.IIC_ReadData      mpu6050_i2c.o
    0x08001c28   0x0000002c   Code   RO         1036    i.IIC_SDA_In        mpu6050_i2c.o
    0x08001c54   0x00000028   Code   RO         1037    i.IIC_SDA_Out       mpu6050_i2c.o
    0x08001c7c   0x00000040   Code   RO         1038    i.IIC_Start         mpu6050_i2c.o
    0x08001cbc   0x00000040   Code   RO         1039    i.IIC_Stop          mpu6050_i2c.o
    0x08001cfc   0x00000070   Code   RO         1040    i.IIC_WaitAck       mpu6050_i2c.o
    0x08001d6c   0x00000064   Code   RO         1041    i.IIC_WriteBit      mpu6050_i2c.o
    0x08001dd0   0x00000080   Code   RO         1042    i.IIC_WriteData     mpu6050_i2c.o
    0x08001e50   0x000007c4   Code   RO          860    i.IMU_AHRSupdate    imu.o
    0x08002614   0x0000004c   Code   RO          861    i.IMU_getQ          imu.o
    0x08002660   0x000000cc   Code   RO          862    i.IMU_getValues     imu.o
    0x0800272c   0x0000023c   Code   RO          863    i.IMU_getYawPitchRoll  imu.o
    0x08002968   0x0000005c   Code   RO          419    i.Loop_check        scheduler.o
    0x080029c4   0x000001f4   Code   RO          932    i.MPU6050_DataSave  mpu6050_driver.o
    0x08002bb8   0x00000098   Code   RO          933    i.MPU6050_EnableInt  mpu6050_driver.o
    0x08002c50   0x00000168   Code   RO          934    i.MPU6050_Init      mpu6050_driver.o
    0x08002db8   0x00000014   Code   RO          935    i.MPU6050_Initialize  mpu6050_driver.o
    0x08002dcc   0x00000080   Code   RO         1123    i.MPU6050_IntConfiguration  mpu6050_interrupt.o
    0x08002e4c   0x00000038   Code   RO          936    i.MPU6050_ReadData  mpu6050_driver.o
    0x08002e84   0x00000158   Code   RO          937    i.MPU6050_getMotion6  mpu6050_driver.o
    0x08002fdc   0x00000004   Code   RO          239    i.MemManage_Handler  stm32f4xx_it.o
    0x08002fe0   0x000000f0   Code   RO          747    i.Motor0_Run        gradu_motor.o
    0x080030d0   0x00000040   Code   RO          748    i.Motor0_SetPWM     gradu_motor.o
    0x08003110   0x0000000c   Code   RO          750    i.MotorPWM_Init     gradu_motor.o
    0x0800311c   0x00000008   Code   RO          751    i.MotorPos_Init     gradu_motor.o
    0x08003124   0x00000010   Code   RO          752    i.Motor_Init        gradu_motor.o
    0x08003134   0x00000002   Code   RO          240    i.NMI_Handler       stm32f4xx_it.o
    0x08003136   0x00000002   PAD
    0x08003138   0x00000078   Code   RO         1641    i.NVIC_Init         misc.o
    0x080031b0   0x00000014   Code   RO         1642    i.NVIC_PriorityGroupConfig  misc.o
    0x080031c4   0x00000002   Code   RO          241    i.PendSV_Handler    stm32f4xx_it.o
    0x080031c6   0x00000002   PAD
    0x080031c8   0x00000020   Code   RO         1783    i.RCC_AHB1PeriphClockCmd  stm32f4xx_rcc.o
    0x080031e8   0x00000020   Code   RO         1792    i.RCC_APB1PeriphClockCmd  stm32f4xx_rcc.o
    0x08003208   0x00000020   Code   RO         1795    i.RCC_APB2PeriphClockCmd  stm32f4xx_rcc.o
    0x08003228   0x000000e8   Code   RO         1804    i.RCC_GetClocksFreq  stm32f4xx_rcc.o
    0x08003310   0x00000002   Code   RO          242    i.SVC_Handler       stm32f4xx_it.o
    0x08003312   0x00000002   PAD
    0x08003314   0x00000040   Code   RO         2120    i.SYSCFG_EXTILineConfig  stm32f4xx_syscfg.o
    0x08003354   0x000000ec   Code   RO          333    i.SetSysClock       system_stm32f4xx.o
    0x08003440   0x0000018c   Code   RO          753    i.SineArray_Init    gradu_motor.o
    0x080035cc   0x00000028   Code   RO         1645    i.SysTick_CLKSourceConfig  misc.o
    0x080035f4   0x0000006c   Code   RO          489    i.SysTick_Configuration  time.o
    0x08003660   0x00000018   Code   RO          243    i.SysTick_Handler   stm32f4xx_it.o
    0x08003678   0x00000068   Code   RO          335    i.SystemInit        system_stm32f4xx.o
    0x080036e0   0x0000003c   Code   RO          828    i.TIM2_Configuration  timer.o
    0x0800371c   0x0000001e   Code   RO          829    i.TIM2_IRQHandler   timer.o
    0x0800373a   0x00000002   PAD
    0x0800373c   0x000000f8   Code   RO         1366    i.TIM3_PWM_Init     pwm.o
    0x08003834   0x00000068   Code   RO         1367    i.TIM8_UP_TIM13_IRQHandler  pwm.o
    0x0800389c   0x00000018   Code   RO         2669    i.TIM_ARRPreloadConfig  stm32f4xx_tim.o
    0x080038b4   0x00000006   Code   RO         2675    i.TIM_ClearFlag     stm32f4xx_tim.o
    0x080038ba   0x00000006   Code   RO         2676    i.TIM_ClearITPendingBit  stm32f4xx_tim.o
    0x080038c0   0x00000018   Code   RO         2681    i.TIM_Cmd           stm32f4xx_tim.o
    0x080038d8   0x00000022   Code   RO         2702    i.TIM_GetITStatus   stm32f4xx_tim.o
    0x080038fa   0x00000002   PAD
    0x080038fc   0x0000007c   Code   RO         2710    i.TIM_OC1Init       stm32f4xx_tim.o
    0x08003978   0x00000012   Code   RO         2713    i.TIM_OC1PreloadConfig  stm32f4xx_tim.o
    0x0800398a   0x00000002   PAD
    0x0800398c   0x000000a4   Code   RO         2715    i.TIM_OC2Init       stm32f4xx_tim.o
    0x08003a30   0x0000001a   Code   RO         2718    i.TIM_OC2PreloadConfig  stm32f4xx_tim.o
    0x08003a4a   0x00000002   PAD
    0x08003a4c   0x000000a0   Code   RO         2720    i.TIM_OC3Init       stm32f4xx_tim.o
    0x08003aec   0x00000012   Code   RO         2723    i.TIM_OC3PreloadConfig  stm32f4xx_tim.o
    0x08003afe   0x00000002   PAD
    0x08003b00   0x00000078   Code   RO         2725    i.TIM_OC4Init       stm32f4xx_tim.o
    0x08003b78   0x0000001a   Code   RO         2727    i.TIM_OC4PreloadConfig  stm32f4xx_tim.o
    0x08003b92   0x00000004   Code   RO         2743    i.TIM_SetCompare1   stm32f4xx_tim.o
    0x08003b96   0x00000004   Code   RO         2744    i.TIM_SetCompare2   stm32f4xx_tim.o
    0x08003b9a   0x00000004   Code   RO         2745    i.TIM_SetCompare3   stm32f4xx_tim.o
    0x08003b9e   0x00000002   PAD
    0x08003ba0   0x00000084   Code   RO         2753    i.TIM_TimeBaseInit  stm32f4xx_tim.o
    0x08003c24   0x00000088   Code   RO         1585    i.USART1_IRQHandler  usart.o
    0x08003cac   0x0000005c   Code   RO         1335    i.USART3_IRQHandler  uart.o
    0x08003d08   0x00000018   Code   RO         2177    i.USART_Cmd         stm32f4xx_usart.o
    0x08003d20   0x0000001a   Code   RO         2180    i.USART_GetFlagStatus  stm32f4xx_usart.o
    0x08003d3a   0x00000054   Code   RO         2181    i.USART_GetITStatus  stm32f4xx_usart.o
    0x08003d8e   0x0000004a   Code   RO         2183    i.USART_ITConfig    stm32f4xx_usart.o
    0x08003dd8   0x000000d4   Code   RO         2184    i.USART_Init        stm32f4xx_usart.o
    0x08003eac   0x0000000a   Code   RO         2191    i.USART_ReceiveData  stm32f4xx_usart.o
    0x08003eb6   0x00000008   Code   RO         2194    i.USART_SendData    stm32f4xx_usart.o
    0x08003ebe   0x00000004   Code   RO          244    i.UsageFault_Handler  stm32f4xx_it.o
    0x08003ec2   0x00000030   Code   RO         6583    i.__ARM_fpclassify  m_wm.l(fpclassify.o)
    0x08003ef2   0x00000006   PAD
    0x08003ef8   0x00000360   Code   RO         6452    i.__hardfp_asin     m_wm.l(asin.o)
    0x08004258   0x000002d8   Code   RO         6552    i.__hardfp_atan     m_wm.l(atan.o)
    0x08004530   0x000001f0   Code   RO         6466    i.__hardfp_atan2    m_wm.l(atan2.o)
    0x08004720   0x000000c8   Code   RO         6488    i.__hardfp_sin      m_wm.l(sin.o)
    0x080047e8   0x0000007a   Code   RO         6512    i.__hardfp_sqrt     m_wm.l(sqrt.o)
    0x08004862   0x00000006   PAD
    0x08004868   0x00000438   Code   RO         6604    i.__ieee754_rem_pio2  m_wm.l(rred.o)
    0x08004ca0   0x00000170   Code   RO         6566    i.__kernel_cos      m_wm.l(cos_i.o)
    0x08004e10   0x000000f8   Code   RO         6601    i.__kernel_poly     m_wm.l(poly.o)
    0x08004f08   0x00000130   Code   RO         6612    i.__kernel_sin      m_wm.l(sin_i.o)
    0x08005038   0x00000014   Code   RO         6570    i.__mathlib_dbl_infnan  m_wm.l(dunder.o)
    0x0800504c   0x00000014   Code   RO         6571    i.__mathlib_dbl_infnan2  m_wm.l(dunder.o)
    0x08005060   0x00000020   Code   RO         6572    i.__mathlib_dbl_invalid  m_wm.l(dunder.o)
    0x08005080   0x00000020   Code   RO         6575    i.__mathlib_dbl_underflow  m_wm.l(dunder.o)
    0x080050a0   0x00000004   Code   RO         1586    i._sys_exit         usart.o
    0x080050a4   0x00000010   Code   RO         6554    i.atan              m_wm.l(atan.o)
    0x080050b4   0x0000003c   Code   RO         1527    i.delay_init        delay.o
    0x080050f0   0x00000038   Code   RO         1528    i.delay_ms          delay.o
    0x08005128   0x0000004c   Code   RO         1530    i.delay_xms         delay.o
    0x08005174   0x00000018   Code   RO         6480    i.fabs              m_wm.l(fabs.o)
    0x0800518c   0x0000001c   Code   RO         1587    i.fputc             usart.o
    0x080051a8   0x0000003c   Code   RO          865    i.invSqrt           imu.o
    0x080051e4   0x00000054   Code   RO            3    i.main              main.o
    0x08005238   0x0000006e   Code   RO         6514    i.sqrt              m_wm.l(sqrt.o)
    0x080052a6   0x00000002   PAD
    0x080052a8   0x00000094   Code   RO          490    i.sys_time          time.o
    0x0800533c   0x000000ac   Code   RO         1588    i.uart_init         usart.o
    0x080053e8   0x00000014   Code   RO         1375    i.updateCounter     pwm.o
    0x080053fc   0x00000076   Code   RO          371    i.usart1_niming_report  niming.o
    0x08005472   0x000000c0   Code   RO          372    i.usart1_report_imu  niming.o
    0x08005532   0x00000002   PAD
    0x08005534   0x00000020   Code   RO          373    i.usart1_send_char  niming.o
    0x08005554   0x0000002c   Code   RO         6674    locale$$code        c_w.l(lc_numeric_c.o)
    0x08005580   0x00000018   Code   RO         6416    x$fpl$basic         fz_wm.l(basic.o)
    0x08005598   0x00000062   Code   RO         6418    x$fpl$d2f           fz_wm.l(d2f.o)
    0x080055fa   0x00000002   PAD
    0x080055fc   0x00000150   Code   RO         6420    x$fpl$dadd          fz_wm.l(daddsub_clz.o)
    0x0800574c   0x000002b0   Code   RO         6427    x$fpl$ddiv          fz_wm.l(ddiv.o)
    0x080059fc   0x0000005e   Code   RO         6430    x$fpl$dfix          fz_wm.l(dfix.o)
    0x08005a5a   0x00000002   PAD
    0x08005a5c   0x0000005a   Code   RO         6434    x$fpl$dfixu         fz_wm.l(dfixu.o)
    0x08005ab6   0x0000002e   Code   RO         6439    x$fpl$dflt          fz_wm.l(dflt_clz.o)
    0x08005ae4   0x00000026   Code   RO         6438    x$fpl$dfltu         fz_wm.l(dflt_clz.o)
    0x08005b0a   0x00000002   PAD
    0x08005b0c   0x00000154   Code   RO         6444    x$fpl$dmul          fz_wm.l(dmul.o)
    0x08005c60   0x0000009c   Code   RO         6539    x$fpl$dnaninf       fz_wm.l(dnaninf.o)
    0x08005cfc   0x0000000c   Code   RO         6541    x$fpl$dretinf       fz_wm.l(dretinf.o)
    0x08005d08   0x00000016   Code   RO         6421    x$fpl$drsb          fz_wm.l(daddsub_clz.o)
    0x08005d1e   0x00000002   PAD
    0x08005d20   0x00000198   Code   RO         6545    x$fpl$dsqrt         fz_wm.l(dsqrt_umaal.o)
    0x08005eb8   0x000001d4   Code   RO         6422    x$fpl$dsub          fz_wm.l(daddsub_clz.o)
    0x0800608c   0x00000056   Code   RO         6448    x$fpl$f2d           fz_wm.l(f2d.o)
    0x080060e2   0x0000008c   Code   RO         6547    x$fpl$fnaninf       fz_wm.l(fnaninf.o)
    0x0800616e   0x0000000a   Code   RO         6743    x$fpl$fpinit        fz_wm.l(fpinit.o)
    0x08006178   0x0000000a   Code   RO         6549    x$fpl$fretinf       fz_wm.l(fretinf.o)
    0x08006182   0x00000004   Code   RO         6450    x$fpl$printf1       fz_wm.l(printf1.o)
    0x08006186   0x00000000   Code   RO         6551    x$fpl$usenofp       fz_wm.l(usenofp.o)
    0x08006186   0x00000002   Data   RO          755    .constdata          gradu_motor.o
    0x08006188   0x00000050   Data   RO         6455    .constdata          m_wm.l(asin.o)
    0x080061d8   0x00000098   Data   RO         6555    .constdata          m_wm.l(atan.o)
    0x08006270   0x00000030   Data   RO         6567    .constdata          m_wm.l(cos_i.o)
    0x080062a0   0x00000008   Data   RO         6603    .constdata          m_wm.l(qnan.o)
    0x080062a8   0x000000c8   Data   RO         6606    .constdata          m_wm.l(rred.o)
    0x08006370   0x00000028   Data   RO         6613    .constdata          m_wm.l(sin_i.o)
    0x08006398   0x00000094   Data   RO         6645    .constdata          c_w.l(bigflt0.o)
    0x0800642c   0x00000020   Data   RO         6814    Region$$Table       anon$$obj.o
    0x0800644c   0x0000001c   Data   RO         6673    locale$$data        c_w.l(lc_numeric_c.o)


    Execution Region RW_IRAM1 (Base: 0x20000000, Size: 0x00003270, Max: 0x00020000, ABSOLUTE, COMPRESSED[0x0000001c])

    Base Addr    Size         Type   Attr      Idx    E Section Name        Object

    0x20000000   0x00000028   Data   RW            6    .data               main.o
    0x20000028   0x00000020   Data   RW          422    .data               scheduler.o
    0x20000048   0x00000014   Data   RW          492    .data               time.o
    0x2000005c   0x00000004   Data   RW          738    .data               drv_irq.o
    0x20000060   0x0000001e   Data   RW          756    .data               gradu_motor.o
    0x2000007e   0x00000002   PAD
    0x20000080   0x00000070   Data   RW          867    .data               imu.o
    0x200000f0   0x00000018   Data   RW          940    .data               mpu6050_driver.o
    0x20000108   0x00000001   Data   RW         1124    .data               mpu6050_interrupt.o
    0x20000109   0x00000002   Data   RW         1167    .data               driver_esp8266.o
    0x2000010b   0x00000001   PAD
    0x2000010c   0x00000003   Data   RW         1336    .data               uart.o
    0x2000010f   0x00000001   PAD
    0x20000110   0x00000004   Data   RW         1531    .data               delay.o
    0x20000114   0x00000006   Data   RW         1590    .data               usart.o
    0x2000011a   0x00000010   Data   RW         1836    .data               stm32f4xx_rcc.o
    0x2000012a   0x00000002   PAD
    0x2000012c   0x00001024   Zero   RW          420    .bss                scheduler.o
    0x20001150   0x0000003c   Zero   RW          491    .bss                time.o
    0x2000118c   0x00000848   Zero   RW          614    .bss                svpwm.o
    0x200019d4   0x00001000   Zero   RW          754    .bss                gradu_motor.o
    0x200029d4   0x00000040   Zero   RW          866    .bss                imu.o
    0x20002a14   0x0000012e   Zero   RW          939    .bss                mpu6050_driver.o
    0x20002b42   0x000000c8   Zero   RW         1589    .bss                usart.o
    0x20002c0a   0x00000002   PAD
    0x20002c0c   0x00000060   Zero   RW         6525    .bss                c_w.l(libspace.o)
    0x20002c6c   0x00000004   PAD
    0x20002c70   0x00000200   Zero   RW         1633    HEAP                startup_stm32f40_41xxx.o
    0x20002e70   0x00000400   Zero   RW         1632    STACK               startup_stm32f40_41xxx.o


==============================================================================

Image component sizes


      Code (inc. data)   RO Data    RW Data    ZI Data      Debug   Object Name

       192         12          0          4          0       1888   delay.o
         0          0          0          2          0       1096   driver_esp8266.o
         0          0          0          4          0        244   drv_irq.o
       736         98          2         30       4096       3719   gradu_motor.o
      3148        240          0        112         64       5947   imu.o
        84         12          0         40          0     298360   main.o
       180         24          0          0          0       2001   misc.o
      2138        308          0         24        302      13353   mpu6050_driver.o
       974        132          0          0          0       7950   mpu6050_i2c.o
       152          4          0          1          0       1457   mpu6050_interrupt.o
       342          4          0          0          0       2518   niming.o
       372         26          0          0          0       2003   pwm.o
       488         54          0         32       4132       5048   scheduler.o
        64         26        392          0       1536        824   startup_stm32f40_41xxx.o
        98         14          0          0          0       3442   stm32f4xx_dma.o
       196         22          0          0          0       2521   stm32f4xx_exti.o
       240          0          0          0          0       3407   stm32f4xx_gpio.o
        48          6          0          0          0       3934   stm32f4xx_it.o
       328         36          0         16          0       4511   stm32f4xx_rcc.o
        64          4          0          0          0        636   stm32f4xx_syscfg.o
       894         66          0          0          0      10896   stm32f4xx_tim.o
       438          8          0          0          0       5313   stm32f4xx_usart.o
         0          0          0          0       2120       1828   svpwm.o
       340         32          0          0          0       1417   system_stm32f4xx.o
       454         42          0         20         60      30205   time.o
        98          0          0          0          0       1397   timer.o
        92         20          0          3          0        690   uart.o
       340         28          0          6        200       4148   usart.o

    ----------------------------------------------------------------------
     12528       1218        426        300      12512     420753   Object Totals
         0          0         32          0          0          0   (incl. Generated)
        28          0          0          6          2          0   (incl. Padding)

    ----------------------------------------------------------------------

      Code (inc. data)   RO Data    RW Data    ZI Data      Debug   Library Member Name

        90          0          0          0          0          0   __dczerorl2.o
         8          0          0          0          0         68   __main.o
       104          0          0          0          0         84   __printf.o
         0          0          0          0          0          0   __rtentry.o
        12          0          0          0          0          0   __rtentry2.o
         6          0          0          0          0          0   __rtentry4.o
        52          8          0          0          0          0   __scatter.o
        28          0          0          0          0          0   __scatter_zi.o
        48          6          0          0          0         96   _printf_char_common.o
        36          4          0          0          0         80   _printf_char_file.o
         6          0          0          0          0          0   _printf_f.o
      1050          0          0          0          0        216   _printf_fp_dec.o
       128         16          0          0          0         84   _printf_fp_infnan.o
         0          0          0          0          0          0   _printf_percent.o
         4          0          0          0          0          0   _printf_percent_end.o
        22          0          0          0          0        100   _rserrno.o
       220          4        148          0          0         96   bigflt0.o
      1910        128          0          0          0        672   btod.o
        18          0          0          0          0         80   exit.o
         8          0          0          0          0         68   ferror.o
         6          0          0          0          0        152   heapauxi.o
        44         10         28          0          0         76   lc_numeric_c.o
         2          0          0          0          0          0   libinit.o
        22          0          0          0          0          0   libinit2.o
         2          0          0          0          0          0   libshutdown.o
         2          0          0          0          0          0   libshutdown2.o
         8          4          0          0         96         68   libspace.o
       138          0          0          0          0         80   lludiv10.o
        24          4          0          0          0         84   noretval__2printf.o
         8          4          0          0          0         68   rt_errno_addr_intlibspace.o
         8          4          0          0          0         68   rt_locale_intlibspace.o
         2          0          0          0          0          0   rtexit.o
        10          0          0          0          0          0   rtexit2.o
       128          0          0          0          0         68   strcmpv7m.o
        74          0          0          0          0         80   sys_stackheap_outer.o
         2          0          0          0          0         68   use_no_semi.o
         2          0          0          0          0         68   use_no_semi_2.o
        24          0          0          0          0        164   basic.o
        98          4          0          0          0        140   d2f.o
       826         16          0          0          0        492   daddsub_clz.o
       688        140          0          0          0        256   ddiv.o
        94          4          0          0          0        140   dfix.o
        90          4          0          0          0        140   dfixu.o
        84          0          0          0          0        232   dflt_clz.o
       340         12          0          0          0        152   dmul.o
       156          4          0          0          0        140   dnaninf.o
        12          0          0          0          0        116   dretinf.o
       408         56          0          0          0        168   dsqrt_umaal.o
        86          4          0          0          0        132   f2d.o
       140          4          0          0          0        132   fnaninf.o
        10          0          0          0          0        116   fpinit.o
        10          0          0          0          0        116   fretinf.o
         4          0          0          0          0        116   printf1.o
         0          0          0          0          0          0   usenofp.o
       864         94         80          0          0        280   asin.o
       744        106        152          0          0        352   atan.o
       496         64          0          0          0        192   atan2.o
       368         46         48          0          0        200   cos_i.o
       104         16          0          0          0        496   dunder.o
        24          0          0          0          0        124   fabs.o
        48          0          0          0          0        124   fpclassify.o
       248          0          0          0          0        152   poly.o
         0          0          8          0          0          0   qnan.o
      1080        142        200          0          0        188   rred.o
       200         20          0          0          0        164   sin.o
       304         24         40          0          0        208   sin_i.o
       232          0          0          0          0        296   sqrt.o

    ----------------------------------------------------------------------
     12046        952        704          0        100       8052   Library Totals
        32          0          0          0          4          0   (incl. Padding)

    ----------------------------------------------------------------------

      Code (inc. data)   RO Data    RW Data    ZI Data      Debug   Library Name

      4232        192        176          0         96       2524   c_w.l
      3070        248          0          0          0       2752   fz_wm.l
      4712        512        528          0          0       2776   m_wm.l

    ----------------------------------------------------------------------
     12046        952        704          0        100       8052   Library Totals

    ----------------------------------------------------------------------

==============================================================================


      Code (inc. data)   RO Data    RW Data    ZI Data      Debug   

     24574       2170       1130        300      12612     412453   Grand Totals
     24574       2170       1130         28      12612     412453   ELF Image Totals (compressed)
     24574       2170       1130         28          0          0   ROM Totals

==============================================================================

    Total RO  Size (Code + RO Data)                25704 (  25.10kB)
    Total RW  Size (RW Data + ZI Data)             12912 (  12.61kB)
    Total ROM Size (Code + RO Data + RW Data)      25732 (  25.13kB)

==============================================================================

